Component: ARM Compiler 5.06 update 7 (build 960) Tool: armlink [4d3601]

==============================================================================

Section Cross References

    startup_stm32h743xx.o(STACK) refers (Special) to heapauxi.o(.text) for __use_two_region_memory
    startup_stm32h743xx.o(HEAP) refers (Special) to heapauxi.o(.text) for __use_two_region_memory
    startup_stm32h743xx.o(RESET) refers (Special) to heapauxi.o(.text) for __use_two_region_memory
    startup_stm32h743xx.o(RESET) refers to startup_stm32h743xx.o(STACK) for __initial_sp
    startup_stm32h743xx.o(RESET) refers to startup_stm32h743xx.o(.text) for Reset_Handler
    startup_stm32h743xx.o(RESET) refers to stm32h7xx_it.o(i.NMI_Handler) for NMI_Handler
    startup_stm32h743xx.o(RESET) refers to stm32h7xx_it.o(i.HardFault_Handler) for HardFault_Handler
    startup_stm32h743xx.o(RESET) refers to stm32h7xx_it.o(i.MemManage_Handler) for MemManage_Handler
    startup_stm32h743xx.o(RESET) refers to stm32h7xx_it.o(i.BusFault_Handler) for BusFault_Handler
    startup_stm32h743xx.o(RESET) refers to stm32h7xx_it.o(i.UsageFault_Handler) for UsageFault_Handler
    startup_stm32h743xx.o(RESET) refers to port.o(.emb_text) for SVC_Handler
    startup_stm32h743xx.o(RESET) refers to stm32h7xx_it.o(i.DebugMon_Handler) for DebugMon_Handler
    startup_stm32h743xx.o(RESET) refers to port.o(i.SysTick_Handler) for SysTick_Handler
    startup_stm32h743xx.o(RESET) refers to stm32h7xx_it.o(i.DMA1_Stream0_IRQHandler) for DMA1_Stream0_IRQHandler
    startup_stm32h743xx.o(RESET) refers to stm32h7xx_it.o(i.DMA1_Stream1_IRQHandler) for DMA1_Stream1_IRQHandler
    startup_stm32h743xx.o(RESET) refers to stm32h7xx_it.o(i.DMA1_Stream2_IRQHandler) for DMA1_Stream2_IRQHandler
    startup_stm32h743xx.o(RESET) refers to stm32h7xx_it.o(i.DMA1_Stream3_IRQHandler) for DMA1_Stream3_IRQHandler
    startup_stm32h743xx.o(RESET) refers to stm32h7xx_it.o(i.DMA1_Stream4_IRQHandler) for DMA1_Stream4_IRQHandler
    startup_stm32h743xx.o(RESET) refers to stm32h7xx_it.o(i.DMA1_Stream5_IRQHandler) for DMA1_Stream5_IRQHandler
    startup_stm32h743xx.o(RESET) refers to stm32h7xx_it.o(i.DMA1_Stream6_IRQHandler) for DMA1_Stream6_IRQHandler
    startup_stm32h743xx.o(RESET) refers to stm32h7xx_it.o(i.TIM4_IRQHandler) for TIM4_IRQHandler
    startup_stm32h743xx.o(RESET) refers to stm32h7xx_it.o(i.USART1_IRQHandler) for USART1_IRQHandler
    startup_stm32h743xx.o(RESET) refers to stm32h7xx_it.o(i.USART2_IRQHandler) for USART2_IRQHandler
    startup_stm32h743xx.o(RESET) refers to stm32h7xx_it.o(i.USART3_IRQHandler) for USART3_IRQHandler
    startup_stm32h743xx.o(RESET) refers to stm32h7xx_it.o(i.DMA1_Stream7_IRQHandler) for DMA1_Stream7_IRQHandler
    startup_stm32h743xx.o(RESET) refers to stm32h7xx_it.o(i.UART4_IRQHandler) for UART4_IRQHandler
    startup_stm32h743xx.o(RESET) refers to stm32h7xx_it.o(i.UART5_IRQHandler) for UART5_IRQHandler
    startup_stm32h743xx.o(RESET) refers to stm32h7xx_it.o(i.TIM6_DAC_IRQHandler) for TIM6_DAC_IRQHandler
    startup_stm32h743xx.o(RESET) refers to stm32h7xx_it.o(i.DMA2_Stream0_IRQHandler) for DMA2_Stream0_IRQHandler
    startup_stm32h743xx.o(RESET) refers to stm32h7xx_it.o(i.DMA2_Stream1_IRQHandler) for DMA2_Stream1_IRQHandler
    startup_stm32h743xx.o(RESET) refers to stm32h7xx_it.o(i.TIM17_IRQHandler) for TIM17_IRQHandler
    startup_stm32h743xx.o(.text) refers (Special) to heapauxi.o(.text) for __use_two_region_memory
    startup_stm32h743xx.o(.text) refers to system_stm32h7xx.o(i.SystemInit) for SystemInit
    startup_stm32h743xx.o(.text) refers to __main.o(!!!main) for __main
    startup_stm32h743xx.o(.text) refers to startup_stm32h743xx.o(HEAP) for Heap_Mem
    startup_stm32h743xx.o(.text) refers to startup_stm32h743xx.o(STACK) for Stack_Mem
    main.o(i.HAL_TIM_PeriodElapsedCallback) refers to stm32h7xx_hal.o(i.HAL_IncTick) for HAL_IncTick
    main.o(i.SystemClock_Config) refers to rt_memclr_w.o(.text) for __aeabi_memclr4
    main.o(i.SystemClock_Config) refers to stm32h7xx_hal_pwr_ex.o(i.HAL_PWREx_ConfigSupply) for HAL_PWREx_ConfigSupply
    main.o(i.SystemClock_Config) refers to stm32h7xx_hal_rcc.o(i.HAL_RCC_OscConfig) for HAL_RCC_OscConfig
    main.o(i.SystemClock_Config) refers to main.o(i.Error_Handler) for Error_Handler
    main.o(i.SystemClock_Config) refers to stm32h7xx_hal_rcc.o(i.HAL_RCC_ClockConfig) for HAL_RCC_ClockConfig
    main.o(i.main) refers to stm32h7xx_hal.o(i.HAL_Init) for HAL_Init
    main.o(i.main) refers to main.o(i.SystemClock_Config) for SystemClock_Config
    main.o(i.main) refers to gpio.o(i.MX_GPIO_Init) for MX_GPIO_Init
    main.o(i.main) refers to usart.o(i.MX_UART4_Init) for MX_UART4_Init
    main.o(i.main) refers to dma.o(i.MX_DMA_Init) for MX_DMA_Init
    main.o(i.main) refers to usart.o(i.MX_USART3_UART_Init) for MX_USART3_UART_Init
    main.o(i.main) refers to usart.o(i.MX_UART5_Init) for MX_UART5_Init
    main.o(i.main) refers to tim.o(i.MX_TIM4_Init) for MX_TIM4_Init
[...]
    .bss                                     0x24000d48   Section      596  freertos.o(.bss)
    xIdleTaskTCBBuffer                       0x24000d48   Data          84  freertos.o(.bss)
    xIdleStack                               0x24000d9c   Data         512  freertos.o(.bss)
    .bss                                     0x24000f9c   Section      152  tim.o(.bss)
    .bss                                     0x24001034   Section     1920  usart.o(.bss)
    .bss                                     0x240017b4   Section       76  stm32h7xx_hal_timebase_tim.o(.bss)
    .bss                                     0x24001800   Section      240  tasks.o(.bss)
    pxReadyTasksLists                        0x24001800   Data         140  tasks.o(.bss)
    xDelayedTaskList1                        0x2400188c   Data          20  tasks.o(.bss)
    xDelayedTaskList2                        0x240018a0   Data          20  tasks.o(.bss)
    xPendingReadyList                        0x240018b4   Data          20  tasks.o(.bss)
    xTasksWaitingTermination                 0x240018c8   Data          20  tasks.o(.bss)
    xSuspendedTaskList                       0x240018dc   Data          20  tasks.o(.bss)
    .bss                                     0x240018f0   Section    15360  heap_4.o(.bss)
    ucHeap                                   0x240018f0   Data       15360  heap_4.o(.bss)
    .bss                                     0x240054f0   Section     1336  user_servo.o(.bss)
    .bss                                     0x24005a28   Section    29108  action_library.o(.bss)
    .bss                                     0x2400cbdc   Section       95  user_tasks.o(.bss)
    .bss                                     0x2400cc3c   Section       96  libspace.o(.bss)
    HEAP                                     0x2400cca0   Section      512  startup_stm32h743xx.o(HEAP)
    Heap_Mem                                 0x2400cca0   Data         512  startup_stm32h743xx.o(HEAP)
    STACK                                    0x2400cea0   Section     1024  startup_stm32h743xx.o(STACK)
    Stack_Mem                                0x2400cea0   Data        1024  startup_stm32h743xx.o(STACK)
    __initial_sp                             0x2400d2a0   Data           0  startup_stm32h743xx.o(STACK)

    Global Symbols

    Symbol Name                              Value     Ov Type        Size  Object(Section)

    BuildAttributes$$THM_ISAv4$E$P$D$K$B$S$7EM$VFPv5_D16$PE$PLD8$A:L22UL41UL21$X:L11$S22US41US21$IEEE1$IW$USESV6$~STKCKD$USESV7$~SHL$OTIME$ROPI$IEEEX$EBA8$UX$STANDARDLIB$REQ8$PRES8$EABIv2 0x00000000   Number         0  anon$$obj.o ABSOLUTE
    __ARM_use_no_argv                        0x00000000   Number         0  main.o ABSOLUTE
    __ARM_exceptions_init                     - Undefined Weak Reference
    __alloca_initialize                       - Undefined Weak Reference
    __arm_fini_                               - Undefined Weak Reference
    __arm_preinit_                            - Undefined Weak Reference
    __cpp_initialize__aeabi_                  - Undefined Weak Reference
    __cxa_finalize                            - Undefined Weak Reference
    __rt_locale                               - Undefined Weak Reference
    __sigvec_lookup                           - Undefined Weak Reference
    _atexit_init                              - Undefined Weak Reference
    _call_atexit_fns                          - Undefined Weak Reference
    _clock_init                               - Undefined Weak Reference
    _fp_trap_init                             - Undefined Weak Reference
    _fp_trap_shutdown                         - Undefined Weak Reference
    _get_lc_collate                           - Undefined Weak Reference
    _get_lc_ctype                             - Undefined Weak Reference
    _get_lc_monetary                          - Undefined Weak Reference
    _get_lc_numeric                           - Undefined Weak Reference
    _get_lc_time                              - Undefined Weak Reference
    _getenv_init                              - Undefined Weak Reference
    _handle_redirection                       - Undefined Weak Reference
    _init_alloc                               - Undefined Weak Reference
    _init_user_alloc                          - Undefined Weak Reference
    _initio                                   - Undefined Weak Reference
    _mutex_acquire                            - Undefined Weak Reference
    _mutex_release                            - Undefined Weak Reference
    _printf_post_padding                      - Undefined Weak Reference
    _printf_pre_padding                       - Undefined Weak Reference
    _printf_truncate_signed                   - Undefined Weak Reference
    _printf_truncate_unsigned                 - Undefined Weak Reference
    _rand_init                                - Undefined Weak Reference
    _signal_finish                            - Undefined Weak Reference
    _signal_init                              - Undefined Weak Reference
    _terminate_alloc                          - Undefined Weak Reference
    _terminate_user_alloc                     - Undefined Weak Reference
    _terminateio                              - Undefined Weak Reference
    __Vectors_Size                           0x00000298   Number         0  startup_stm32h743xx.o ABSOLUTE
    __Vectors                                0x08000000   Data           4  startup_stm32h743xx.o(RESET)
    __Vectors_End                            0x08000298   Data           0  startup_stm32h743xx.o(RESET)
    __main                                   0x08000299   Thumb Code     8  __main.o(!!!main)
    __scatterload                            0x080002a1   Thumb Code     0  __scatter.o(!!!scatter)
    __scatterload_rt2                        0x080002a1   Thumb Code    44  __scatter.o(!!!scatter)
    __scatterload_rt2_thumb_only             0x080002a1   Thumb Code     0  __scatter.o(!!!scatter)
    __scatterload_null                       0x080002af   Thumb Code     0  __scatter.o(!!!scatter)
    __decompress                             0x080002d5   Thumb Code    90  __dczerorl2.o(!!dczerorl2)
    __decompress1                            0x080002d5   Thumb Code     0  __dczerorl2.o(!!dczerorl2)
    __scatterload_zeroinit                   0x08000331   Thumb Code    28  __scatter_zi.o(!!handler_zi)
    _printf_d                                0x0800034d   Thumb Code     0  _printf_d.o(.ARM.Collect$$_printf_percent$$00000009)
    _printf_percent                          0x0800034d   Thumb Code     0  _printf_percent.o(.ARM.Collect$$_printf_percent$$00000000)
    _printf_percent_end                      0x08000353   Thumb Code     0  _printf_percent_end.o(.ARM.Collect$$_printf_percent$$00000017)
    __rt_lib_init                            0x08000357   Thumb Code     0  libinit.o(.ARM.Collect$$libinit$$00000000)
    __rt_lib_init_fp_1                       0x08000359   Thumb Code     0  libinit2.o(.ARM.Collect$$libinit$$00000001)
    __rt_lib_init_alloca_1                   0x0800035d   Thumb Code     0  libinit2.o(.ARM.Collect$$libinit$$0000002E)
    __rt_lib_init_argv_1                     0x0800035d   Thumb Code     0  libinit2.o(.ARM.Collect$$libinit$$0000002C)
    __rt_lib_init_atexit_1                   0x0800035d   Thumb Code     0  libinit2.o(.ARM.Collect$$libinit$$0000001B)
    __rt_lib_init_clock_1                    0x0800035d   Thumb Code     0  libinit2.o(.ARM.Collect$$libinit$$00000021)
    __rt_lib_init_cpp_1                      0x0800035d   Thumb Code     0  libinit2.o(.ARM.Collect$$libinit$$00000032)
    __rt_lib_init_exceptions_1               0x0800035d   Thumb Code     0  libinit2.o(.ARM.Collect$$libinit$$00000030)
    __rt_lib_init_fp_trap_1                  0x0800035d   Thumb Code     0  libinit2.o(.ARM.Collect$$libinit$$0000001F)
    __rt_lib_init_getenv_1                   0x0800035d   Thumb Code     0  libinit2.o(.ARM.Collect$$libinit$$00000023)
    __rt_lib_init_heap_1                     0x0800035d   Thumb Code     0  libinit2.o(.ARM.Collect$$libinit$$0000000A)
    __rt_lib_init_lc_collate_1               0x0800035d   Thumb Code     0  libinit2.o(.ARM.Collect$$libinit$$00000011)
    __rt_lib_init_lc_ctype_1                 0x0800035d   Thumb Code     0  libinit2.o(.ARM.Collect$$libinit$$00000013)
    __rt_lib_init_lc_monetary_1              0x0800035d   Thumb Code     0  libinit2.o(.ARM.Collect$$libinit$$00000015)
    __rt_lib_init_lc_numeric_1               0x0800035d   Thumb Code     0  libinit2.o(.ARM.Collect$$libinit$$00000017)
    __rt_lib_init_lc_time_1                  0x0800035d   Thumb Code     0  libinit2.o(.ARM.Collect$$libinit$$00000019)
    __rt_lib_init_preinit_1                  0x0800035d   Thumb Code     0  libinit2.o(.ARM.Collect$$libinit$$00000004)
    __rt_lib_init_rand_1                     0x0800035d   Thumb Code     0  libinit2.o(.ARM.Collect$$libinit$$0000000E)
    __rt_lib_init_return                     0x0800035d   Thumb Code     0  libinit2.o(.ARM.Collect$$libinit$$00000033)
    __rt_lib_init_signal_1                   0x0800035d   Thumb Code     0  libinit2.o(.ARM.Collect$$libinit$$0000001D)
    __rt_lib_init_stdio_1                    0x0800035d   Thumb Code     0  libinit2.o(.ARM.Collect$$libinit$$00000025)
    __rt_lib_init_user_alloc_1               0x0800035d   Thumb Code     0  libinit2.o(.ARM.Collect$$libinit$$0000000C)
    __rt_lib_shutdown                        0x0800035f   Thumb Code     0  libshutdown.o(.ARM.Collect$$libshutdown$$00000000)
    __rt_lib_shutdown_cpp_1                  0x08000361   Thumb Code     0  libshutdown2.o(.ARM.Collect$$libshutdown$$00000004)
    __rt_lib_shutdown_fini_1                 0x08000361   Thumb Code     0  libshutdown2.o(.ARM.Collect$$libshutdown$$00000002)
    __rt_lib_shutdown_fp_trap_1              0x08000361   Thumb Code     0  libshutdown2.o(.ARM.Collect$$libshutdown$$00000009)
    __rt_lib_shutdown_heap_1                 0x08000361   Thumb Code     0  libshutdown2.o(.ARM.Collect$$libshutdown$$00000011)
    __rt_lib_shutdown_return                 0x08000361   Thumb Code     0  libshutdown2.o(.ARM.Collect$$libshutdown$$00000012)
    __rt_lib_shutdown_signal_1               0x08000361   Thumb Code     0  libshutdown2.o(.ARM.Collect$$libshutdown$$0000000C)
    __rt_lib_shutdown_stdio_1                0x08000361   Thumb Code     0  libshutdown2.o(.ARM.Collect$$libshutdown$$00000006)
    __rt_lib_shutdown_user_alloc_1           0x08000361   Thumb Code     0  libshutdown2.o(.ARM.Collect$$libshutdown$$0000000E)
    __rt_entry                               0x08000363   Thumb Code     0  __rtentry.o(.ARM.Collect$$rtentry$$00000000)
    __rt_entry_presh_1                       0x08000363   Thumb Code     0  __rtentry2.o(.ARM.Collect$$rtentry$$00000002)
    __rt_entry_sh                            0x08000363   Thumb Code     0  __rtentry4.o(.ARM.Collect$$rtentry$$00000004)
    __rt_entry_li                            0x08000369   Thumb Code     0  __rtentry2.o(.ARM.Collect$$rtentry$$0000000A)
    __rt_entry_postsh_1                      0x08000369   Thumb Code     0  __rtentry2.o(.ARM.Collect$$rtentry$$00000009)
    __rt_entry_main                          0x0800036d   Thumb Code     0  __rtentry2.o(.ARM.Collect$$rtentry$$0000000D)
    __rt_entry_postli_1                      0x0800036d   Thumb Code     0  __rtentry2.o(.ARM.Collect$$rtentry$$0000000C)
    __rt_exit                                0x08000375   Thumb Code     0  rtexit.o(.ARM.Collect$$rtexit$$00000000)
    __rt_exit_ls                             0x08000377   Thumb Code     0  rtexit2.o(.ARM.Collect$$rtexit$$00000003)
    __rt_exit_prels_1                        0x08000377   Thumb Code     0  rtexit2.o(.ARM.Collect$$rtexit$$00000002)
    __rt_exit_exit                           0x0800037b   Thumb Code     0  rtexit2.o(.ARM.Collect$$rtexit$$00000004)
    SVC_Handler                              0x08000381   Thumb Code    28  port.o(.emb_text)
    __asm___6_port_c_39a90d8d__prvStartFirstTask 0x080003a1   Thumb Code    36  port.o(.emb_text)
    __asm___6_port_c_39a90d8d__prvEnableVFP  0x080003c9   Thumb Code    16  port.o(.emb_text)
    PendSV_Handler                           0x080003dd   Thumb Code    88  port.o(.emb_text)
    vPortGetIPSR                             0x08000439   Thumb Code     6  port.o(.emb_text)
    Reset_Handler                            0x08000441   Thumb Code     8  startup_stm32h743xx.o(.text)
    ADC3_IRQHandler                          0x0800045b   Thumb Code     0  startup_stm32h743xx.o(.text)
    ADC_IRQHandler                           0x0800045b   Thumb Code     0  startup_stm32h743xx.o(.text)
    BDMA_Channel0_IRQHandler                 0x0800045b   Thumb Code     0  startup_stm32h743xx.o(.text)
    BDMA_Channel1_IRQHandler                 0x0800045b   Thumb Code     0  startup_stm32h743xx.o(.text)
    BDMA_Channel2_IRQHandler                 0x0800045b   Thumb Code     0  startup_stm32h743xx.o(.text)
    BDMA_Channel3_IRQHandler                 0x0800045b   Thumb Code     0  startup_stm32h743xx.o(.text)
    BDMA_Channel4_IRQHandler                 0x0800045b   Thumb Code     0  startup_stm32h743xx.o(.text)
    BDMA_Channel5_IRQHandler                 0x0800045b   Thumb Code     0  startup_stm32h743xx.o(.text)
    BDMA_Channel6_IRQHandler                 0x0800045b   Thumb Code     0  startup_stm32h743xx.o(.text)
    BDMA_Channel7_IRQHandler                 0x0800045b   Thumb Code     0  startup_stm32h743xx.o(.text)
    CEC_IRQHandler                           0x0800045b   Thumb Code     0  startup_stm32h743xx.o(.text)
    COMP1_IRQHandler                         0x0800045b   Thumb Code     0  startup_stm32h743xx.o(.text)
    CRS_IRQHandler                           0x0800045b   Thumb Code     0  startup_stm32h743xx.o(.text)
    DCMI_IRQHandler                          0x0800045b   Thumb Code     0  startup_stm32h743xx.o(.text)
    DFSDM1_FLT0_IRQHandler                   0x0800045b   Thumb Code     0  startup_stm32h743xx.o(.text)
    DFSDM1_FLT1_IRQHandler                   0x0800045b   Thumb Code     0  startup_stm32h743xx.o(.text)
    DFSDM1_FLT2_IRQHandler                   0x0800045b   Thumb Code     0  startup_stm32h743xx.o(.text)
    DFSDM1_FLT3_IRQHandler                   0x0800045b   Thumb Code     0  startup_stm32h743xx.o(.text)
    DMA2D_IRQHandler                         0x0800045b   Thumb Code     0  startup_stm32h743xx.o(.text)
    DMA2_Stream2_IRQHandler                  0x0800045b   Thumb Code     0  startup_stm32h743xx.o(.text)
    DMA2_Stream3_IRQHandler                  0x0800045b   Thumb Code     0  startup_stm32h743xx.o(.text)
    DMA2_Stream4_IRQHandler                  0x0800045b   Thumb Code     0  startup_stm32h743xx.o(.text)
    DMA2_Stream5_IRQHandler                  0x0800045b   Thumb Code     0  startup_stm32h743xx.o(.text)
    DMA2_Stream6_IRQHandler                  0x0800045b   Thumb Code     0  startup_stm32h743xx.o(.text)
    DMA2_Stream7_IRQHandler                  0x0800045b   Thumb Code     0  startup_stm32h743xx.o(.text)
    DMAMUX1_OVR_IRQHandler                   0x0800045b   Thumb Code     0  startup_stm32h743xx.o(.text)
    DMAMUX2_OVR_IRQHandler                   0x0800045b   Thumb Code     0  startup_stm32h743xx.o(.text)
    ECC_IRQHandler                           0x0800045b   Thumb Code     0  startup_stm32h743xx.o(.text)
    ETH_IRQHandler                           0x0800045b   Thumb Code     0  startup_stm32h743xx.o(.text)
    ETH_WKUP_IRQHandler                      0x0800045b   Thumb Code     0  startup_stm32h743xx.o(.text)
    EXTI0_IRQHandler                         0x0800045b   Thumb Code     0  startup_stm32h743xx.o(.text)
    EXTI15_10_IRQHandler                     0x0800045b   Thumb Code     0  startup_stm32h743xx.o(.text)
    EXTI1_IRQHandler                         0x0800045b   Thumb Code     0  startup_stm32h743xx.o(.text)
    EXTI2_IRQHandler                         0x0800045b   Thumb Code     0  startup_stm32h743xx.o(.text)
    EXTI3_IRQHandler                         0x0800045b   Thumb Code     0  startup_stm32h743xx.o(.text)
    EXTI4_IRQHandler                         0x0800045b   Thumb Code     0  startup_stm32h743xx.o(.text)
    EXTI9_5_IRQHandler                       0x0800045b   Thumb Code     0  startup_stm32h743xx.o(.text)
    FDCAN1_IT0_IRQHandler                    0x0800045b   Thumb Code     0  startup_stm32h743xx.o(.text)
    FDCAN1_IT1_IRQHandler                    0x0800045b   Thumb Code     0  startup_stm32h743xx.o(.text)
    FDCAN2_IT0_IRQHandler                    0x0800045b   Thumb Code     0  startup_stm32h743xx.o(.text)
    FDCAN2_IT1_IRQHandler                    0x0800045b   Thumb Code     0  startup_stm32h743xx.o(.text)
    FDCAN_CAL_IRQHandler                     0x0800045b   Thumb Code     0  startup_stm32h743xx.o(.text)
    FLASH_IRQHandler                         0x0800045b   Thumb Code     0  startup_stm32h743xx.o(.text)
    FMC_IRQHandler                           0x0800045b   Thumb Code     0  startup_stm32h743xx.o(.text)
    FPU_IRQHandler                           0x0800045b   Thumb Code     0  startup_stm32h743xx.o(.text)
    HRTIM1_FLT_IRQHandler                    0x0800045b   Thumb Code     0  startup_stm32h743xx.o(.text)
    HRTIM1_Master_IRQHandler                 0x0800045b   Thumb Code     0  startup_stm32h743xx.o(.text)
    HRTIM1_TIMA_IRQHandler                   0x0800045b   Thumb Code     0  startup_stm32h743xx.o(.text)
    HRTIM1_TIMB_IRQHandler                   0x0800045b   Thumb Code     0  startup_stm32h743xx.o(.text)
    HRTIM1_TIMC_IRQHandler                   0x0800045b   Thumb Code     0  startup_stm32h743xx.o(.text)
    HRTIM1_TIMD_IRQHandler                   0x0800045b   Thumb Code     0  startup_stm32h743xx.o(.text)
    HRTIM1_TIME_IRQHandler                   0x0800045b   Thumb Code     0  startup_stm32h743xx.o(.text)
    HSEM1_IRQHandler                         0x0800045b   Thumb Code     0  startup_stm32h743xx.o(.text)
    I2C1_ER_IRQHandler                       0x0800045b   Thumb Code     0  startup_stm32h743xx.o(.text)
    I2C1_EV_IRQHandler                       0x0800045b   Thumb Code     0  startup_stm32h743xx.o(.text)
    I2C2_ER_IRQHandler                       0x0800045b   Thumb Code     0  startup_stm32h743xx.o(.text)
    I2C2_EV_IRQHandler                       0x0800045b   Thumb Code     0  startup_stm32h743xx.o(.text)
    I2C3_ER_IRQHandler                       0x0800045b   Thumb Code     0  startup_stm32h743xx.o(.text)
    I2C3_EV_IRQHandler                       0x0800045b   Thumb Code     0  startup_stm32h743xx.o(.text)
    I2C4_ER_IRQHandler                       0x0800045b   Thumb Code     0  startup_stm32h743xx.o(.text)
    I2C4_EV_IRQHandler                       0x0800045b   Thumb Code     0  startup_stm32h743xx.o(.text)
    JPEG_IRQHandler                          0x0800045b   Thumb Code     0  startup_stm32h743xx.o(.text)
    LPTIM1_IRQHandler                        0x0800045b   Thumb Code     0  startup_stm32h743xx.o(.text)
    LPTIM2_IRQHandler                        0x0800045b   Thumb Code     0  startup_stm32h743xx.o(.text)
    LPTIM3_IRQHandler                        0x0800045b   Thumb Code     0  startup_stm32h743xx.o(.text)
    LPTIM4_IRQHandler                        0x0800045b   Thumb Code     0  startup_stm32h743xx.o(.text)
    LPTIM5_IRQHandler                        0x0800045b   Thumb Code     0  startup_stm32h743xx.o(.text)
    LPUART1_IRQHandler                       0x0800045b   Thumb Code     0  startup_stm32h743xx.o(.text)
    LTDC_ER_IRQHandler                       0x0800045b   Thumb Code     0  startup_stm32h743xx.o(.text)
    LTDC_IRQHandler                          0x0800045b   Thumb Code     0  startup_stm32h743xx.o(.text)
    MDIOS_IRQHandler                         0x0800045b   Thumb Code     0  startup_stm32h743xx.o(.text)
    MDIOS_WKUP_IRQHandler                    0x0800045b   Thumb Code     0  startup_stm32h743xx.o(.text)
    MDMA_IRQHandler                          0x0800045b   Thumb Code     0  startup_stm32h743xx.o(.text)
    OTG_FS_EP1_IN_IRQHandler                 0x0800045b   Thumb Code     0  startup_stm32h743xx.o(.text)
    OTG_FS_EP1_OUT_IRQHandler                0x0800045b   Thumb Code     0  startup_stm32h743xx.o(.text)
    OTG_FS_IRQHandler                        0x0800045b   Thumb Code     0  startup_stm32h743xx.o(.text)
    OTG_FS_WKUP_IRQHandler                   0x0800045b   Thumb Code     0  startup_stm32h743xx.o(.text)
    OTG_HS_EP1_IN_IRQHandler                 0x0800045b   Thumb Code     0  startup_stm32h743xx.o(.text)
    OTG_HS_EP1_OUT_IRQHandler                0x0800045b   Thumb Code     0  startup_stm32h743xx.o(.text)
    OTG_HS_IRQHandler                        0x0800045b   Thumb Code     0  startup_stm32h743xx.o(.text)
    OTG_HS_WKUP_IRQHandler                   0x0800045b   Thumb Code     0  startup_stm32h743xx.o(.text)
    PVD_AVD_IRQHandler                       0x0800045b   Thumb Code     0  startup_stm32h743xx.o(.text)
    QUADSPI_IRQHandler                       0x0800045b   Thumb Code     0  startup_stm32h743xx.o(.text)
    RCC_IRQHandler                           0x0800045b   Thumb Code     0  startup_stm32h743xx.o(.text)
    RNG_IRQHandler                           0x0800045b   Thumb Code     0  startup_stm32h743xx.o(.text)
    RTC_Alarm_IRQHandler                     0x0800045b   Thumb Code     0  startup_stm32h743xx.o(.text)
    RTC_WKUP_IRQHandler                      0x0800045b   Thumb Code     0  startup_stm32h743xx.o(.text)
    SAI1_IRQHandler                          0x0800045b   Thumb Code     0  startup_stm32h743xx.o(.text)
    SAI2_IRQHandler                          0x0800045b   Thumb Code     0  startup_stm32h743xx.o(.text)
    SAI3_IRQHandler                          0x0800045b   Thumb Code     0  startup_stm32h743xx.o(.text)
    SAI4_IRQHandler                          0x0800045b   Thumb Code     0  startup_stm32h743xx.o(.text)
    SDMMC1_IRQHandler                        0x0800045b   Thumb Code     0  startup_stm32h743xx.o(.text)
    SDMMC2_IRQHandler                        0x0800045b   Thumb Code     0  startup_stm32h743xx.o(.text)
    SPDIF_RX_IRQHandler                      0x0800045b   Thumb Code     0  startup_stm32h743xx.o(.text)
    SPI1_IRQHandler                          0x0800045b   Thumb Code     0  startup_stm32h743xx.o(.text)
    SPI2_IRQHandler                          0x0800045b   Thumb Code     0  startup_stm32h743xx.o(.text)
    SPI3_IRQHandler                          0x0800045b   Thumb Code     0  startup_stm32h743xx.o(.text)
    SPI4_IRQHandler                          0x0800045b   Thumb Code     0  startup_stm32h743xx.o(.text)
    SPI5_IRQHandler                          0x0800045b   Thumb Code     0  startup_stm32h743xx.o(.text)
    SPI6_IRQHandler                          0x0800045b   Thumb Code     0  startup_stm32h743xx.o(.text)
    SWPMI1_IRQHandler                        0x0800045b   Thumb Code     0  startup_stm32h743xx.o(.text)
    TAMP_STAMP_IRQHandler                    0x0800045b   Thumb Code     0  startup_stm32h743xx.o(.text)
    TIM15_IRQHandler                         0x0800045b   Thumb Code     0  startup_stm32h743xx.o(.text)
    TIM16_IRQHandler                         0x0800045b   Thumb Code     0  startup_stm32h743xx.o(.text)
    TIM1_BRK_IRQHandler                      0x0800045b   Thumb Code     0  startup_stm32h743xx.o(.text)
    TIM1_CC_IRQHandler                       0x0800045b   Thumb Code     0  startup_stm32h743xx.o(.text)
    TIM1_TRG_COM_IRQHandler                  0x0800045b   Thumb Code     0  startup_stm32h743xx.o(.text)
    TIM1_UP_IRQHandler                       0x0800045b   Thumb Code     0  startup_stm32h743xx.o(.text)
    TIM2_IRQHandler                          0x0800045b   Thumb Code     0  startup_stm32h743xx.o(.text)
    TIM3_IRQHandler                          0x0800045b   Thumb Code     0  startup_stm32h743xx.o(.text)
    TIM5_IRQHandler                          0x0800045b   Thumb Code     0  startup_stm32h743xx.o(.text)
    TIM7_IRQHandler                          0x0800045b   Thumb Code     0  startup_stm32h743xx.o(.text)
    TIM8_BRK_TIM12_IRQHandler                0x0800045b   Thumb Code     0  startup_stm32h743xx.o(.text)
    TIM8_CC_IRQHandler                       0x0800045b   Thumb Code     0  startup_stm32h743xx.o(.text)
    TIM8_TRG_COM_TIM14_IRQHandler            0x0800045b   Thumb Code     0  startup_stm32h743xx.o(.text)
    TIM8_UP_TIM13_IRQHandler                 0x0800045b   Thumb Code     0  startup_stm32h743xx.o(.text)
    UART7_IRQHandler                         0x0800045b   Thumb Code     0  startup_stm32h743xx.o(.text)
    UART8_IRQHandler                         0x0800045b   Thumb Code     0  startup_stm32h743xx.o(.text)
    USART6_IRQHandler                        0x0800045b   Thumb Code     0  startup_stm32h743xx.o(.text)
    WAKEUP_PIN_IRQHandler                    0x0800045b   Thumb Code     0  startup_stm32h743xx.o(.text)
    WWDG_IRQHandler                          0x0800045b   Thumb Code     0  startup_stm32h743xx.o(.text)
    __user_initial_stackheap                 0x0800045d   Thumb Code     0  startup_stm32h743xx.o(.text)
    __use_no_semihosting                     0x08000481   Thumb Code     2  use_no_semi_2.o(.text)
    __aeabi_uldivmod                         0x08000483   Thumb Code     0  lludivv7m.o(.text)
    _ll_udiv                                 0x08000483   Thumb Code   238  lludivv7m.o(.text)
    __2printf                                0x08000571   Thumb Code    20  noretval__2printf.o(.text)
    __printf                                 0x08000589   Thumb Code   104  __printf.o(.text)
    _printf_int_dec                          0x080005f1   Thumb Code   104  _printf_dec.o(.text)
    __aeabi_memcpy4                          0x08000669   Thumb Code     0  rt_memcpy_w.o(.text)
    __aeabi_memcpy8                          0x08000669   Thumb Code     0  rt_memcpy_w.o(.text)
    __rt_memcpy_w                            0x08000669   Thumb Code   100  rt_memcpy_w.o(.text)
    _memcpy_lastbytes_aligned                0x080006b1   Thumb Code     0  rt_memcpy_w.o(.text)
    __aeabi_memclr4                          0x080006cd   Thumb Code     0  rt_memclr_w.o(.text)
    __aeabi_memclr8                          0x080006cd   Thumb Code     0  rt_memclr_w.o(.text)
    __rt_memclr_w                            0x080006cd   Thumb Code    78  rt_memclr_w.o(.text)
    _memset_w                                0x080006d1   Thumb Code     0  rt_memclr_w.o(.text)
    __use_two_region_memory                  0x0800071b   Thumb Code     2  heapauxi.o(.text)
    __rt_heap_escrow$2region                 0x0800071d   Thumb Code     2  heapauxi.o(.text)
    __rt_heap_expand$2region                 0x0800071f   Thumb Code     2  heapauxi.o(.text)
    __I$use$semihosting                      0x08000721   Thumb Code     0  use_no_semi.o(.text)
    __use_no_semihosting_swi                 0x08000721   Thumb Code     2  use_no_semi.o(.text)
    _printf_int_common                       0x08000723   Thumb Code   178  _printf_intcommon.o(.text)
    _printf_char_file                        0x080007d5   Thumb Code    32  _printf_char_file.o(.text)
    _printf_char_common                      0x08000803   Thumb Code    32  _printf_char_common.o(.text)
    ferror                                   0x08000829   Thumb Code     8  ferror.o(.text)
    __user_libspace                          0x08000831   Thumb Code     8  libspace.o(.text)
    __user_perproc_libspace                  0x08000831   Thumb Code     0  libspace.o(.text)
    __user_perthread_libspace                0x08000831   Thumb Code     0  libspace.o(.text)
    __user_setup_stackheap                   0x08000839   Thumb Code    74  sys_stackheap_outer.o(.text)
    exit                                     0x08000883   Thumb Code    18  exit.o(.text)
    ActionRUN                                0x08000895   Thumb Code   222  user_tasks.o(i.ActionRUN)
    Action_Teachmode                         0x08000981   Thumb Code    92  action_library.o(i.Action_Teachmode)
    Action_init                              0x08000a51   Thumb Code    86  action_library.o(i.Action_init)
    BusFault_Handler                         0x08000ab9   Thumb Code     2  stm32h7xx_it.o(i.BusFault_Handler)
    DMA1_Stream0_IRQHandler                  0x08000abd   Thumb Code     6  stm32h7xx_it.o(i.DMA1_Stream0_IRQHandler)
    DMA1_Stream1_IRQHandler                  0x08000ac9   Thumb Code     6  stm32h7xx_it.o(i.DMA1_Stream1_IRQHandler)
    DMA1_Stream2_IRQHandler                  0x08000ad5   Thumb Code     6  stm32h7xx_it.o(i.DMA1_Stream2_IRQHandler)
    DMA1_Stream3_IRQHandler                  0x08000ae1   Thumb Code     6  stm32h7xx_it.o(i.DMA1_Stream3_IRQHandler)
    DMA1_Stream4_IRQHandler                  0x08000aed   Thumb Code     6  stm32h7xx_it.o(i.DMA1_Stream4_IRQHandler)
    DMA1_Stream5_IRQHandler                  0x08000af9   Thumb Code     6  stm32h7xx_it.o(i.DMA1_Stream5_IRQHandler)
    DMA1_Stream6_IRQHandler                  0x08000b05   Thumb Code     6  stm32h7xx_it.o(i.DMA1_Stream6_IRQHandler)
    DMA1_Stream7_IRQHandler                  0x08000b11   Thumb Code     6  stm32h7xx_it.o(i.DMA1_Stream7_IRQHandler)
    DMA2_Stream0_IRQHandler                  0x08000b1d   Thumb Code     6  stm32h7xx_it.o(i.DMA2_Stream0_IRQHandler)
    DMA2_Stream1_IRQHandler                  0x08000b29   Thumb Code     6  stm32h7xx_it.o(i.DMA2_Stream1_IRQHandler)
    DebugMon_Handler                         0x08000fc5   Thumb Code     2  stm32h7xx_it.o(i.DebugMon_Handler)
    Error_Handler                            0x08000fc7   Thumb Code     4  main.o(i.Error_Handler)
    HAL_DMA_Abort                            0x08000fcd   Thumb Code   880  stm32h7xx_hal_dma.o(i.HAL_DMA_Abort)
    HAL_DMA_Abort_IT                         0x08001349   Thumb Code   674  stm32h7xx_hal_dma.o(i.HAL_DMA_Abort_IT)
    HAL_DMA_GetError                         0x080015f9   Thumb Code     4  stm32h7xx_hal_dma.o(i.HAL_DMA_GetError)
    HAL_DMA_IRQHandler                       0x080015fd   Thumb Code  1948  stm32h7xx_hal_dma.o(i.HAL_DMA_IRQHandler)
    HAL_DMA_Init                             0x08001da5   Thumb Code   994  stm32h7xx_hal_dma.o(i.HAL_DMA_Init)
    HAL_DMA_Start_IT                         0x080021a1   Thumb Code   734  stm32h7xx_hal_dma.o(i.HAL_DMA_Start_IT)
    HAL_Delay                                0x0800248d   Thumb Code    32  stm32h7xx_hal.o(i.HAL_Delay)
    HAL_GPIO_Init                            0x080024b1   Thumb Code   498  stm32h7xx_hal_gpio.o(i.HAL_GPIO_Init)
    HAL_GetREVID                             0x080026d5   Thumb Code     8  stm32h7xx_hal.o(i.HAL_GetREVID)
    HAL_GetTick                              0x080026e1   Thumb Code     6  stm32h7xx_hal.o(i.HAL_GetTick)
    HAL_HalfDuplex_Init                      0x080026ed   Thumb Code   122  stm32h7xx_hal_uart.o(i.HAL_HalfDuplex_Init)
    HAL_IncTick                              0x08002769   Thumb Code    12  stm32h7xx_hal.o(i.HAL_IncTick)
    HAL_Init                                 0x08002779   Thumb Code    74  stm32h7xx_hal.o(i.HAL_Init)
    HAL_InitTick                             0x080027d5   Thumb Code   114  stm32h7xx_hal_timebase_tim.o(i.HAL_InitTick)
    HAL_MspInit                              0x0800285d   Thumb Code    32  stm32h7xx_hal_msp.o(i.HAL_MspInit)
    HAL_NVIC_EnableIRQ                       0x08002881   Thumb Code    26  stm32h7xx_hal_cortex.o(i.HAL_NVIC_EnableIRQ)
    HAL_NVIC_SetPriority                     0x0800289d   Thumb Code    60  stm32h7xx_hal_cortex.o(i.HAL_NVIC_SetPriority)
    HAL_NVIC_SetPriorityGrouping             0x080028dd   Thumb Code    26  stm32h7xx_hal_cortex.o(i.HAL_NVIC_SetPriorityGrouping)
    HAL_PWREx_ConfigSupply                   0x08002901   Thumb Code    82  stm32h7xx_hal_pwr_ex.o(i.HAL_PWREx_ConfigSupply)
    HAL_RCCEx_GetD3PCLK1Freq                 0x08002959   Thumb Code    26  stm32h7xx_hal_rcc_ex.o(i.HAL_RCCEx_GetD3PCLK1Freq)
    HAL_RCCEx_GetPLL2ClockFreq               0x0800297d   Thumb Code   424  stm32h7xx_hal_rcc_ex.o(i.HAL_RCCEx_GetPLL2ClockFreq)
    HAL_RCCEx_GetPLL3ClockFreq               0x08002b3d   Thumb Code   424  stm32h7xx_hal_rcc_ex.o(i.HAL_RCCEx_GetPLL3ClockFreq)
    HAL_RCCEx_PeriphCLKConfig                0x08002cfd   Thumb Code  2338  stm32h7xx_hal_rcc_ex.o(i.HAL_RCCEx_PeriphCLKConfig)
    HAL_RCC_ClockConfig                      0x08003625   Thumb Code   604  stm32h7xx_hal_rcc.o(i.HAL_RCC_ClockConfig)
    HAL_RCC_GetClockConfig                   0x080038a1   Thumb Code    86  stm32h7xx_hal_rcc.o(i.HAL_RCC_GetClockConfig)
    HAL_RCC_GetHCLKFreq                      0x08003901   Thumb Code    52  stm32h7xx_hal_rcc.o(i.HAL_RCC_GetHCLKFreq)
    HAL_RCC_GetPCLK1Freq                     0x08003945   Thumb Code    26  stm32h7xx_hal_rcc.o(i.HAL_RCC_GetPCLK1Freq)
    HAL_RCC_GetPCLK2Freq                     0x08003969   Thumb Code    26  stm32h7xx_hal_rcc.o(i.HAL_RCC_GetPCLK2Freq)
    HAL_RCC_GetSysClockFreq                  0x0800398d   Thumb Code   402  stm32h7xx_hal_rcc.o(i.HAL_RCC_GetSysClockFreq)
    HAL_RCC_OscConfig                        0x08003b41   Thumb Code  1592  stm32h7xx_hal_rcc.o(i.HAL_RCC_OscConfig)
    HAL_TIMEx_Break2Callback                 0x0800417d   Thumb Code     2  stm32h7xx_hal_tim_ex.o(i.HAL_TIMEx_Break2Callback)
    HAL_TIMEx_BreakCallback                  0x0800417f   Thumb Code     2  stm32h7xx_hal_tim_ex.o(i.HAL_TIMEx_BreakCallback)
    HAL_TIMEx_CommutCallback                 0x08004181   Thumb Code     2  stm32h7xx_hal_tim_ex.o(i.HAL_TIMEx_CommutCallback)
    HAL_TIMEx_MasterConfigSynchronization    0x08004185   Thumb Code   132  stm32h7xx_hal_tim_ex.o(i.HAL_TIMEx_MasterConfigSynchronization)
    HAL_TIM_Base_Init                        0x08004225   Thumb Code    78  stm32h7xx_hal_tim.o(i.HAL_TIM_Base_Init)
    HAL_TIM_Base_MspInit                     0x08004275   Thumb Code    92  tim.o(i.HAL_TIM_Base_MspInit)
    HAL_TIM_Base_Start_IT                    0x080042dd   Thumb Code   116  stm32h7xx_hal_tim.o(i.HAL_TIM_Base_Start_IT)
    HAL_TIM_ConfigClockSource                0x08004371   Thumb Code   260  stm32h7xx_hal_tim.o(i.HAL_TIM_ConfigClockSource)
    HAL_TIM_IC_CaptureCallback               0x08004479   Thumb Code     2  stm32h7xx_hal_tim.o(i.HAL_TIM_IC_CaptureCallback)
    HAL_TIM_IRQHandler                       0x0800447b   Thumb Code   396  stm32h7xx_hal_tim.o(i.HAL_TIM_IRQHandler)
    HAL_TIM_OC_DelayElapsedCallback          0x08004607   Thumb Code     2  stm32h7xx_hal_tim.o(i.HAL_TIM_OC_DelayElapsedCallback)
    HAL_TIM_PWM_PulseFinishedCallback        0x08004609   Thumb Code     2  stm32h7xx_hal_tim.o(i.HAL_TIM_PWM_PulseFinishedCallback)
    HAL_TIM_PeriodElapsedCallback            0x0800460d   Thumb Code    14  main.o(i.HAL_TIM_PeriodElapsedCallback)
    HAL_TIM_TriggerCallback                  0x08004621   Thumb Code     2  stm32h7xx_hal_tim.o(i.HAL_TIM_TriggerCallback)
    HAL_UARTEx_DisableFifoMode               0x08004623   Thumb Code    60  stm32h7xx_hal_uart_ex.o(i.HAL_UARTEx_DisableFifoMode)
    HAL_UARTEx_RxEventCallback               0x0800465f   Thumb Code     2  stm32h7xx_hal_uart.o(i.HAL_UARTEx_RxEventCallback)
    HAL_UARTEx_RxFifoFullCallback            0x08004661   Thumb Code     2  stm32h7xx_hal_uart_ex.o(i.HAL_UARTEx_RxFifoFullCallback)
    HAL_UARTEx_SetRxFifoThreshold            0x08004663   Thumb Code    76  stm32h7xx_hal_uart_ex.o(i.HAL_UARTEx_SetRxFifoThreshold)
    HAL_UARTEx_SetTxFifoThreshold            0x080046af   Thumb Code    76  stm32h7xx_hal_uart_ex.o(i.HAL_UARTEx_SetTxFifoThreshold)
    HAL_UARTEx_TxFifoEmptyCallback           0x080046fb   Thumb Code     2  stm32h7xx_hal_uart_ex.o(i.HAL_UARTEx_TxFifoEmptyCallback)
    HAL_UARTEx_WakeupCallback                0x080046fd   Thumb Code     2  stm32h7xx_hal_uart_ex.o(i.HAL_UARTEx_WakeupCallback)
    HAL_UART_DMAStop                         0x080046ff   Thumb Code   154  stm32h7xx_hal_uart.o(i.HAL_UART_DMAStop)
    HAL_UART_ErrorCallback                   0x08004799   Thumb Code     2  stm32h7xx_hal_uart.o(i.HAL_UART_ErrorCallback)
    HAL_UART_IRQHandler                      0x0800479d   Thumb Code   864  stm32h7xx_hal_uart.o(i.HAL_UART_IRQHandler)
    HAL_UART_Init                            0x08004b11   Thumb Code   112  stm32h7xx_hal_uart.o(i.HAL_UART_Init)
    HAL_UART_MspInit                         0x08004b81   Thumb Code  1156  usart.o(i.HAL_UART_MspInit)
    HAL_UART_Receive_DMA                     0x08005005   Thumb Code    84  stm32h7xx_hal_uart.o(i.HAL_UART_Receive_DMA)
    HAL_UART_RxCpltCallback                  0x0800505d   Thumb Code     2  stm32h7xx_hal_uart.o(i.HAL_UART_RxCpltCallback)
    HAL_UART_RxHalfCpltCallback              0x0800505f   Thumb Code     2  stm32h7xx_hal_uart.o(i.HAL_UART_RxHalfCpltCallback)
    HAL_UART_Transmit_DMA                    0x08005061   Thumb Code   152  stm32h7xx_hal_uart.o(i.HAL_UART_Transmit_DMA)
    HAL_UART_TxCpltCallback                  0x08005105   Thumb Code     2  stm32h7xx_hal_uart.o(i.HAL_UART_TxCpltCallback)
    HAL_UART_TxHalfCpltCallback              0x08005107   Thumb Code     2  stm32h7xx_hal_uart.o(i.HAL_UART_TxHalfCpltCallback)
    HardFault_Handler                        0x08005109   Thumb Code     2  stm32h7xx_it.o(i.HardFault_Handler)
    MX_DMA_Init                              0x0800510d   Thumb Code   200  dma.o(i.MX_DMA_Init)
    MX_FREERTOS_Init                         0x080051d9   Thumb Code    96  freertos.o(i.MX_FREERTOS_Init)
    MX_GPIO_Init                             0x08005241   Thumb Code    54  gpio.o(i.MX_GPIO_Init)
    MX_TIM4_Init                             0x0800527d   Thumb Code    98  tim.o(i.MX_TIM4_Init)
    MX_TIM6_Init                             0x080052e9   Thumb Code    66  tim.o(i.MX_TIM6_Init)
    MX_UART4_Init                            0x08005335   Thumb Code    94  usart.o(i.MX_UART4_Init)
    MX_UART5_Init                            0x0800539d   Thumb Code    92  usart.o(i.MX_UART5_Init)
    MX_USART1_UART_Init                      0x08005405   Thumb Code    92  usart.o(i.MX_USART1_UART_Init)
    MX_USART2_UART_Init                      0x0800546d   Thumb Code    92  usart.o(i.MX_USART2_UART_Init)
    MX_USART3_UART_Init                      0x080054d5   Thumb Code    92  usart.o(i.MX_USART3_UART_Init)
    MemManage_Handler                        0x0800553d   Thumb Code     2  stm32h7xx_it.o(i.MemManage_Handler)
    NMI_Handler                              0x0800553f   Thumb Code     2  stm32h7xx_it.o(i.NMI_Handler)
    StartDefaultTask                         0x08005789   Thumb Code    10  freertos.o(i.StartDefaultTask)
    StartTaskHigh                            0x08005793   Thumb Code    12  user_tasks.o(i.StartTaskHigh)
    StartTaskLow                             0x0800579f   Thumb Code     8  user_tasks.o(i.StartTaskLow)
    StartTaskMid                             0x080057a9   Thumb Code    36  user_tasks.o(i.StartTaskMid)
    SysTick_Handler                          0x080057d5   Thumb Code    38  port.o(i.SysTick_Handler)
    SystemClock_Config                       0x08005801   Thumb Code   206  main.o(i.SystemClock_Config)
    SystemInit                               0x080058dd   Thumb Code   178  system_stm32h7xx.o(i.SystemInit)
    TIM17_IRQHandler                         0x080059b9   Thumb Code     6  stm32h7xx_it.o(i.TIM17_IRQHandler)
    TIM4_IRQHandler                          0x080059c5   Thumb Code    16  stm32h7xx_it.o(i.TIM4_IRQHandler)
    TIM6_DAC_IRQHandler                      0x080059d9   Thumb Code    16  stm32h7xx_it.o(i.TIM6_DAC_IRQHandler)
    TIM_Base_SetConfig                       0x080059ed   Thumb Code   160  stm32h7xx_hal_tim.o(i.TIM_Base_SetConfig)
    TIM_ETR_SetConfig                        0x08005aad   Thumb Code    20  stm32h7xx_hal_tim.o(i.TIM_ETR_SetConfig)
    TeachmodeRUN                             0x08005b1d   Thumb Code    88  user_tasks.o(i.TeachmodeRUN)
    UART4_IRQHandler                         0x08005b8d   Thumb Code     6  stm32h7xx_it.o(i.UART4_IRQHandler)
    UART5_IRQHandler                         0x08005b99   Thumb Code     6  stm32h7xx_it.o(i.UART5_IRQHandler)
    UART_AdvFeatureConfig                    0x08005bed   Thumb Code   200  stm32h7xx_hal_uart.o(i.UART_AdvFeatureConfig)
    UART_CheckIdleState                      0x08005cb5   Thumb Code    96  stm32h7xx_hal_uart.o(i.UART_CheckIdleState)
    UART_SetConfig                           0x08005f0d   Thumb Code  1168  stm32h7xx_hal_uart.o(i.UART_SetConfig)
    UART_Start_Receive_DMA                   0x0800639d   Thumb Code   152  stm32h7xx_hal_uart.o(i.UART_Start_Receive_DMA)
    UART_WaitOnFlagUntilTimeout              0x08006441   Thumb Code   190  stm32h7xx_hal_uart.o(i.UART_WaitOnFlagUntilTimeout)
    USART1_IRQHandler                        0x08006501   Thumb Code    16  stm32h7xx_it.o(i.USART1_IRQHandler)
    USART2_IRQHandler                        0x08006515   Thumb Code    16  stm32h7xx_it.o(i.USART2_IRQHandler)
    USART3_IRQHandler                        0x08006529   Thumb Code    16  stm32h7xx_it.o(i.USART3_IRQHandler)
    UsageFault_Handler                       0x0800653d   Thumb Code     2  stm32h7xx_it.o(i.UsageFault_Handler)
    User_Init                                0x08006541   Thumb Code    26  user_tasks.o(i.User_Init)
    User_LegAllSetAngTime                    0x08006561   Thumb Code   162  user_servo.o(i.User_LegAllSetAngTime)
    User_ServoHead_IRQHandler                0x08006609   Thumb Code   192  user_servo.o(i.User_ServoHead_IRQHandler)
    User_ServoInit                           0x080066d5   Thumb Code   198  user_servo.o(i.User_ServoInit)
    User_ServoLegLEFT_IRQHandler             0x080067c5   Thumb Code   192  user_servo.o(i.User_ServoLegLEFT_IRQHandler)
    User_ServoLegRIGHT_IRQHandler            0x08006891   Thumb Code   192  user_servo.o(i.User_ServoLegRIGHT_IRQHandler)
    User_SetDamping                          0x0800695d   Thumb Code    90  user_servo.o(i.User_SetDamping)
    User_TeachTimerInit                      0x080069c1   Thumb Code     6  user_timer.o(i.User_TeachTimerInit)
    User_TimerInit                           0x080069cd   Thumb Code     6  user_timer.o(i.User_TimerInit)
    User_TimerServoIRQ                       0x080069d9   Thumb Code   248  user_timer.o(i.User_TimerServoIRQ)
    User_TimerTeachIRQ                       0x08006ae1   Thumb Code   128  user_timer.o(i.User_TimerTeachIRQ)
    User_UsartReadServoAng                   0x08006b7d   Thumb Code   100  user_servo.o(i.User_UsartReadServoAng)
    User_UsartReadServoData                  0x08006bed   Thumb Code   104  user_servo.o(i.User_UsartReadServoData)
    User_UsartServoDataParas                 0x08006c61   Thumb Code   196  user_servo.o(i.User_UsartServoDataParas)
    User_UsartSetHeadAngTime                 0x08006d29   Thumb Code   164  user_servo.o(i.User_UsartSetHeadAngTime)
    User_UsartSetLegAngTime                  0x08006dd1   Thumb Code   512  user_servo.o(i.User_UsartSetLegAngTime)
    _sys_exit                                0x08006ff5   Thumb Code     2  action_library.o(i._sys_exit)
    fputc                                    0x08006ff9   Thumb Code    18  action_library.o(i.fputc)
    main                                     0x08007011   Thumb Code    68  main.o(i.main)
    osDelay                                  0x08007061   Thumb Code    16  cmsis_os.o(i.osDelay)
    osKernelStart                            0x08007071   Thumb Code    10  cmsis_os.o(i.osKernelStart)
    osThreadCreate                           0x0800707b   Thumb Code    88  cmsis_os.o(i.osThreadCreate)
    pvPortMalloc                             0x0800744d   Thumb Code   214  heap_4.o(i.pvPortMalloc)
    pxPortInitialiseStack                    0x08007529   Thumb Code    30  port.o(i.pxPortInitialiseStack)
    uxListRemove                             0x0800754d   Thumb Code    38  list.o(i.uxListRemove)
    vApplicationGetIdleTaskMemory            0x08007575   Thumb Code    16  freertos.o(i.vApplicationGetIdleTaskMemory)
    vListInitialise                          0x08007589   Thumb Code    22  list.o(i.vListInitialise)
    vListInitialiseItem                      0x0800759f   Thumb Code     6  list.o(i.vListInitialiseItem)
    vListInsert                              0x080075a5   Thumb Code    48  list.o(i.vListInsert)
    vListInsertEnd                           0x080075d5   Thumb Code    24  list.o(i.vListInsertEnd)
    vPortEnterCritical                       0x080075ed   Thumb Code    54  port.o(i.vPortEnterCritical)
    vPortExitCritical                        0x0800762d   Thumb Code    38  port.o(i.vPortExitCritical)
    vPortFree                                0x08007659   Thumb Code    94  heap_4.o(i.vPortFree)
    vPortSetupTimerInterrupt                 0x080076bd   Thumb Code    32  port.o(i.vPortSetupTimerInterrupt)
    vTaskDelay                               0x080076e1   Thumb Code    70  tasks.o(i.vTaskDelay)
    vTaskStartScheduler                      0x08007731   Thumb Code   118  tasks.o(i.vTaskStartScheduler)
    vTaskSuspendAll                          0x080077b9   Thumb Code    10  tasks.o(i.vTaskSuspendAll)
    vTaskSwitchContext                       0x080077c9   Thumb Code    86  tasks.o(i.vTaskSwitchContext)
    xPortStartScheduler                      0x08007829   Thumb Code   222  port.o(i.xPortStartScheduler)
    xTaskCreate                              0x0800791d   Thumb Code   100  tasks.o(i.xTaskCreate)
    xTaskCreateStatic                        0x08007981   Thumb Code    92  tasks.o(i.xTaskCreateStatic)
    xTaskIncrementTick                       0x080079dd   Thumb Code   198  tasks.o(i.xTaskIncrementTick)
    xTaskResumeAll                           0x08007aad   Thumb Code   192  tasks.o(i.xTaskResumeAll)
    _fp_init                                 0x08007b79   Thumb Code    10  fpinit.o(x$fpl$fpinit)
    __fplib_config_fpu_vfp                   0x08007b81   Thumb Code     0  fpinit.o(x$fpl$fpinit)
    __fplib_config_pureend_doubles           0x08007b81   Thumb Code     0  fpinit.o(x$fpl$fpinit)
    UARTPrescTable                           0x08007bfc   Data          24  stm32h7xx_hal_uart.o(.constdata)
    D1CorePrescTable                         0x08007c24   Data          16  system_stm32h7xx.o(.constdata)
    Region$$Table$$Base                      0x08007cac   Number         0  anon$$obj.o(Region$$Table)
    Region$$Table$$Limit                     0x08007ccc   Number         0  anon$$obj.o(Region$$Table)
    defaultTaskHandle                        0x24000000   Data           4  freertos.o(.data)
    TaskLowHandle                            0x24000004   Data           4  freertos.o(.data)
    TaskMidHandle                            0x24000008   Data           4  freertos.o(.data)
    TaskHighHandle                           0x2400000c   Data           4  freertos.o(.data)
    uwTickFreq                               0x24000010   Data           1  stm32h7xx_hal.o(.data)
    uwTickPrio                               0x24000014   Data           4  stm32h7xx_hal.o(.data)
    uwTick                                   0x24000018   Data           4  stm32h7xx_hal.o(.data)
    SystemCoreClock                          0x2400001c   Data           4  system_stm32h7xx.o(.data)
    SystemD2Clock                            0x24000020   Data           4  system_stm32h7xx.o(.data)
    pxCurrentTCB                             0x24000024   Data           4  tasks.o(.data)
    T_COUNTER                                0x24000094   Data           4  user_timer.o(.data)
    step_record                              0x24000098   Data           4  user_timer.o(.data)
    last_step_record                         0x2400009c   Data           4  user_timer.o(.data)
    SERVO_COMM_BUSY                          0x240000a0   Data           1  user_servo.o(.data)
    TEACHMODE                                0x240000a4   Data           4  action_library.o(.data)
    Action_Test                              0x240000a8   Data        3212  action_library.o(.data)
    TEACH_OK                                 0x24000d34   Data           4  action_library.o(.data)
    TEACH_FINISH                             0x24000d38   Data           4  action_library.o(.data)
    __stdout                                 0x24000d3c   Data           4  action_library.o(.data)
    ActionNowFlag                            0x24000d40   Data           1  user_tasks.o(.data)
    speed                                    0x24000d41   Data           1  user_tasks.o(.data)
    Servo_Reset_Flag                         0x24000d42   Data           1  user_tasks.o(.data)
    Init_OK                                  0x24000d43   Data           1  user_tasks.o(.data)
    step_counter                             0x24000d44   Data           4  user_tasks.o(.data)
    htim4                                    0x24000f9c   Data          76  tim.o(.bss)
    htim6                                    0x24000fe8   Data          76  tim.o(.bss)
    huart4                                   0x24001034   Data         144  usart.o(.bss)
    huart5                                   0x240010c4   Data         144  usart.o(.bss)
    huart1                                   0x24001154   Data         144  usart.o(.bss)
    huart2                                   0x240011e4   Data         144  usart.o(.bss)
    huart3                                   0x24001274   Data         144  usart.o(.bss)
    hdma_uart4_rx                            0x24001304   Data         120  usart.o(.bss)
    hdma_uart4_tx                            0x2400137c   Data         120  usart.o(.bss)
    hdma_uart5_rx                            0x240013f4   Data         120  usart.o(.bss)
    hdma_uart5_tx                            0x2400146c   Data         120  usart.o(.bss)
    hdma_usart1_rx                           0x240014e4   Data         120  usart.o(.bss)
    hdma_usart1_tx                           0x2400155c   Data         120  usart.o(.bss)
    hdma_usart2_rx                           0x240015d4   Data         120  usart.o(.bss)
    hdma_usart2_tx                           0x2400164c   Data         120  usart.o(.bss)
    hdma_usart3_rx                           0x240016c4   Data         120  usart.o(.bss)
    hdma_usart3_tx                           0x2400173c   Data         120  usart.o(.bss)
    htim17                                   0x240017b4   Data          76  stm32h7xx_hal_timebase_tim.o(.bss)
    USART_LEG1                               0x240054f0   Data         152  user_servo.o(.bss)
    USART_LEG2                               0x24005588   Data         152  user_servo.o(.bss)
    USART_LEG3                               0x24005620   Data         152  user_servo.o(.bss)
    USART_LEG4                               0x240056b8   Data         152  user_servo.o(.bss)
    USART_RIGHT_LEG                          0x24005750   Data         152  user_servo.o(.bss)
    USART_LEFT_LEG                           0x240057e8   Data         152  user_servo.o(.bss)
    USART_HEAD                               0x24005880   Data         152  user_servo.o(.bss)
    SERVO                                    0x24005918   Data         272  user_servo.o(.bss)
    Action_index                             0x24005a28   Data         200  action_library.o(.bss)
    Action_Hello                             0x24005af0   Data        3212  action_library.o(.bss)
    Action_Hug                               0x2400677c   Data        3212  action_library.o(.bss)
    Action_Standup                           0x24007408   Data        3212  action_library.o(.bss)
    Action_Sit2Prone                         0x24008094   Data        3212  action_library.o(.bss)
    Action_PronetoSit                        0x24008d20   Data        3212  action_library.o(.bss)
    Action_Lie2Standup                       0x240099ac   Data        3212  action_library.o(.bss)
    Action_Crawl                             0x2400a638   Data        3212  action_library.o(.bss)
    Action_Crawlrepeat                       0x2400b2c4   Data        3212  action_library.o(.bss)
    Action_TEACH                             0x2400bf50   Data        3212  action_library.o(.bss)
    ang_goal                                 0x2400cbdc   Data          30  user_tasks.o(.bss)
    Action_done                              0x2400cbfa   Data          50  user_tasks.o(.bss)
    vis                                      0x2400cc2c   Data          15  user_tasks.o(.bss)
    __libspace_start                         0x2400cc3c   Data          96  libspace.o(.bss)
    __temporary_stack_top$libspace           0x2400cc9c   Data           0  libspace.o(.bss)



==============================================================================

Memory Map of the image

  Image Entry point : 0x08000299

  Load Region LR_IROM1 (Base: 0x08000000, Size: 0x00008a14, Max: 0x00200000, ABSOLUTE, COMPRESSED[0x00007de0])

    Execution Region ER_IROM1 (Exec base: 0x08000000, Load base: 0x08000000, Size: 0x00007ccc, Max: 0x00200000, ABSOLUTE)

    Exec Addr    Load Addr    Size         Type   Attr      Idx    E Section Name        Object

    0x08000000   0x08000000   0x00000298   Data   RO            3    RESET               startup_stm32h743xx.o
    0x08000298   0x08000298   0x00000008   Code   RO         6594  * !!!main             c_w.l(__main.o)
    0x080002a0   0x080002a0   0x00000034   Code   RO         6901    !!!scatter          c_w.l(__scatter.o)
    0x080002d4   0x080002d4   0x0000005a   Code   RO         6899    !!dczerorl2         c_w.l(__dczerorl2.o)
    0x0800032e   0x0800032e   0x00000002   PAD
    0x08000330   0x08000330   0x0000001c   Code   RO         6903    !!handler_zi        c_w.l(__scatter_zi.o)
    0x0800034c   0x0800034c   0x00000000   Code   RO         6583    .ARM.Collect$$_printf_percent$$00000000  c_w.l(_printf_percent.o)
    0x0800034c   0x0800034c   0x00000006   Code   RO         6582    .ARM.Collect$$_printf_percent$$00000009  c_w.l(_printf_d.o)
    0x08000352   0x08000352   0x00000004   Code   RO         6671    .ARM.Collect$$_printf_percent$$00000017  c_w.l(_printf_percent_end.o)
    0x08000356   0x08000356   0x00000002   Code   RO         6774    .ARM.Collect$$libinit$$00000000  c_w.l(libinit.o)
    0x08000358   0x08000358   0x00000004   Code   RO         6783    .ARM.Collect$$libinit$$00000001  c_w.l(libinit2.o)
    0x0800035c   0x0800035c   0x00000000   Code   RO         6786    .ARM.Collect$$libinit$$00000004  c_w.l(libinit2.o)
    0x0800035c   0x0800035c   0x00000000   Code   RO         6789    .ARM.Collect$$libinit$$0000000A  c_w.l(libinit2.o)
    0x0800035c   0x0800035c   0x00000000   Code   RO         6791    .ARM.Collect$$libinit$$0000000C  c_w.l(libinit2.o)
    0x0800035c   0x0800035c   0x00000000   Code   RO         6793    .ARM.Collect$$libinit$$0000000E  c_w.l(libinit2.o)
    0x0800035c   0x0800035c   0x00000000   Code   RO         6796    .ARM.Collect$$libinit$$00000011  c_w.l(libinit2.o)
    0x0800035c   0x0800035c   0x00000000   Code   RO         6798    .ARM.Collect$$libinit$$00000013  c_w.l(libinit2.o)
    0x0800035c   0x0800035c   0x00000000   Code   RO         6800    .ARM.Collect$$libinit$$00000015  c_w.l(libinit2.o)
    0x0800035c   0x0800035c   0x00000000   Code   RO         6802    .ARM.Collect$$libinit$$00000017  c_w.l(libinit2.o)
    0x0800035c   0x0800035c   0x00000000   Code   RO         6804    .ARM.Collect$$libinit$$00000019  c_w.l(libinit2.o)
    0x0800035c   0x0800035c   0x00000000   Code   RO         6806    .ARM.Collect$$libinit$$0000001B  c_w.l(libinit2.o)
    0x0800035c   0x0800035c   0x00000000   Code   RO         6808    .ARM.Collect$$libinit$$0000001D  c_w.l(libinit2.o)
    0x0800035c   0x0800035c   0x00000000   Code   RO         6810    .ARM.Collect$$libinit$$0000001F  c_w.l(libinit2.o)
    0x0800035c   0x0800035c   0x00000000   Code   RO         6812    .ARM.Collect$$libinit$$00000021  c_w.l(libinit2.o)
    0x0800035c   0x0800035c   0x00000000   Code   RO         6814    .ARM.Collect$$libinit$$00000023  c_w.l(libinit2.o)
    0x0800035c   0x0800035c   0x00000000   Code   RO         6816    .ARM.Collect$$libinit$$00000025  c_w.l(libinit2.o)
    0x0800035c   0x0800035c   0x00000000   Code   RO         6820    .ARM.Collect$$libinit$$0000002C  c_w.l(libinit2.o)
    0x0800035c   0x0800035c   0x00000000   Code   RO         6822    .ARM.Collect$$libinit$$0000002E  c_w.l(libinit2.o)
    0x0800035c   0x0800035c   0x00000000   Code   RO         6824    .ARM.Collect$$libinit$$00000030  c_w.l(libinit2.o)
    0x0800035c   0x0800035c   0x00000000   Code   RO         6826    .ARM.Collect$$libinit$$00000032  c_w.l(libinit2.o)
    0x0800035c   0x0800035c   0x00000002   Code   RO         6827    .ARM.Collect$$libinit$$00000033  c_w.l(libinit2.o)
    0x0800035e   0x0800035e   0x00000002   Code   RO         6853    .ARM.Collect$$libshutdown$$00000000  c_w.l(libshutdown.o)
    0x08000360   0x08000360   0x00000000   Code   RO         6880    .ARM.Collect$$libshutdown$$00000002  c_w.l(libshutdown2.o)
    0x08000360   0x08000360   0x00000000   Code   RO         6882    .ARM.Collect$$libshutdown$$00000004  c_w.l(libshutdown2.o)
    0x08000360   0x08000360   0x00000000   Code   RO         6884    .ARM.Collect$$libshutdown$$00000006  c_w.l(libshutdown2.o)
    0x08000360   0x08000360   0x00000000   Code   RO         6887    .ARM.Collect$$libshutdown$$00000009  c_w.l(libshutdown2.o)
    0x08000360   0x08000360   0x00000000   Code   RO         6890    .ARM.Collect$$libshutdown$$0000000C  c_w.l(libshutdown2.o)
    0x08000360   0x08000360   0x00000000   Code   RO         6892    .ARM.Collect$$libshutdown$$0000000E  c_w.l(libshutdown2.o)
    0x08000360   0x08000360   0x00000000   Code   RO         6895    .ARM.Collect$$libshutdown$$00000011  c_w.l(libshutdown2.o)
    0x08000360   0x08000360   0x00000002   Code   RO         6896    .ARM.Collect$$libshutdown$$00000012  c_w.l(libshutdown2.o)
    0x08000362   0x08000362   0x00000000   Code   RO         6660    .ARM.Collect$$rtentry$$00000000  c_w.l(__rtentry.o)
    0x08000362   0x08000362   0x00000000   Code   RO         6727    .ARM.Collect$$rtentry$$00000002  c_w.l(__rtentry2.o)
    0x08000362   0x08000362   0x00000006   Code   RO         6739    .ARM.Collect$$rtentry$$00000004  c_w.l(__rtentry4.o)
    0x08000368   0x08000368   0x00000000   Code   RO         6729    .ARM.Collect$$rtentry$$00000009  c_w.l(__rtentry2.o)
    0x08000368   0x08000368   0x00000004   Code   RO         6730    .ARM.Collect$$rtentry$$0000000A  c_w.l(__rtentry2.o)
    0x0800036c   0x0800036c   0x00000000   Code   RO         6732    .ARM.Collect$$rtentry$$0000000C  c_w.l(__rtentry2.o)
    0x0800036c   0x0800036c   0x00000008   Code   RO         6733    .ARM.Collect$$rtentry$$0000000D  c_w.l(__rtentry2.o)
    0x08000374   0x08000374   0x00000002   Code   RO         6775    .ARM.Collect$$rtexit$$00000000  c_w.l(rtexit.o)
    0x08000376   0x08000376   0x00000000   Code   RO         6829    .ARM.Collect$$rtexit$$00000002  c_w.l(rtexit2.o)
    0x08000376   0x08000376   0x00000004   Code   RO         6830    .ARM.Collect$$rtexit$$00000003  c_w.l(rtexit2.o)
    0x0800037a   0x0800037a   0x00000006   Code   RO         6831    .ARM.Collect$$rtexit$$00000004  c_w.l(rtexit2.o)
    0x08000380   0x08000380   0x000000be   Code   RO         6025    .emb_text           port.o
    0x0800043e   0x0800043e   0x00000002   PAD
    0x08000440   0x08000440   0x00000040   Code   RO            4    .text               startup_stm32h743xx.o
    0x08000480   0x08000480   0x00000002   Code   RO         6550    .text               c_w.l(use_no_semi_2.o)
    0x08000482   0x08000482   0x000000ee   Code   RO         6552    .text               c_w.l(lludivv7m.o)
    0x08000570   0x08000570   0x00000018   Code   RO         6556    .text               c_w.l(noretval__2printf.o)
    0x08000588   0x08000588   0x00000068   Code   RO         6558    .text               c_w.l(__printf.o)
    0x080005f0   0x080005f0   0x00000078   Code   RO         6560    .text               c_w.l(_printf_dec.o)
    0x08000668   0x08000668   0x00000064   Code   RO         6586    .text               c_w.l(rt_memcpy_w.o)
    0x080006cc   0x080006cc   0x0000004e   Code   RO         6590    .text               c_w.l(rt_memclr_w.o)
    0x0800071a   0x0800071a   0x00000006   Code   RO         6592    .text               c_w.l(heapauxi.o)
    0x08000720   0x08000720   0x00000002   Code   RO         6658    .text               c_w.l(use_no_semi.o)
    0x08000722   0x08000722   0x000000b2   Code   RO         6667    .text               c_w.l(_printf_intcommon.o)
    0x080007d4   0x080007d4   0x00000024   Code   RO         6669    .text               c_w.l(_printf_char_file.o)
    0x080007f8   0x080007f8   0x00000030   Code   RO         6748    .text               c_w.l(_printf_char_common.o)
    0x08000828   0x08000828   0x00000008   Code   RO         6750    .text               c_w.l(ferror.o)
    0x08000830   0x08000830   0x00000008   Code   RO         6756    .text               c_w.l(libspace.o)
    0x08000838   0x08000838   0x0000004a   Code   RO         6759    .text               c_w.l(sys_stackheap_outer.o)
    0x08000882   0x08000882   0x00000012   Code   RO         6763    .text               c_w.l(exit.o)
    0x08000894   0x08000894   0x000000ec   Code   RO         6416    i.ActionRUN         user_tasks.o
    0x08000980   0x08000980   0x000000d0   Code   RO         6328    i.Action_Teachmode  action_library.o
    0x08000a50   0x08000a50   0x00000068   Code   RO         6330    i.Action_init       action_library.o
    0x08000ab8   0x08000ab8   0x00000002   Code   RO          497    i.BusFault_Handler  stm32h7xx_it.o
    0x08000aba   0x08000aba   0x00000002   PAD
    0x08000abc   0x08000abc   0x0000000c   Code   RO          498    i.DMA1_Stream0_IRQHandler  stm32h7xx_it.o
    0x08000ac8   0x08000ac8   0x0000000c   Code   RO          499    i.DMA1_Stream1_IRQHandler  stm32h7xx_it.o
    0x08000ad4   0x08000ad4   0x0000000c   Code   RO          500    i.DMA1_Stream2_IRQHandler  stm32h7xx_it.o
    0x08000ae0   0x08000ae0   0x0000000c   Code   RO          501    i.DMA1_Stream3_IRQHandler  stm32h7xx_it.o
    0x08000aec   0x08000aec   0x0000000c   Code   RO          502    i.DMA1_Stream4_IRQHandler  stm32h7xx_it.o
    0x08000af8   0x08000af8   0x0000000c   Code   RO          503    i.DMA1_Stream5_IRQHandler  stm32h7xx_it.o
    0x08000b04   0x08000b04   0x0000000c   Code   RO          504    i.DMA1_Stream6_IRQHandler  stm32h7xx_it.o
    0x08000b10   0x08000b10   0x0000000c   Code   RO          505    i.DMA1_Stream7_IRQHandler  stm32h7xx_it.o
    0x08000b1c   0x08000b1c   0x0000000c   Code   RO          506    i.DMA2_Stream0_IRQHandler  stm32h7xx_it.o
    0x08000b28   0x08000b28   0x0000000c   Code   RO          507    i.DMA2_Stream1_IRQHandler  stm32h7xx_it.o
    0x08000b34   0x08000b34   0x000000c0   Code   RO         1583    i.DMA_CalcBaseAndBitshift  stm32h7xx_hal_dma.o
    0x08000bf4   0x08000bf4   0x000000a0   Code   RO         1584    i.DMA_CalcDMAMUXChannelBaseAndMask  stm32h7xx_hal_dma.o
    0x08000c94   0x08000c94   0x0000007c   Code   RO         1585    i.DMA_CalcDMAMUXRequestGenBaseAndMask  stm32h7xx_hal_dma.o
    0x08000d10   0x08000d10   0x00000078   Code   RO         1586    i.DMA_CheckFifoParam  stm32h7xx_hal_dma.o
    0x08000d88   0x08000d88   0x0000023c   Code   RO         1587    i.DMA_SetConfig     stm32h7xx_hal_dma.o
    0x08000fc4   0x08000fc4   0x00000002   Code   RO          508    i.DebugMon_Handler  stm32h7xx_it.o
    0x08000fc6   0x08000fc6   0x00000004   Code   RO           13    i.Error_Handler     main.o
    0x08000fca   0x08000fca   0x00000002   PAD
    0x08000fcc   0x08000fcc   0x0000037c   Code   RO         1588    i.HAL_DMA_Abort     stm32h7xx_hal_dma.o
    0x08001348   0x08001348   0x000002b0   Code   RO         1589    i.HAL_DMA_Abort_IT  stm32h7xx_hal_dma.o
    0x080015f8   0x080015f8   0x00000004   Code   RO         1591    i.HAL_DMA_GetError  stm32h7xx_hal_dma.o
    0x080015fc   0x080015fc   0x000007a8   Code   RO         1593    i.HAL_DMA_IRQHandler  stm32h7xx_hal_dma.o
    0x08001da4   0x08001da4   0x000003fc   Code   RO         1594    i.HAL_DMA_Init      stm32h7xx_hal_dma.o
    0x080021a0   0x080021a0   0x000002ec   Code   RO         1598    i.HAL_DMA_Start_IT  stm32h7xx_hal_dma.o
    0x0800248c   0x0800248c   0x00000024   Code   RO         2297    i.HAL_Delay         stm32h7xx_hal.o
    0x080024b0   0x080024b0   0x00000224   Code   RO         1436    i.HAL_GPIO_Init     stm32h7xx_hal_gpio.o
    0x080026d4   0x080026d4   0x0000000c   Code   RO         2308    i.HAL_GetREVID      stm32h7xx_hal.o
    0x080026e0   0x080026e0   0x0000000c   Code   RO         2309    i.HAL_GetTick       stm32h7xx_hal.o
    0x080026ec   0x080026ec   0x0000007a   Code   RO         4210    i.HAL_HalfDuplex_Init  stm32h7xx_hal_uart.o
    0x08002766   0x08002766   0x00000002   PAD
    0x08002768   0x08002768   0x00000010   Code   RO         2315    i.HAL_IncTick       stm32h7xx_hal.o
    0x08002778   0x08002778   0x0000005c   Code   RO         2316    i.HAL_Init          stm32h7xx_hal.o
    0x080027d4   0x080027d4   0x00000088   Code   RO          691    i.HAL_InitTick      stm32h7xx_hal_timebase_tim.o
    0x0800285c   0x0800285c   0x00000024   Code   RO          667    i.HAL_MspInit       stm32h7xx_hal_msp.o
    0x08002880   0x08002880   0x0000001a   Code   RO          736    i.HAL_NVIC_EnableIRQ  stm32h7xx_hal_cortex.o
    0x0800289a   0x0800289a   0x00000002   PAD
    0x0800289c   0x0800289c   0x00000040   Code   RO          742    i.HAL_NVIC_SetPriority  stm32h7xx_hal_cortex.o
    0x080028dc   0x080028dc   0x00000024   Code   RO          743    i.HAL_NVIC_SetPriorityGrouping  stm32h7xx_hal_cortex.o
    0x08002900   0x08002900   0x00000058   Code   RO         2037    i.HAL_PWREx_ConfigSupply  stm32h7xx_hal_pwr_ex.o
    0x08002958   0x08002958   0x00000024   Code   RO          987    i.HAL_RCCEx_GetD3PCLK1Freq  stm32h7xx_hal_rcc_ex.o
    0x0800297c   0x0800297c   0x000001c0   Code   RO          989    i.HAL_RCCEx_GetPLL2ClockFreq  stm32h7xx_hal_rcc_ex.o
    0x08002b3c   0x08002b3c   0x000001c0   Code   RO          990    i.HAL_RCCEx_GetPLL3ClockFreq  stm32h7xx_hal_rcc_ex.o
    0x08002cfc   0x08002cfc   0x00000928   Code   RO          996    i.HAL_RCCEx_PeriphCLKConfig  stm32h7xx_hal_rcc_ex.o
    0x08003624   0x08003624   0x0000027c   Code   RO          872    i.HAL_RCC_ClockConfig  stm32h7xx_hal_rcc.o
    0x080038a0   0x080038a0   0x00000060   Code   RO          876    i.HAL_RCC_GetClockConfig  stm32h7xx_hal_rcc.o
    0x08003900   0x08003900   0x00000044   Code   RO          877    i.HAL_RCC_GetHCLKFreq  stm32h7xx_hal_rcc.o
    0x08003944   0x08003944   0x00000024   Code   RO          879    i.HAL_RCC_GetPCLK1Freq  stm32h7xx_hal_rcc.o
    0x08003968   0x08003968   0x00000024   Code   RO          880    i.HAL_RCC_GetPCLK2Freq  stm32h7xx_hal_rcc.o
    0x0800398c   0x0800398c   0x000001b4   Code   RO          881    i.HAL_RCC_GetSysClockFreq  stm32h7xx_hal_rcc.o
    0x08003b40   0x08003b40   0x0000063c   Code   RO          884    i.HAL_RCC_OscConfig  stm32h7xx_hal_rcc.o
    0x0800417c   0x0800417c   0x00000002   Code   RO         3917    i.HAL_TIMEx_Break2Callback  stm32h7xx_hal_tim_ex.o
    0x0800417e   0x0800417e   0x00000002   Code   RO         3918    i.HAL_TIMEx_BreakCallback  stm32h7xx_hal_tim_ex.o
    0x08004180   0x08004180   0x00000002   Code   RO         3919    i.HAL_TIMEx_CommutCallback  stm32h7xx_hal_tim_ex.o
    0x08004182   0x08004182   0x00000002   PAD
    0x08004184   0x08004184   0x000000a0   Code   RO         3939    i.HAL_TIMEx_MasterConfigSynchronization  stm32h7xx_hal_tim_ex.o
    0x08004224   0x08004224   0x0000004e   Code   RO         3192    i.HAL_TIM_Base_Init  stm32h7xx_hal_tim.o
    0x08004272   0x08004272   0x00000002   PAD
    0x08004274   0x08004274   0x00000068   Code   RO          384    i.HAL_TIM_Base_MspInit  tim.o
    0x080042dc   0x080042dc   0x00000094   Code   RO         3197    i.HAL_TIM_Base_Start_IT  stm32h7xx_hal_tim.o
    0x08004370   0x08004370   0x00000108   Code   RO         3201    i.HAL_TIM_ConfigClockSource  stm32h7xx_hal_tim.o
    0x08004478   0x08004478   0x00000002   Code   RO         3226    i.HAL_TIM_IC_CaptureCallback  stm32h7xx_hal_tim.o
    0x0800447a   0x0800447a   0x0000018c   Code   RO         3240    i.HAL_TIM_IRQHandler  stm32h7xx_hal_tim.o
    0x08004606   0x08004606   0x00000002   Code   RO         3243    i.HAL_TIM_OC_DelayElapsedCallback  stm32h7xx_hal_tim.o
    0x08004608   0x08004608   0x00000002   Code   RO         3270    i.HAL_TIM_PWM_PulseFinishedCallback  stm32h7xx_hal_tim.o
    0x0800460a   0x0800460a   0x00000002   PAD
    0x0800460c   0x0800460c   0x00000014   Code   RO           14    i.HAL_TIM_PeriodElapsedCallback  main.o
    0x08004620   0x08004620   0x00000002   Code   RO         3283    i.HAL_TIM_TriggerCallback  stm32h7xx_hal_tim.o
    0x08004622   0x08004622   0x0000003c   Code   RO         4633    i.HAL_UARTEx_DisableFifoMode  stm32h7xx_hal_uart_ex.o
    0x0800465e   0x0800465e   0x00000002   Code   RO         4217    i.HAL_UARTEx_RxEventCallback  stm32h7xx_hal_uart.o
    0x08004660   0x08004660   0x00000002   Code   RO         4640    i.HAL_UARTEx_RxFifoFullCallback  stm32h7xx_hal_uart_ex.o
    0x08004662   0x08004662   0x0000004c   Code   RO         4641    i.HAL_UARTEx_SetRxFifoThreshold  stm32h7xx_hal_uart_ex.o
    0x080046ae   0x080046ae   0x0000004c   Code   RO         4642    i.HAL_UARTEx_SetTxFifoThreshold  stm32h7xx_hal_uart_ex.o
    0x080046fa   0x080046fa   0x00000002   Code   RO         4644    i.HAL_UARTEx_TxFifoEmptyCallback  stm32h7xx_hal_uart_ex.o
    0x080046fc   0x080046fc   0x00000002   Code   RO         4645    i.HAL_UARTEx_WakeupCallback  stm32h7xx_hal_uart_ex.o
    0x080046fe   0x080046fe   0x0000009a   Code   RO         4229    i.HAL_UART_DMAStop  stm32h7xx_hal_uart.o
    0x08004798   0x08004798   0x00000002   Code   RO         4233    i.HAL_UART_ErrorCallback  stm32h7xx_hal_uart.o
    0x0800479a   0x0800479a   0x00000002   PAD
    0x0800479c   0x0800479c   0x00000374   Code   RO         4236    i.HAL_UART_IRQHandler  stm32h7xx_hal_uart.o
    0x08004b10   0x08004b10   0x00000070   Code   RO         4237    i.HAL_UART_Init     stm32h7xx_hal_uart.o
    0x08004b80   0x08004b80   0x00000484   Code   RO          432    i.HAL_UART_MspInit  usart.o
    0x08005004   0x08005004   0x00000058   Code   RO         4241    i.HAL_UART_Receive_DMA  stm32h7xx_hal_uart.o
    0x0800505c   0x0800505c   0x00000002   Code   RO         4244    i.HAL_UART_RxCpltCallback  stm32h7xx_hal_uart.o
    0x0800505e   0x0800505e   0x00000002   Code   RO         4245    i.HAL_UART_RxHalfCpltCallback  stm32h7xx_hal_uart.o
    0x08005060   0x08005060   0x000000a4   Code   RO         4247    i.HAL_UART_Transmit_DMA  stm32h7xx_hal_uart.o
    0x08005104   0x08005104   0x00000002   Code   RO         4249    i.HAL_UART_TxCpltCallback  stm32h7xx_hal_uart.o
    0x08005106   0x08005106   0x00000002   Code   RO         4250    i.HAL_UART_TxHalfCpltCallback  stm32h7xx_hal_uart.o
    0x08005108   0x08005108   0x00000002   Code   RO          509    i.HardFault_Handler  stm32h7xx_it.o
    0x0800510a   0x0800510a   0x00000002   PAD
    0x0800510c   0x0800510c   0x000000cc   Code   RO          359    i.MX_DMA_Init       dma.o
    0x080051d8   0x080051d8   0x00000068   Code   RO          288    i.MX_FREERTOS_Init  freertos.o
    0x08005240   0x08005240   0x0000003c   Code   RO          264    i.MX_GPIO_Init      gpio.o
    0x0800527c   0x0800527c   0x0000006c   Code   RO          385    i.MX_TIM4_Init      tim.o
    0x080052e8   0x080052e8   0x0000004c   Code   RO          386    i.MX_TIM6_Init      tim.o
    0x08005334   0x08005334   0x00000068   Code   RO          433    i.MX_UART4_Init     usart.o
    0x0800539c   0x0800539c   0x00000068   Code   RO          434    i.MX_UART5_Init     usart.o
    0x08005404   0x08005404   0x00000068   Code   RO          435    i.MX_USART1_UART_Init  usart.o
    0x0800546c   0x0800546c   0x00000068   Code   RO          436    i.MX_USART2_UART_Init  usart.o
    0x080054d4   0x080054d4   0x00000068   Code   RO          437    i.MX_USART3_UART_Init  usart.o
    0x0800553c   0x0800553c   0x00000002   Code   RO          510    i.MemManage_Handler  stm32h7xx_it.o
    0x0800553e   0x0800553e   0x00000002   Code   RO          511    i.NMI_Handler       stm32h7xx_it.o
    0x08005540   0x08005540   0x00000124   Code   RO          999    i.RCCEx_PLL2_Config  stm32h7xx_hal_rcc_ex.o
    0x08005664   0x08005664   0x00000124   Code   RO         1000    i.RCCEx_PLL3_Config  stm32h7xx_hal_rcc_ex.o
    0x08005788   0x08005788   0x0000000a   Code   RO          289    i.StartDefaultTask  freertos.o
    0x08005792   0x08005792   0x0000000c   Code   RO         6417    i.StartTaskHigh     user_tasks.o
    0x0800579e   0x0800579e   0x00000008   Code   RO         6418    i.StartTaskLow      user_tasks.o
    0x080057a6   0x080057a6   0x00000002   PAD
    0x080057a8   0x080057a8   0x0000002c   Code   RO         6419    i.StartTaskMid      user_tasks.o
    0x080057d4   0x080057d4   0x0000002c   Code   RO         6026    i.SysTick_Handler   port.o
    0x08005800   0x08005800   0x000000dc   Code   RO           15    i.SystemClock_Config  main.o
    0x080058dc   0x080058dc   0x000000dc   Code   RO         4751    i.SystemInit        system_stm32h7xx.o
    0x080059b8   0x080059b8   0x0000000c   Code   RO          512    i.TIM17_IRQHandler  stm32h7xx_it.o
    0x080059c4   0x080059c4   0x00000014   Code   RO          513    i.TIM4_IRQHandler   stm32h7xx_it.o
    0x080059d8   0x080059d8   0x00000014   Code   RO          514    i.TIM6_DAC_IRQHandler  stm32h7xx_it.o
    0x080059ec   0x080059ec   0x000000c0   Code   RO         3285    i.TIM_Base_SetConfig  stm32h7xx_hal_tim.o
    0x08005aac   0x08005aac   0x00000014   Code   RO         3296    i.TIM_ETR_SetConfig  stm32h7xx_hal_tim.o
    0x08005ac0   0x08005ac0   0x00000014   Code   RO         3297    i.TIM_ITRx_SetConfig  stm32h7xx_hal_tim.o
    0x08005ad4   0x08005ad4   0x00000022   Code   RO         3305    i.TIM_TI1_ConfigInputStage  stm32h7xx_hal_tim.o
    0x08005af6   0x08005af6   0x00000024   Code   RO         3307    i.TIM_TI2_ConfigInputStage  stm32h7xx_hal_tim.o
    0x08005b1a   0x08005b1a   0x00000002   PAD
    0x08005b1c   0x08005b1c   0x00000070   Code   RO         6420    i.TeachmodeRUN      user_tasks.o
    0x08005b8c   0x08005b8c   0x0000000c   Code   RO          515    i.UART4_IRQHandler  stm32h7xx_it.o
    0x08005b98   0x08005b98   0x0000000c   Code   RO          516    i.UART5_IRQHandler  stm32h7xx_it.o
    0x08005ba4   0x08005ba4   0x00000048   Code   RO         4646    i.UARTEx_SetNbDataToProcess  stm32h7xx_hal_uart_ex.o
    0x08005bec   0x08005bec   0x000000c8   Code   RO         4251    i.UART_AdvFeatureConfig  stm32h7xx_hal_uart.o
    0x08005cb4   0x08005cb4   0x00000060   Code   RO         4252    i.UART_CheckIdleState  stm32h7xx_hal_uart.o
    0x08005d14   0x08005d14   0x00000014   Code   RO         4253    i.UART_DMAAbortOnError  stm32h7xx_hal_uart.o
    0x08005d28   0x08005d28   0x00000050   Code   RO         4254    i.UART_DMAError     stm32h7xx_hal_uart.o
    0x08005d78   0x08005d78   0x00000082   Code   RO         4255    i.UART_DMAReceiveCplt  stm32h7xx_hal_uart.o
    0x08005dfa   0x08005dfa   0x0000001c   Code   RO         4257    i.UART_DMARxHalfCplt  stm32h7xx_hal_uart.o
    0x08005e16   0x08005e16   0x00000042   Code   RO         4259    i.UART_DMATransmitCplt  stm32h7xx_hal_uart.o
    0x08005e58   0x08005e58   0x0000000a   Code   RO         4261    i.UART_DMATxHalfCplt  stm32h7xx_hal_uart.o
    0x08005e62   0x08005e62   0x00000002   PAD
    0x08005e64   0x08005e64   0x00000054   Code   RO         4263    i.UART_EndRxTransfer  stm32h7xx_hal_uart.o
    0x08005eb8   0x08005eb8   0x00000024   Code   RO         4264    i.UART_EndTransmit_IT  stm32h7xx_hal_uart.o
    0x08005edc   0x08005edc   0x0000002e   Code   RO         4265    i.UART_EndTxTransfer  stm32h7xx_hal_uart.o
    0x08005f0a   0x08005f0a   0x00000002   PAD
    0x08005f0c   0x08005f0c   0x00000490   Code   RO         4270    i.UART_SetConfig    stm32h7xx_hal_uart.o
    0x0800639c   0x0800639c   0x000000a4   Code   RO         4271    i.UART_Start_Receive_DMA  stm32h7xx_hal_uart.o
    0x08006440   0x08006440   0x000000be   Code   RO         4277    i.UART_WaitOnFlagUntilTimeout  stm32h7xx_hal_uart.o
    0x080064fe   0x080064fe   0x00000002   PAD
    0x08006500   0x08006500   0x00000014   Code   RO          517    i.USART1_IRQHandler  stm32h7xx_it.o
    0x08006514   0x08006514   0x00000014   Code   RO          518    i.USART2_IRQHandler  stm32h7xx_it.o
    0x08006528   0x08006528   0x00000014   Code   RO          519    i.USART3_IRQHandler  stm32h7xx_it.o
    0x0800653c   0x0800653c   0x00000002   Code   RO          520    i.UsageFault_Handler  stm32h7xx_it.o
    0x0800653e   0x0800653e   0x00000002   PAD
    0x08006540   0x08006540   0x00000020   Code   RO         6421    i.User_Init         user_tasks.o
    0x08006560   0x08006560   0x000000a8   Code   RO         6191    i.User_LegAllSetAngTime  user_servo.o
    0x08006608   0x08006608   0x000000cc   Code   RO         6193    i.User_ServoHead_IRQHandler  user_servo.o
    0x080066d4   0x080066d4   0x000000f0   Code   RO         6194    i.User_ServoInit    user_servo.o
    0x080067c4   0x080067c4   0x000000cc   Code   RO         6195    i.User_ServoLegLEFT_IRQHandler  user_servo.o
    0x08006890   0x08006890   0x000000cc   Code   RO         6196    i.User_ServoLegRIGHT_IRQHandler  user_servo.o
    0x0800695c   0x0800695c   0x00000064   Code   RO         6197    i.User_SetDamping   user_servo.o
    0x080069c0   0x080069c0   0x0000000c   Code   RO         6105    i.User_TeachTimerInit  user_timer.o
    0x080069cc   0x080069cc   0x0000000c   Code   RO         6106    i.User_TimerInit    user_timer.o
    0x080069d8   0x080069d8   0x00000108   Code   RO         6107    i.User_TimerServoIRQ  user_timer.o
    0x08006ae0   0x08006ae0   0x0000009c   Code   RO         6108    i.User_TimerTeachIRQ  user_timer.o
    0x08006b7c   0x08006b7c   0x00000070   Code   RO         6199    i.User_UsartReadServoAng  user_servo.o
    0x08006bec   0x08006bec   0x00000074   Code   RO         6200    i.User_UsartReadServoData  user_servo.o
    0x08006c60   0x08006c60   0x000000c8   Code   RO         6201    i.User_UsartServoDataParas  user_servo.o
    0x08006d28   0x08006d28   0x000000a8   Code   RO         6202    i.User_UsartSetHeadAngTime  user_servo.o
    0x08006dd0   0x08006dd0   0x00000204   Code   RO         6203    i.User_UsartSetLegAngTime  user_servo.o
    0x08006fd4   0x08006fd4   0x00000020   Code   RO          749    i.__NVIC_SetPriority  stm32h7xx_hal_cortex.o
    0x08006ff4   0x08006ff4   0x00000002   Code   RO         6331    i._sys_exit         action_library.o
    0x08006ff6   0x08006ff6   0x00000002   PAD
    0x08006ff8   0x08006ff8   0x00000018   Code   RO         6332    i.fputc             action_library.o
    0x08007010   0x08007010   0x00000044   Code   RO           16    i.main              main.o
    0x08007054   0x08007054   0x0000000c   Code   RO         5591    i.makeFreeRtosPriority  cmsis_os.o
    0x08007060   0x08007060   0x00000010   Code   RO         5593    i.osDelay           cmsis_os.o
    0x08007070   0x08007070   0x0000000a   Code   RO         5596    i.osKernelStart     cmsis_os.o
    0x0800707a   0x0800707a   0x00000058   Code   RO         5630    i.osThreadCreate    cmsis_os.o
    0x080070d2   0x080070d2   0x00000002   PAD
    0x080070d4   0x080070d4   0x00000070   Code   RO         5262    i.prvAddCurrentTaskToDelayedList  tasks.o
    0x08007144   0x08007144   0x00000088   Code   RO         5263    i.prvAddNewTaskToReadyList  tasks.o
    0x080071cc   0x080071cc   0x0000003c   Code   RO         5264    i.prvCheckTasksWaitingTermination  tasks.o
    0x08007208   0x08007208   0x00000040   Code   RO         5265    i.prvDeleteTCB      tasks.o
    0x08007248   0x08007248   0x0000004c   Code   RO         5958    i.prvHeapInit       heap_4.o
    0x08007294   0x08007294   0x00000028   Code   RO         5266    i.prvIdleTask       tasks.o
    0x080072bc   0x080072bc   0x00000094   Code   RO         5267    i.prvInitialiseNewTask  tasks.o
    0x08007350   0x08007350   0x00000058   Code   RO         5268    i.prvInitialiseTaskLists  tasks.o
    0x080073a8   0x080073a8   0x00000054   Code   RO         5959    i.prvInsertBlockIntoFreeList  heap_4.o
    0x080073fc   0x080073fc   0x00000024   Code   RO         5269    i.prvResetNextTaskUnblockTime  tasks.o
    0x08007420   0x08007420   0x0000002c   Code   RO         6027    i.prvTaskExitError  port.o
    0x0800744c   0x0800744c   0x000000dc   Code   RO         5960    i.pvPortMalloc      heap_4.o
    0x08007528   0x08007528   0x00000024   Code   RO         6028    i.pxPortInitialiseStack  port.o
    0x0800754c   0x0800754c   0x00000026   Code   RO         4888    i.uxListRemove      list.o
    0x08007572   0x08007572   0x00000002   PAD
    0x08007574   0x08007574   0x00000014   Code   RO          293    i.vApplicationGetIdleTaskMemory  freertos.o
    0x08007588   0x08007588   0x00000016   Code   RO         4889    i.vListInitialise   list.o
    0x0800759e   0x0800759e   0x00000006   Code   RO         4890    i.vListInitialiseItem  list.o
    0x080075a4   0x080075a4   0x00000030   Code   RO         4891    i.vListInsert       list.o
    0x080075d4   0x080075d4   0x00000018   Code   RO         4892    i.vListInsertEnd    list.o
    0x080075ec   0x080075ec   0x00000040   Code   RO         6030    i.vPortEnterCritical  port.o
    0x0800762c   0x0800762c   0x0000002c   Code   RO         6031    i.vPortExitCritical  port.o
    0x08007658   0x08007658   0x00000064   Code   RO         5961    i.vPortFree         heap_4.o
    0x080076bc   0x080076bc   0x00000024   Code   RO         6032    i.vPortSetupTimerInterrupt  port.o
    0x080076e0   0x080076e0   0x00000050   Code   RO         5278    i.vTaskDelay        tasks.o
    0x08007730   0x08007730   0x00000088   Code   RO         5291    i.vTaskStartScheduler  tasks.o
    0x080077b8   0x080077b8   0x00000010   Code   RO         5293    i.vTaskSuspendAll   tasks.o
    0x080077c8   0x080077c8   0x00000060   Code   RO         5294    i.vTaskSwitchContext  tasks.o
    0x08007828   0x08007828   0x000000f4   Code   RO         6034    i.xPortStartScheduler  port.o
    0x0800791c   0x0800791c   0x00000064   Code   RO         5297    i.xTaskCreate       tasks.o
    0x08007980   0x08007980   0x0000005c   Code   RO         5298    i.xTaskCreateStatic  tasks.o
    0x080079dc   0x080079dc   0x000000d0   Code   RO         5305    i.xTaskIncrementTick  tasks.o
    0x08007aac   0x08007aac   0x000000cc   Code   RO         5311    i.xTaskResumeAll    tasks.o
    0x08007b78   0x08007b78   0x0000000a   Code   RO         6841    x$fpl$fpinit        fz_wv.l(fpinit.o)
    0x08007b82   0x08007b82   0x00000002   PAD
    0x08007b84   0x08007b84   0x00000070   Data   RO          295    .constdata          freertos.o
    0x08007bf4   0x08007bf4   0x00000008   Data   RO         1600    .constdata          stm32h7xx_hal_dma.o
    0x08007bfc   0x08007bfc   0x00000018   Data   RO         4278    .constdata          stm32h7xx_hal_uart.o
    0x08007c14   0x08007c14   0x00000010   Data   RO         4648    .constdata          stm32h7xx_hal_uart_ex.o
    0x08007c24   0x08007c24   0x00000010   Data   RO         4752    .constdata          system_stm32h7xx.o
    0x08007c34   0x08007c34   0x00000028   Data   RO          296    .conststring        freertos.o
    0x08007c5c   0x08007c5c   0x00000050   Data   RO         6341    .conststring        action_library.o
    0x08007cac   0x08007cac   0x00000020   Data   RO         6897    Region$$Table       anon$$obj.o


    Execution Region RW_IRAM1 (Exec base: 0x20000000, Load base: 0x08007ccc, Size: 0x00000000, Max: 0x00020000, ABSOLUTE)

    **** No section assigned to this execution region ****


    Execution Region RW_IRAM2 (Exec base: 0x24000000, Load base: 0x08007ccc, Size: 0x0000d2a0, Max: 0x00080000, ABSOLUTE, COMPRESSED[0x00000114])

    Exec Addr    Load Addr    Size         Type   Attr      Idx    E Section Name        Object

    0x24000000   COMPRESSED   0x00000010   Data   RW          297    .data               freertos.o
    0x24000010   COMPRESSED   0x0000000c   Data   RW         2338    .data               stm32h7xx_hal.o
    0x2400001c   COMPRESSED   0x00000008   Data   RW         4753    .data               system_stm32h7xx.o
    0x24000024   COMPRESSED   0x0000003c   Data   RW         5314    .data               tasks.o
    0x24000060   COMPRESSED   0x00000020   Data   RW         5967    .data               heap_4.o
    0x24000080   COMPRESSED   0x0000000c   Data   RW         6035    .data               port.o
    0x2400008c   COMPRESSED   0x00000014   Data   RW         6110    .data               user_timer.o
    0x240000a0   COMPRESSED   0x00000001   Data   RW         6206    .data               user_servo.o
    0x240000a1   COMPRESSED   0x00000003   PAD
    0x240000a4   COMPRESSED   0x00000c90   Data   RW         6342    .data               action_library.o
    0x24000d34   COMPRESSED   0x00000004   Data   RW         6343    .data               action_library.o
    0x24000d38   COMPRESSED   0x00000004   Data   RW         6344    .data               action_library.o
    0x24000d3c   COMPRESSED   0x00000004   Data   RW         6345    .data               action_library.o
    0x24000d40   COMPRESSED   0x00000008   Data   RW         6424    .data               user_tasks.o
    0x24000d48        -       0x00000254   Zero   RW          294    .bss                freertos.o
    0x24000f9c        -       0x00000098   Zero   RW          387    .bss                tim.o
    0x24001034        -       0x00000780   Zero   RW          438    .bss                usart.o
    0x240017b4        -       0x0000004c   Zero   RW          694    .bss                stm32h7xx_hal_timebase_tim.o
    0x24001800        -       0x000000f0   Zero   RW         5313    .bss                tasks.o
    0x240018f0        -       0x00003c00   Zero   RW         5966    .bss                heap_4.o
    0x240054f0        -       0x00000538   Zero   RW         6205    .bss                user_servo.o
    0x24005a28        -       0x000071b4   Zero   RW         6340    .bss                action_library.o
    0x2400cbdc        -       0x0000005f   Zero   RW         6422    .bss                user_tasks.o
    0x2400cc3b   COMPRESSED   0x00000001   PAD
    0x2400cc3c        -       0x00000060   Zero   RW         6757    .bss                c_w.l(libspace.o)
    0x2400cc9c   COMPRESSED   0x00000004   PAD
    0x2400cca0        -       0x00000200   Zero   RW            2    HEAP                startup_stm32h743xx.o
    0x2400cea0        -       0x00000400   Zero   RW            1    STACK               startup_stm32h743xx.o


==============================================================================

Image component sizes


      Code (inc. data)   RO Data    RW Data    ZI Data      Debug   Object Name

       338        140         80       3228      29108       5871   action_library.o
       126          0          0          0          0      23095   cmsis_os.o
       204          4          0          0          0        986   dma.o
         0          0          0          0          0      16812   event_groups.o
       134         12        152         16        596       7329   freertos.o
        60          6          0          0          0        935   gpio.o
       480         26          0         32      15360       7595   heap_4.o
       138          0          0          0          0       3638   list.o
       312         20          0          0          0    1300956   main.o
       702         74          0         12          0      11080   port.o
        64         26        664          0       1536        836   startup_stm32h743xx.o
       168         36          0         12          0      22669   stm32h7xx_hal.o
       158         14          0          0          0      38786   stm32h7xx_hal_cortex.o
      6480        144          8          0          0      14969   stm32h7xx_hal_dma.o
       548         50          0          0          0       1764   stm32h7xx_hal_gpio.o
        36          4          0          0          0        926   stm32h7xx_hal_msp.o
        88          6          0          0          0        825   stm32h7xx_hal_pwr_ex.o
      2904        136          0          0          0       8673   stm32h7xx_hal_rcc.o
      3860        126          0          0          0       8133   stm32h7xx_hal_rcc_ex.o
      1196         80          0          0          0       9971   stm32h7xx_hal_tim.o
       166         28          0          0          0       3244   stm32h7xx_hal_tim_ex.o
       136         22          0          0         76       1620   stm32h7xx_hal_timebase_tim.o
      3854        156         24          0          0      41171   stm32h7xx_hal_uart.o
       290          6         16          0          0       5498   stm32h7xx_hal_uart_ex.o
       268         98          0          0          0      11338   stm32h7xx_it.o
         0          0          0          0          0        392   stream_buffer.o
       220         42         16          8          0       1426   system_stm32h7xx.o
      1616        120          0         60        240      20705   tasks.o
       288         32          0          0        152       2447   tim.o
      1676        114          0          0       1920       5848   usart.o
      2232        162          0          1       1336      10103   user_servo.o
       444         52          0          8         95       4398   user_tasks.o
       444         56          0         20          0       3072   user_timer.o

    ----------------------------------------------------------------------
     29668       1792        992       3400      50420    1597111   Object Totals
         0          0         32          0          0          0   (incl. Generated)
        38          0          0          3          1          0   (incl. Padding)

    ----------------------------------------------------------------------

      Code (inc. data)   RO Data    RW Data    ZI Data      Debug   Library Member Name

        90          0          0          0          0          0   __dczerorl2.o
         8          0          0          0          0         68   __main.o
       104          0          0          0          0         84   __printf.o
         0          0          0          0          0          0   __rtentry.o
        12          0          0          0          0          0   __rtentry2.o
         6          0          0          0          0          0   __rtentry4.o
        52          8          0          0          0          0   __scatter.o
        28          0          0          0          0          0   __scatter_zi.o
        48          6          0          0          0         96   _printf_char_common.o
        36          4          0          0          0         80   _printf_char_file.o
         6          0          0          0          0          0   _printf_d.o
       120         16          0          0          0         92   _printf_dec.o
       178          0          0          0          0         88   _printf_intcommon.o
         0          0          0          0          0          0   _printf_percent.o
         4          0          0          0          0          0   _printf_percent_end.o
        18          0          0          0          0         80   exit.o
         8          0          0          0          0         68   ferror.o
         6          0          0          0          0        152   heapauxi.o
         2          0          0          0          0          0   libinit.o
         6          0          0          0          0          0   libinit2.o
         2          0          0          0          0          0   libshutdown.o
         2          0          0          0          0          0   libshutdown2.o
         8          4          0          0         96         68   libspace.o
       238          0          0          0          0        100   lludivv7m.o
        24          4          0          0          0         84   noretval__2printf.o
        78          0          0          0          0         80   rt_memclr_w.o
       100          0          0          0          0         80   rt_memcpy_w.o
         2          0          0          0          0          0   rtexit.o
        10          0          0          0          0          0   rtexit2.o
        74          0          0          0          0         80   sys_stackheap_outer.o
         2          0          0          0          0         68   use_no_semi.o
         2          0          0          0          0         68   use_no_semi_2.o
        10          0          0          0          0        116   fpinit.o

    ----------------------------------------------------------------------
      1288         42          0          0        100       1552   Library Totals
         4          0          0          0          4          0   (incl. Padding)

    ----------------------------------------------------------------------

      Code (inc. data)   RO Data    RW Data    ZI Data      Debug   Library Name

      1274         42          0          0         96       1436   c_w.l
        10          0          0          0          0        116   fz_wv.l

    ----------------------------------------------------------------------
      1288         42          0          0        100       1552   Library Totals

    ----------------------------------------------------------------------

==============================================================================


      Code (inc. data)   RO Data    RW Data    ZI Data      Debug   

     30956       1834        992       3400      50520    1579787   Grand Totals
     30956       1834        992        276      50520    1579787   ELF Image Totals (compressed)
     30956       1834        992        276          0          0   ROM Totals

==============================================================================

    Total RO  Size (Code + RO Data)                31948 (  31.20kB)
    Total RW  Size (RW Data + ZI Data)             53920 (  52.66kB)
    Total ROM Size (Code + RO Data + RW Data)      32224 (  31.47kB)

==============================================================================

