Component: ARM Compiler 5.06 update 7 (build 960) Tool: armlink [4d3601]

==============================================================================

Section Cross References

    startup_stm32h743xx.o(STACK) refers (Special) to heapauxi.o(.text) for __use_two_region_memory
    startup_stm32h743xx.o(HEAP) refers (Special) to heapauxi.o(.text) for __use_two_region_memory
    startup_stm32h743xx.o(RESET) refers (Special) to heapauxi.o(.text) for __use_two_region_memory
    startup_stm32h743xx.o(RESET) refers to startup_stm32h743xx.o(STACK) for __initial_sp
    startup_stm32h743xx.o(RESET) refers to startup_stm32h743xx.o(.text) for Reset_Handler
    startup_stm32h743xx.o(RESET) refers to stm32h7xx_it.o(i.NMI_Handler) for NMI_Handler
    startup_stm32h743xx.o(RESET) refers to stm32h7xx_it.o(i.HardFault_Handler) for HardFault_Handler
    startup_stm32h743xx.o(RESET) refers to stm32h7xx_it.o(i.MemManage_Handler) for MemManage_Handler
    startup_stm32h743xx.o(RESET) refers to stm32h7xx_it.o(i.BusFault_Handler) for BusFault_Handler
    startup_stm32h743xx.o(RESET) refers to stm32h7xx_it.o(i.UsageFault_Handler) for UsageFault_Handler
    startup_stm32h743xx.o(RESET) refers to port.o(.emb_text) for SVC_Handler
    startup_stm32h743xx.o(RESET) refers to stm32h7xx_it.o(i.DebugMon_Handler) for DebugMon_Handler
    startup_stm32h743xx.o(RESET) refers to port.o(i.SysTick_Handler) for SysTick_Handler
    startup_stm32h743xx.o(RESET) refers to stm32h7xx_it.o(i.DMA1_Stream0_IRQHandler) for DMA1_Stream0_IRQHandler
    startup_stm32h743xx.o(RESET) refers to stm32h7xx_it.o(i.DMA1_Stream1_IRQHandler) for DMA1_Stream1_IRQHandler
    startup_stm32h743xx.o(RESET) refers to stm32h7xx_it.o(i.DMA1_Stream2_IRQHandler) for DMA1_Stream2_IRQHandler
    startup_stm32h743xx.o(RESET) refers to stm32h7xx_it.o(i.DMA1_Stream3_IRQHandler) for DMA1_Stream3_IRQHandler
    startup_stm32h743xx.o(RESET) refers to stm32h7xx_it.o(i.DMA1_Stream4_IRQHandler) for DMA1_Stream4_IRQHandler
    startup_stm32h743xx.o(RESET) refers to stm32h7xx_it.o(i.DMA1_Stream5_IRQHandler) for DMA1_Stream5_IRQHandler
    startup_stm32h743xx.o(RESET) refers to stm32h7xx_it.o(i.DMA1_Stream6_IRQHandler) for DMA1_Stream6_IRQHandler
    startup_stm32h743xx.o(RESET) refers to stm32h7xx_it.o(i.TIM4_IRQHandler) for TIM4_IRQHandler
    startup_stm32h743xx.o(RESET) refers to stm32h7xx_it.o(i.USART1_IRQHandler) for USART1_IRQHandler
    startup_stm32h743xx.o(RESET) refers to stm32h7xx_it.o(i.USART2_IRQHandler) for USART2_IRQHandler
    startup_stm32h743xx.o(RESET) refers to stm32h7xx_it.o(i.USART3_IRQHandler) for USART3_IRQHandler
    startup_stm32h743xx.o(RESET) refers to stm32h7xx_it.o(i.DMA1_Stream7_IRQHandler) for DMA1_Stream7_IRQHandler
    startup_stm32h743xx.o(RESET) refers to stm32h7xx_it.o(i.UART4_IRQHandler) for UART4_IRQHandler
    startup_stm32h743xx.o(RESET) refers to stm32h7xx_it.o(i.UART5_IRQHandler) for UART5_IRQHandler
    startup_stm32h743xx.o(RESET) refers to stm32h7xx_it.o(i.TIM6_DAC_IRQHandler) for TIM6_DAC_IRQHandler
    startup_stm32h743xx.o(RESET) refers to stm32h7xx_it.o(i.DMA2_Stream0_IRQHandler) for DMA2_Stream0_IRQHandler
    startup_stm32h743xx.o(RESET) refers to stm32h7xx_it.o(i.DMA2_Stream1_IRQHandler) for DMA2_Stream1_IRQHandler
    startup_stm32h743xx.o(RESET) refers to stm32h7xx_it.o(i.TIM17_IRQHandler) for TIM17_IRQHandler
    startup_stm32h743xx.o(.text) refers (Special) to heapauxi.o(.text) for __use_two_region_memory
    startup_stm32h743xx.o(.text) refers to system_stm32h7xx.o(i.SystemInit) for SystemInit
    startup_stm32h743xx.o(.text) refers to __main.o(!!!main) for __main
    startup_stm32h743xx.o(.text) refers to startup_stm32h743xx.o(HEAP) for Heap_Mem
    startup_stm32h743xx.o(.text) refers to startup_stm32h743xx.o(STACK) for Stack_Mem
    main.o(i.HAL_TIM_PeriodElapsedCallback) refers to stm32h7xx_hal.o(i.HAL_IncTick) for HAL_IncTick
    main.o(i.SystemClock_Config) refers to rt_memclr_w.o(.text) for __aeabi_memclr4
    main.o(i.SystemClock_Config) refers to stm32h7xx_hal_pwr_ex.o(i.HAL_PWREx_ConfigSupply) for HAL_PWREx_ConfigSupply
    main.o(i.SystemClock_Config) refers to stm32h7xx_hal_rcc.o(i.HAL_RCC_OscConfig) for HAL_RCC_OscConfig
    main.o(i.SystemClock_Config) refers to main.o(i.Error_Handler) for Error_Handler
    main.o(i.SystemClock_Config) refers to stm32h7xx_hal_rcc.o(i.HAL_RCC_ClockConfig) for HAL_RCC_ClockConfig
    main.o(i.main) refers to stm32h7xx_hal.o(i.HAL_Init) for HAL_Init
    main.o(i.main) refers to main.o(i.SystemClock_Config) for SystemClock_Config
    main.o(i.main) refers to gpio.o(i.MX_GPIO_Init) for MX_GPIO_Init
    main.o(i.main) refers to usart.o(i.MX_UART4_Init) for MX_UART4_Init
    main.o(i.main) refers to dma.o(i.MX_DMA_Init) for MX_DMA_Init
    main.o(i.main) refers to usart.o(i.MX_USART3_UART_Init) for MX_USART3_UART_Init
    main.o(i.main) refers to usart.o(i.MX_UART5_Init) for MX_UART5_Init
    main.o(i.main) refers to tim.o(i.MX_TIM4_Init) for MX_TIM4_Init
[...]
    __arm_fini_                               - Undefined Weak Reference
    __arm_preinit_                            - Undefined Weak Reference
    __cpp_initialize__aeabi_                  - Undefined Weak Reference
    __cxa_finalize                            - Undefined Weak Reference
    __rt_locale                               - Undefined Weak Reference
    __sigvec_lookup                           - Undefined Weak Reference
    _atexit_init                              - Undefined Weak Reference
    _call_atexit_fns                          - Undefined Weak Reference
    _clock_init                               - Undefined Weak Reference
    _fp_trap_init                             - Undefined Weak Reference
    _fp_trap_shutdown                         - Undefined Weak Reference
    _get_lc_collate                           - Undefined Weak Reference
    _get_lc_ctype                             - Undefined Weak Reference
    _get_lc_monetary                          - Undefined Weak Reference
    _get_lc_numeric                           - Undefined Weak Reference
    _get_lc_time                              - Undefined Weak Reference
    _getenv_init                              - Undefined Weak Reference
    _handle_redirection                       - Undefined Weak Reference
    _init_alloc                               - Undefined Weak Reference
    _init_user_alloc                          - Undefined Weak Reference
    _initio                                   - Undefined Weak Reference
    _mutex_acquire                            - Undefined Weak Reference
    _mutex_release                            - Undefined Weak Reference
    _printf_post_padding                      - Undefined Weak Reference
    _printf_pre_padding                       - Undefined Weak Reference
    _printf_truncate_signed                   - Undefined Weak Reference
    _printf_truncate_unsigned                 - Undefined Weak Reference
    _rand_init                                - Undefined Weak Reference
    _signal_finish                            - Undefined Weak Reference
    _signal_init                              - Undefined Weak Reference
    _terminate_alloc                          - Undefined Weak Reference
    _terminate_user_alloc                     - Undefined Weak Reference
    _terminateio                              - Undefined Weak Reference
    __Vectors_Size                           0x00000298   Number         0  startup_stm32h743xx.o ABSOLUTE
    __Vectors                                0x08000000   Data           4  startup_stm32h743xx.o(RESET)
    __Vectors_End                            0x08000298   Data           0  startup_stm32h743xx.o(RESET)
    __main                                   0x08000299   Thumb Code     8  __main.o(!!!main)
    __scatterload                            0x080002a1   Thumb Code     0  __scatter.o(!!!scatter)
    __scatterload_rt2                        0x080002a1   Thumb Code    44  __scatter.o(!!!scatter)
    __scatterload_rt2_thumb_only             0x080002a1   Thumb Code     0  __scatter.o(!!!scatter)
    __scatterload_null                       0x080002af   Thumb Code     0  __scatter.o(!!!scatter)
    __decompress                             0x080002d5   Thumb Code    90  __dczerorl2.o(!!dczerorl2)
    __decompress1                            0x080002d5   Thumb Code     0  __dczerorl2.o(!!dczerorl2)
    __scatterload_zeroinit                   0x08000331   Thumb Code    28  __scatter_zi.o(!!handler_zi)
    _printf_d                                0x0800034d   Thumb Code     0  _printf_d.o(.ARM.Collect$$_printf_percent$$00000009)
    _printf_percent                          0x0800034d   Thumb Code     0  _printf_percent.o(.ARM.Collect$$_printf_percent$$00000000)
    _printf_percent_end                      0x08000353   Thumb Code     0  _printf_percent_end.o(.ARM.Collect$$_printf_percent$$00000017)
    __rt_lib_init                            0x08000357   Thumb Code     0  libinit.o(.ARM.Collect$$libinit$$00000000)
    __rt_lib_init_fp_1                       0x08000359   Thumb Code     0  libinit2.o(.ARM.Collect$$libinit$$00000001)
    __rt_lib_init_alloca_1                   0x0800035d   Thumb Code     0  libinit2.o(.ARM.Collect$$libinit$$0000002E)
    __rt_lib_init_argv_1                     0x0800035d   Thumb Code     0  libinit2.o(.ARM.Collect$$libinit$$0000002C)
    __rt_lib_init_atexit_1                   0x0800035d   Thumb Code     0  libinit2.o(.ARM.Collect$$libinit$$0000001B)
    __rt_lib_init_clock_1                    0x0800035d   Thumb Code     0  libinit2.o(.ARM.Collect$$libinit$$00000021)
    __rt_lib_init_cpp_1                      0x0800035d   Thumb Code     0  libinit2.o(.ARM.Collect$$libinit$$00000032)
    __rt_lib_init_exceptions_1               0x0800035d   Thumb Code     0  libinit2.o(.ARM.Collect$$libinit$$00000030)
    __rt_lib_init_fp_trap_1                  0x0800035d   Thumb Code     0  libinit2.o(.ARM.Collect$$libinit$$0000001F)
    __rt_lib_init_getenv_1                   0x0800035d   Thumb Code     0  libinit2.o(.ARM.Collect$$libinit$$00000023)
    __rt_lib_init_heap_1                     0x0800035d   Thumb Code     0  libinit2.o(.ARM.Collect$$libinit$$0000000A)
    __rt_lib_init_lc_collate_1               0x0800035d   Thumb Code     0  libinit2.o(.ARM.Collect$$libinit$$00000011)
    __rt_lib_init_lc_ctype_1                 0x0800035d   Thumb Code     0  libinit2.o(.ARM.Collect$$libinit$$00000013)
    __rt_lib_init_lc_monetary_1              0x0800035d   Thumb Code     0  libinit2.o(.ARM.Collect$$libinit$$00000015)
    __rt_lib_init_lc_numeric_1               0x0800035d   Thumb Code     0  libinit2.o(.ARM.Collect$$libinit$$00000017)
    __rt_lib_init_lc_time_1                  0x0800035d   Thumb Code     0  libinit2.o(.ARM.Collect$$libinit$$00000019)
    __rt_lib_init_preinit_1                  0x0800035d   Thumb Code     0  libinit2.o(.ARM.Collect$$libinit$$00000004)
    __rt_lib_init_rand_1                     0x0800035d   Thumb Code     0  libinit2.o(.ARM.Collect$$libinit$$0000000E)
    __rt_lib_init_return                     0x0800035d   Thumb Code     0  libinit2.o(.ARM.Collect$$libinit$$00000033)
    __rt_lib_init_signal_1                   0x0800035d   Thumb Code     0  libinit2.o(.ARM.Collect$$libinit$$0000001D)
    __rt_lib_init_stdio_1                    0x0800035d   Thumb Code     0  libinit2.o(.ARM.Collect$$libinit$$00000025)
    __rt_lib_init_user_alloc_1               0x0800035d   Thumb Code     0  libinit2.o(.ARM.Collect$$libinit$$0000000C)
    __rt_lib_shutdown                        0x0800035f   Thumb Code     0  libshutdown.o(.ARM.Collect$$libshutdown$$00000000)
    __rt_lib_shutdown_cpp_1                  0x08000361   Thumb Code     0  libshutdown2.o(.ARM.Collect$$libshutdown$$00000004)
    __rt_lib_shutdown_fini_1                 0x08000361   Thumb Code     0  libshutdown2.o(.ARM.Collect$$libshutdown$$00000002)
    __rt_lib_shutdown_fp_trap_1              0x08000361   Thumb Code     0  libshutdown2.o(.ARM.Collect$$libshutdown$$00000009)
    __rt_lib_shutdown_heap_1                 0x08000361   Thumb Code     0  libshutdown2.o(.ARM.Collect$$libshutdown$$00000011)
    __rt_lib_shutdown_return                 0x08000361   Thumb Code     0  libshutdown2.o(.ARM.Collect$$libshutdown$$00000012)
    __rt_lib_shutdown_signal_1               0x08000361   Thumb Code     0  libshutdown2.o(.ARM.Collect$$libshutdown$$0000000C)
    __rt_lib_shutdown_stdio_1                0x08000361   Thumb Code     0  libshutdown2.o(.ARM.Collect$$libshutdown$$00000006)
    __rt_lib_shutdown_user_alloc_1           0x08000361   Thumb Code     0  libshutdown2.o(.ARM.Collect$$libshutdown$$0000000E)
    __rt_entry                               0x08000363   Thumb Code     0  __rtentry.o(.ARM.Collect$$rtentry$$00000000)
    __rt_entry_presh_1                       0x08000363   Thumb Code     0  __rtentry2.o(.ARM.Collect$$rtentry$$00000002)
    __rt_entry_sh                            0x08000363   Thumb Code     0  __rtentry4.o(.ARM.Collect$$rtentry$$00000004)
    __rt_entry_li                            0x08000369   Thumb Code     0  __rtentry2.o(.ARM.Collect$$rtentry$$0000000A)
    __rt_entry_postsh_1                      0x08000369   Thumb Code     0  __rtentry2.o(.ARM.Collect$$rtentry$$00000009)
    __rt_entry_main                          0x0800036d   Thumb Code     0  __rtentry2.o(.ARM.Collect$$rtentry$$0000000D)
    __rt_entry_postli_1                      0x0800036d   Thumb Code     0  __rtentry2.o(.ARM.Collect$$rtentry$$0000000C)
    __rt_exit                                0x08000375   Thumb Code     0  rtexit.o(.ARM.Collect$$rtexit$$00000000)
    __rt_exit_ls                             0x08000377   Thumb Code     0  rtexit2.o(.ARM.Collect$$rtexit$$00000003)
    __rt_exit_prels_1                        0x08000377   Thumb Code     0  rtexit2.o(.ARM.Collect$$rtexit$$00000002)
    __rt_exit_exit                           0x0800037b   Thumb Code     0  rtexit2.o(.ARM.Collect$$rtexit$$00000004)
    SVC_Handler                              0x08000381   Thumb Code    28  port.o(.emb_text)
    __asm___6_port_c_39a90d8d__prvStartFirstTask 0x080003a1   Thumb Code    36  port.o(.emb_text)
    __asm___6_port_c_39a90d8d__prvEnableVFP  0x080003c9   Thumb Code    16  port.o(.emb_text)
    PendSV_Handler                           0x080003dd   Thumb Code    88  port.o(.emb_text)
    vPortGetIPSR                             0x08000439   Thumb Code     6  port.o(.emb_text)
    Reset_Handler                            0x08000441   Thumb Code     8  startup_stm32h743xx.o(.text)
    ADC3_IRQHandler                          0x0800045b   Thumb Code     0  startup_stm32h743xx.o(.text)
    ADC_IRQHandler                           0x0800045b   Thumb Code     0  startup_stm32h743xx.o(.text)
    BDMA_Channel0_IRQHandler                 0x0800045b   Thumb Code     0  startup_stm32h743xx.o(.text)
    BDMA_Channel1_IRQHandler                 0x0800045b   Thumb Code     0  startup_stm32h743xx.o(.text)
    BDMA_Channel2_IRQHandler                 0x0800045b   Thumb Code     0  startup_stm32h743xx.o(.text)
    BDMA_Channel3_IRQHandler                 0x0800045b   Thumb Code     0  startup_stm32h743xx.o(.text)
    BDMA_Channel4_IRQHandler                 0x0800045b   Thumb Code     0  startup_stm32h743xx.o(.text)
    BDMA_Channel5_IRQHandler                 0x0800045b   Thumb Code     0  startup_stm32h743xx.o(.text)
    BDMA_Channel6_IRQHandler                 0x0800045b   Thumb Code     0  startup_stm32h743xx.o(.text)
    BDMA_Channel7_IRQHandler                 0x0800045b   Thumb Code     0  startup_stm32h743xx.o(.text)
    CEC_IRQHandler                           0x0800045b   Thumb Code     0  startup_stm32h743xx.o(.text)
    COMP1_IRQHandler                         0x0800045b   Thumb Code     0  startup_stm32h743xx.o(.text)
    CRS_IRQHandler                           0x0800045b   Thumb Code     0  startup_stm32h743xx.o(.text)
    DCMI_IRQHandler                          0x0800045b   Thumb Code     0  startup_stm32h743xx.o(.text)
    DFSDM1_FLT0_IRQHandler                   0x0800045b   Thumb Code     0  startup_stm32h743xx.o(.text)
    DFSDM1_FLT1_IRQHandler                   0x0800045b   Thumb Code     0  startup_stm32h743xx.o(.text)
    DFSDM1_FLT2_IRQHandler                   0x0800045b   Thumb Code     0  startup_stm32h743xx.o(.text)
    DFSDM1_FLT3_IRQHandler                   0x0800045b   Thumb Code     0  startup_stm32h743xx.o(.text)
    DMA2D_IRQHandler                         0x0800045b   Thumb Code     0  startup_stm32h743xx.o(.text)
    DMA2_Stream2_IRQHandler                  0x0800045b   Thumb Code     0  startup_stm32h743xx.o(.text)
    DMA2_Stream3_IRQHandler                  0x0800045b   Thumb Code     0  startup_stm32h743xx.o(.text)
    DMA2_Stream4_IRQHandler                  0x0800045b   Thumb Code     0  startup_stm32h743xx.o(.text)
    DMA2_Stream5_IRQHandler                  0x0800045b   Thumb Code     0  startup_stm32h743xx.o(.text)
    DMA2_Stream6_IRQHandler                  0x0800045b   Thumb Code     0  startup_stm32h743xx.o(.text)
    DMA2_Stream7_IRQHandler                  0x0800045b   Thumb Code     0  startup_stm32h743xx.o(.text)
    DMAMUX1_OVR_IRQHandler                   0x0800045b   Thumb Code     0  startup_stm32h743xx.o(.text)
    DMAMUX2_OVR_IRQHandler                   0x0800045b   Thumb Code     0  startup_stm32h743xx.o(.text)
    ECC_IRQHandler                           0x0800045b   Thumb Code     0  startup_stm32h743xx.o(.text)
    ETH_IRQHandler                           0x0800045b   Thumb Code     0  startup_stm32h743xx.o(.text)
    ETH_WKUP_IRQHandler                      0x0800045b   Thumb Code     0  startup_stm32h743xx.o(.text)
    EXTI0_IRQHandler                         0x0800045b   Thumb Code     0  startup_stm32h743xx.o(.text)
    EXTI15_10_IRQHandler                     0x0800045b   Thumb Code     0  startup_stm32h743xx.o(.text)
    EXTI1_IRQHandler                         0x0800045b   Thumb Code     0  startup_stm32h743xx.o(.text)
    EXTI2_IRQHandler                         0x0800045b   Thumb Code     0  startup_stm32h743xx.o(.text)
    EXTI3_IRQHandler                         0x0800045b   Thumb Code     0  startup_stm32h743xx.o(.text)
    EXTI4_IRQHandler                         0x0800045b   Thumb Code     0  startup_stm32h743xx.o(.text)
    EXTI9_5_IRQHandler                       0x0800045b   Thumb Code     0  startup_stm32h743xx.o(.text)
    FDCAN1_IT0_IRQHandler                    0x0800045b   Thumb Code     0  startup_stm32h743xx.o(.text)
    FDCAN1_IT1_IRQHandler                    0x0800045b   Thumb Code     0  startup_stm32h743xx.o(.text)
    FDCAN2_IT0_IRQHandler                    0x0800045b   Thumb Code     0  startup_stm32h743xx.o(.text)
    FDCAN2_IT1_IRQHandler                    0x0800045b   Thumb Code     0  startup_stm32h743xx.o(.text)
    FDCAN_CAL_IRQHandler                     0x0800045b   Thumb Code     0  startup_stm32h743xx.o(.text)
    FLASH_IRQHandler                         0x0800045b   Thumb Code     0  startup_stm32h743xx.o(.text)
    FMC_IRQHandler                           0x0800045b   Thumb Code     0  startup_stm32h743xx.o(.text)
    FPU_IRQHandler                           0x0800045b   Thumb Code     0  startup_stm32h743xx.o(.text)
    HRTIM1_FLT_IRQHandler                    0x0800045b   Thumb Code     0  startup_stm32h743xx.o(.text)
    HRTIM1_Master_IRQHandler                 0x0800045b   Thumb Code     0  startup_stm32h743xx.o(.text)
    HRTIM1_TIMA_IRQHandler                   0x0800045b   Thumb Code     0  startup_stm32h743xx.o(.text)
    HRTIM1_TIMB_IRQHandler                   0x0800045b   Thumb Code     0  startup_stm32h743xx.o(.text)
    HRTIM1_TIMC_IRQHandler                   0x0800045b   Thumb Code     0  startup_stm32h743xx.o(.text)
    HRTIM1_TIMD_IRQHandler                   0x0800045b   Thumb Code     0  startup_stm32h743xx.o(.text)
    HRTIM1_TIME_IRQHandler                   0x0800045b   Thumb Code     0  startup_stm32h743xx.o(.text)
    HSEM1_IRQHandler                         0x0800045b   Thumb Code     0  startup_stm32h743xx.o(.text)
    I2C1_ER_IRQHandler                       0x0800045b   Thumb Code     0  startup_stm32h743xx.o(.text)
    I2C1_EV_IRQHandler                       0x0800045b   Thumb Code     0  startup_stm32h743xx.o(.text)
    I2C2_ER_IRQHandler                       0x0800045b   Thumb Code     0  startup_stm32h743xx.o(.text)
    I2C2_EV_IRQHandler                       0x0800045b   Thumb Code     0  startup_stm32h743xx.o(.text)
    I2C3_ER_IRQHandler                       0x0800045b   Thumb Code     0  startup_stm32h743xx.o(.text)
    I2C3_EV_IRQHandler                       0x0800045b   Thumb Code     0  startup_stm32h743xx.o(.text)
    I2C4_ER_IRQHandler                       0x0800045b   Thumb Code     0  startup_stm32h743xx.o(.text)
    I2C4_EV_IRQHandler                       0x0800045b   Thumb Code     0  startup_stm32h743xx.o(.text)
    JPEG_IRQHandler                          0x0800045b   Thumb Code     0  startup_stm32h743xx.o(.text)
    LPTIM1_IRQHandler                        0x0800045b   Thumb Code     0  startup_stm32h743xx.o(.text)
    LPTIM2_IRQHandler                        0x0800045b   Thumb Code     0  startup_stm32h743xx.o(.text)
    LPTIM3_IRQHandler                        0x0800045b   Thumb Code     0  startup_stm32h743xx.o(.text)
    LPTIM4_IRQHandler                        0x0800045b   Thumb Code     0  startup_stm32h743xx.o(.text)
    LPTIM5_IRQHandler                        0x0800045b   Thumb Code     0  startup_stm32h743xx.o(.text)
    LPUART1_IRQHandler                       0x0800045b   Thumb Code     0  startup_stm32h743xx.o(.text)
    LTDC_ER_IRQHandler                       0x0800045b   Thumb Code     0  startup_stm32h743xx.o(.text)
    LTDC_IRQHandler                          0x0800045b   Thumb Code     0  startup_stm32h743xx.o(.text)
    MDIOS_IRQHandler                         0x0800045b   Thumb Code     0  startup_stm32h743xx.o(.text)
    MDIOS_WKUP_IRQHandler                    0x0800045b   Thumb Code     0  startup_stm32h743xx.o(.text)
    MDMA_IRQHandler                          0x0800045b   Thumb Code     0  startup_stm32h743xx.o(.text)
    OTG_FS_EP1_IN_IRQHandler                 0x0800045b   Thumb Code     0  startup_stm32h743xx.o(.text)
    OTG_FS_EP1_OUT_IRQHandler                0x0800045b   Thumb Code     0  startup_stm32h743xx.o(.text)
    OTG_FS_IRQHandler                        0x0800045b   Thumb Code     0  startup_stm32h743xx.o(.text)
    OTG_FS_WKUP_IRQHandler                   0x0800045b   Thumb Code     0  startup_stm32h743xx.o(.text)
    OTG_HS_EP1_IN_IRQHandler                 0x0800045b   Thumb Code     0  startup_stm32h743xx.o(.text)
    OTG_HS_EP1_OUT_IRQHandler                0x0800045b   Thumb Code     0  startup_stm32h743xx.o(.text)
    OTG_HS_IRQHandler                        0x0800045b   Thumb Code     0  startup_stm32h743xx.o(.text)
    OTG_HS_WKUP_IRQHandler                   0x0800045b   Thumb Code     0  startup_stm32h743xx.o(.text)
    PVD_AVD_IRQHandler                       0x0800045b   Thumb Code     0  startup_stm32h743xx.o(.text)
    QUADSPI_IRQHandler                       0x0800045b   Thumb Code     0  startup_stm32h743xx.o(.text)
    RCC_IRQHandler                           0x0800045b   Thumb Code     0  startup_stm32h743xx.o(.text)
    RNG_IRQHandler                           0x0800045b   Thumb Code     0  startup_stm32h743xx.o(.text)
    RTC_Alarm_IRQHandler                     0x0800045b   Thumb Code     0  startup_stm32h743xx.o(.text)
    RTC_WKUP_IRQHandler                      0x0800045b   Thumb Code     0  startup_stm32h743xx.o(.text)
    SAI1_IRQHandler                          0x0800045b   Thumb Code     0  startup_stm32h743xx.o(.text)
    SAI2_IRQHandler                          0x0800045b   Thumb Code     0  startup_stm32h743xx.o(.text)
    SAI3_IRQHandler                          0x0800045b   Thumb Code     0  startup_stm32h743xx.o(.text)
    SAI4_IRQHandler                          0x0800045b   Thumb Code     0  startup_stm32h743xx.o(.text)
    SDMMC1_IRQHandler                        0x0800045b   Thumb Code     0  startup_stm32h743xx.o(.text)
    SDMMC2_IRQHandler                        0x0800045b   Thumb Code     0  startup_stm32h743xx.o(.text)
    SPDIF_RX_IRQHandler                      0x0800045b   Thumb Code     0  startup_stm32h743xx.o(.text)
    SPI1_IRQHandler                          0x0800045b   Thumb Code     0  startup_stm32h743xx.o(.text)
    SPI2_IRQHandler                          0x0800045b   Thumb Code     0  startup_stm32h743xx.o(.text)
    SPI3_IRQHandler                          0x0800045b   Thumb Code     0  startup_stm32h743xx.o(.text)
    SPI4_IRQHandler                          0x0800045b   Thumb Code     0  startup_stm32h743xx.o(.text)
    SPI5_IRQHandler                          0x0800045b   Thumb Code     0  startup_stm32h743xx.o(.text)
    SPI6_IRQHandler                          0x0800045b   Thumb Code     0  startup_stm32h743xx.o(.text)
    SWPMI1_IRQHandler                        0x0800045b   Thumb Code     0  startup_stm32h743xx.o(.text)
    TAMP_STAMP_IRQHandler                    0x0800045b   Thumb Code     0  startup_stm32h743xx.o(.text)
    TIM15_IRQHandler                         0x0800045b   Thumb Code     0  startup_stm32h743xx.o(.text)
    TIM16_IRQHandler                         0x0800045b   Thumb Code     0  startup_stm32h743xx.o(.text)
    TIM1_BRK_IRQHandler                      0x0800045b   Thumb Code     0  startup_stm32h743xx.o(.text)
    TIM1_CC_IRQHandler                       0x0800045b   Thumb Code     0  startup_stm32h743xx.o(.text)
    TIM1_TRG_COM_IRQHandler                  0x0800045b   Thumb Code     0  startup_stm32h743xx.o(.text)
    TIM1_UP_IRQHandler                       0x0800045b   Thumb Code     0  startup_stm32h743xx.o(.text)
    TIM2_IRQHandler                          0x0800045b   Thumb Code     0  startup_stm32h743xx.o(.text)
    TIM3_IRQHandler                          0x0800045b   Thumb Code     0  startup_stm32h743xx.o(.text)
    TIM5_IRQHandler                          0x0800045b   Thumb Code     0  startup_stm32h743xx.o(.text)
    TIM7_IRQHandler                          0x0800045b   Thumb Code     0  startup_stm32h743xx.o(.text)
    TIM8_BRK_TIM12_IRQHandler                0x0800045b   Thumb Code     0  startup_stm32h743xx.o(.text)
    TIM8_CC_IRQHandler                       0x0800045b   Thumb Code     0  startup_stm32h743xx.o(.text)
    TIM8_TRG_COM_TIM14_IRQHandler            0x0800045b   Thumb Code     0  startup_stm32h743xx.o(.text)
    TIM8_UP_TIM13_IRQHandler                 0x0800045b   Thumb Code     0  startup_stm32h743xx.o(.text)
    UART7_IRQHandler                         0x0800045b   Thumb Code     0  startup_stm32h743xx.o(.text)
    UART8_IRQHandler                         0x0800045b   Thumb Code     0  startup_stm32h743xx.o(.text)
    USART6_IRQHandler                        0x0800045b   Thumb Code     0  startup_stm32h743xx.o(.text)
    WAKEUP_PIN_IRQHandler                    0x0800045b   Thumb Code     0  startup_stm32h743xx.o(.text)
    WWDG_IRQHandler                          0x0800045b   Thumb Code     0  startup_stm32h743xx.o(.text)
    __user_initial_stackheap                 0x0800045d   Thumb Code     0  startup_stm32h743xx.o(.text)
    __use_no_semihosting                     0x08000481   Thumb Code     2  use_no_semi_2.o(.text)
    __aeabi_uldivmod                         0x08000483   Thumb Code     0  lludivv7m.o(.text)
    _ll_udiv                                 0x08000483   Thumb Code   238  lludivv7m.o(.text)
    __2printf                                0x08000571   Thumb Code    20  noretval__2printf.o(.text)
    __printf                                 0x08000589   Thumb Code   104  __printf.o(.text)
    _printf_int_dec                          0x080005f1   Thumb Code   104  _printf_dec.o(.text)
    __aeabi_memcpy4                          0x08000669   Thumb Code     0  rt_memcpy_w.o(.text)
    __aeabi_memcpy8                          0x08000669   Thumb Code     0  rt_memcpy_w.o(.text)
    __rt_memcpy_w                            0x08000669   Thumb Code   100  rt_memcpy_w.o(.text)
    _memcpy_lastbytes_aligned                0x080006b1   Thumb Code     0  rt_memcpy_w.o(.text)
    __aeabi_memclr4                          0x080006cd   Thumb Code     0  rt_memclr_w.o(.text)
    __aeabi_memclr8                          0x080006cd   Thumb Code     0  rt_memclr_w.o(.text)
    __rt_memclr_w                            0x080006cd   Thumb Code    78  rt_memclr_w.o(.text)
    _memset_w                                0x080006d1   Thumb Code     0  rt_memclr_w.o(.text)
    __use_two_region_memory                  0x0800071b   Thumb Code     2  heapauxi.o(.text)
    __rt_heap_escrow$2region                 0x0800071d   Thumb Code     2  heapauxi.o(.text)
    __rt_heap_expand$2region                 0x0800071f   Thumb Code     2  heapauxi.o(.text)
    __I$use$semihosting                      0x08000721   Thumb Code     0  use_no_semi.o(.text)
    __use_no_semihosting_swi                 0x08000721   Thumb Code     2  use_no_semi.o(.text)
    _printf_int_common                       0x08000723   Thumb Code   178  _printf_intcommon.o(.text)
    _printf_char_file                        0x080007d5   Thumb Code    32  _printf_char_file.o(.text)
    _printf_char_common                      0x08000803   Thumb Code    32  _printf_char_common.o(.text)
    ferror                                   0x08000829   Thumb Code     8  ferror.o(.text)
    __user_libspace                          0x08000831   Thumb Code     8  libspace.o(.text)
    __user_perproc_libspace                  0x08000831   Thumb Code     0  libspace.o(.text)
    __user_perthread_libspace                0x08000831   Thumb Code     0  libspace.o(.text)
    __user_setup_stackheap                   0x08000839   Thumb Code    74  sys_stackheap_outer.o(.text)
    exit                                     0x08000883   Thumb Code    18  exit.o(.text)
    ActionRUN                                0x08000895   Thumb Code   526  user_tasks.o(i.ActionRUN)
    Action_Teachmode                         0x08000ac9   Thumb Code    94  action_library.o(i.Action_Teachmode)
    Action_init                              0x08000b9d   Thumb Code   100  action_library.o(i.Action_init)
    BusFault_Handler                         0x08000c4d   Thumb Code     4  stm32h7xx_it.o(i.BusFault_Handler)
    DMA1_Stream0_IRQHandler                  0x08000c51   Thumb Code    10  stm32h7xx_it.o(i.DMA1_Stream0_IRQHandler)
    DMA1_Stream1_IRQHandler                  0x08000c61   Thumb Code    10  stm32h7xx_it.o(i.DMA1_Stream1_IRQHandler)
    DMA1_Stream2_IRQHandler                  0x08000c71   Thumb Code    10  stm32h7xx_it.o(i.DMA1_Stream2_IRQHandler)
    DMA1_Stream3_IRQHandler                  0x08000c81   Thumb Code    10  stm32h7xx_it.o(i.DMA1_Stream3_IRQHandler)
    DMA1_Stream4_IRQHandler                  0x08000c91   Thumb Code    10  stm32h7xx_it.o(i.DMA1_Stream4_IRQHandler)
    DMA1_Stream5_IRQHandler                  0x08000ca1   Thumb Code    10  stm32h7xx_it.o(i.DMA1_Stream5_IRQHandler)
    DMA1_Stream6_IRQHandler                  0x08000cb1   Thumb Code    10  stm32h7xx_it.o(i.DMA1_Stream6_IRQHandler)
    DMA1_Stream7_IRQHandler                  0x08000cc1   Thumb Code    10  stm32h7xx_it.o(i.DMA1_Stream7_IRQHandler)
    DMA2_Stream0_IRQHandler                  0x08000cd1   Thumb Code    10  stm32h7xx_it.o(i.DMA2_Stream0_IRQHandler)
    DMA2_Stream1_IRQHandler                  0x08000ce1   Thumb Code    10  stm32h7xx_it.o(i.DMA2_Stream1_IRQHandler)
    DebugMon_Handler                         0x0800125d   Thumb Code     2  stm32h7xx_it.o(i.DebugMon_Handler)
    Error_Handler                            0x0800125f   Thumb Code     6  main.o(i.Error_Handler)
    FEETECH_LEGSYNCWRITE                     0x08001265   Thumb Code   390  user_servo.o(i.FEETECH_LEGSYNCWRITE)
    FEETECH_ReadServoPos                     0x080013f5   Thumb Code   158  user_servo.o(i.FEETECH_ReadServoPos)
    HAL_DMA_Abort                            0x080014a9   Thumb Code  1236  stm32h7xx_hal_dma.o(i.HAL_DMA_Abort)
    HAL_DMA_Abort_IT                         0x08001985   Thumb Code   906  stm32h7xx_hal_dma.o(i.HAL_DMA_Abort_IT)
    HAL_DMA_GetError                         0x08001d1d   Thumb Code     6  stm32h7xx_hal_dma.o(i.HAL_DMA_GetError)
    HAL_DMA_IRQHandler                       0x08001d25   Thumb Code  2798  stm32h7xx_hal_dma.o(i.HAL_DMA_IRQHandler)
    HAL_DMA_Init                             0x0800281d   Thumb Code  1304  stm32h7xx_hal_dma.o(i.HAL_DMA_Init)
    HAL_DMA_Start_IT                         0x08002d3d   Thumb Code   980  stm32h7xx_hal_dma.o(i.HAL_DMA_Start_IT)
    HAL_Delay                                0x0800311d   Thumb Code    36  stm32h7xx_hal.o(i.HAL_Delay)
    HAL_GPIO_Init                            0x08003145   Thumb Code   456  stm32h7xx_hal_gpio.o(i.HAL_GPIO_Init)
    HAL_GPIO_ReadPin                         0x08003341   Thumb Code    16  stm32h7xx_hal_gpio.o(i.HAL_GPIO_ReadPin)
    HAL_GPIO_WritePin                        0x08003351   Thumb Code    12  stm32h7xx_hal_gpio.o(i.HAL_GPIO_WritePin)
    HAL_GetREVID                             0x0800335d   Thumb Code     8  stm32h7xx_hal.o(i.HAL_GetREVID)
    HAL_GetTick                              0x08003369   Thumb Code     6  stm32h7xx_hal.o(i.HAL_GetTick)
    HAL_HalfDuplex_Init                      0x08003375   Thumb Code   124  stm32h7xx_hal_uart.o(i.HAL_HalfDuplex_Init)
    HAL_IncTick                              0x080033f1   Thumb Code    16  stm32h7xx_hal.o(i.HAL_IncTick)
    HAL_Init                                 0x08003409   Thumb Code    80  stm32h7xx_hal.o(i.HAL_Init)
    HAL_InitTick                             0x08003469   Thumb Code   128  stm32h7xx_hal_timebase_tim.o(i.HAL_InitTick)
    HAL_MspInit                              0x080034fd   Thumb Code    42  stm32h7xx_hal_msp.o(i.HAL_MspInit)
    HAL_NVIC_EnableIRQ                       0x0800352d   Thumb Code    40  stm32h7xx_hal_cortex.o(i.HAL_NVIC_EnableIRQ)
    HAL_NVIC_SetPriority                     0x08003555   Thumb Code   122  stm32h7xx_hal_cortex.o(i.HAL_NVIC_SetPriority)
    HAL_NVIC_SetPriorityGrouping             0x080035d1   Thumb Code    32  stm32h7xx_hal_cortex.o(i.HAL_NVIC_SetPriorityGrouping)
    HAL_PWREx_ConfigSupply                   0x080035f9   Thumb Code    90  stm32h7xx_hal_pwr_ex.o(i.HAL_PWREx_ConfigSupply)
    HAL_RCCEx_GetD3PCLK1Freq                 0x08003659   Thumb Code    26  stm32h7xx_hal_rcc_ex.o(i.HAL_RCCEx_GetD3PCLK1Freq)
    HAL_RCCEx_GetPLL2ClockFreq               0x0800367d   Thumb Code   536  stm32h7xx_hal_rcc_ex.o(i.HAL_RCCEx_GetPLL2ClockFreq)
    HAL_RCCEx_GetPLL3ClockFreq               0x080038ad   Thumb Code   536  stm32h7xx_hal_rcc_ex.o(i.HAL_RCCEx_GetPLL3ClockFreq)
    HAL_RCCEx_PeriphCLKConfig                0x08003add   Thumb Code  2910  stm32h7xx_hal_rcc_ex.o(i.HAL_RCCEx_PeriphCLKConfig)
    HAL_RCC_ClockConfig                      0x08004641   Thumb Code   774  stm32h7xx_hal_rcc.o(i.HAL_RCC_ClockConfig)
    HAL_RCC_GetClockConfig                   0x08004961   Thumb Code    98  stm32h7xx_hal_rcc.o(i.HAL_RCC_GetClockConfig)
    HAL_RCC_GetHCLKFreq                      0x080049cd   Thumb Code    60  stm32h7xx_hal_rcc.o(i.HAL_RCC_GetHCLKFreq)
    HAL_RCC_GetPCLK1Freq                     0x08004a19   Thumb Code    26  stm32h7xx_hal_rcc.o(i.HAL_RCC_GetPCLK1Freq)
    HAL_RCC_GetPCLK2Freq                     0x08004a3d   Thumb Code    26  stm32h7xx_hal_rcc.o(i.HAL_RCC_GetPCLK2Freq)
    HAL_RCC_GetSysClockFreq                  0x08004a61   Thumb Code   524  stm32h7xx_hal_rcc.o(i.HAL_RCC_GetSysClockFreq)
    HAL_RCC_OscConfig                        0x08004c8d   Thumb Code  2048  stm32h7xx_hal_rcc.o(i.HAL_RCC_OscConfig)
    HAL_TIMEx_Break2Callback                 0x0800548d   Thumb Code     2  stm32h7xx_hal_tim_ex.o(i.HAL_TIMEx_Break2Callback)
    HAL_TIMEx_BreakCallback                  0x0800548f   Thumb Code     2  stm32h7xx_hal_tim_ex.o(i.HAL_TIMEx_BreakCallback)
    HAL_TIMEx_CommutCallback                 0x08005491   Thumb Code     2  stm32h7xx_hal_tim_ex.o(i.HAL_TIMEx_CommutCallback)
    HAL_TIMEx_MasterConfigSynchronization    0x08005495   Thumb Code   174  stm32h7xx_hal_tim_ex.o(i.HAL_TIMEx_MasterConfigSynchronization)
    HAL_TIM_Base_Init                        0x08005561   Thumb Code   110  stm32h7xx_hal_tim.o(i.HAL_TIM_Base_Init)
    HAL_TIM_Base_MspInit                     0x080055d1   Thumb Code   112  tim.o(i.HAL_TIM_Base_MspInit)
    HAL_TIM_Base_Start_IT                    0x0800564d   Thumb Code   146  stm32h7xx_hal_tim.o(i.HAL_TIM_Base_Start_IT)
    HAL_TIM_ConfigClockSource                0x08005701   Thumb Code   304  stm32h7xx_hal_tim.o(i.HAL_TIM_ConfigClockSource)
    HAL_TIM_IC_CaptureCallback               0x08005835   Thumb Code     2  stm32h7xx_hal_tim.o(i.HAL_TIM_IC_CaptureCallback)
    HAL_TIM_IRQHandler                       0x08005837   Thumb Code   440  stm32h7xx_hal_tim.o(i.HAL_TIM_IRQHandler)
    HAL_TIM_OC_DelayElapsedCallback          0x080059ef   Thumb Code     2  stm32h7xx_hal_tim.o(i.HAL_TIM_OC_DelayElapsedCallback)
    HAL_TIM_PWM_PulseFinishedCallback        0x080059f1   Thumb Code     2  stm32h7xx_hal_tim.o(i.HAL_TIM_PWM_PulseFinishedCallback)
    HAL_TIM_PeriodElapsedCallback            0x080059f5   Thumb Code    18  main.o(i.HAL_TIM_PeriodElapsedCallback)
    HAL_TIM_TriggerCallback                  0x08005a0d   Thumb Code     2  stm32h7xx_hal_tim.o(i.HAL_TIM_TriggerCallback)
    HAL_UARTEx_DisableFifoMode               0x08005a0f   Thumb Code    78  stm32h7xx_hal_uart_ex.o(i.HAL_UARTEx_DisableFifoMode)
    HAL_UARTEx_RxEventCallback               0x08005a5d   Thumb Code     2  stm32h7xx_hal_uart.o(i.HAL_UARTEx_RxEventCallback)
    HAL_UARTEx_RxFifoFullCallback            0x08005a5f   Thumb Code     2  stm32h7xx_hal_uart_ex.o(i.HAL_UARTEx_RxFifoFullCallback)
    HAL_UARTEx_SetRxFifoThreshold            0x08005a61   Thumb Code    94  stm32h7xx_hal_uart_ex.o(i.HAL_UARTEx_SetRxFifoThreshold)
    HAL_UARTEx_SetTxFifoThreshold            0x08005abf   Thumb Code    94  stm32h7xx_hal_uart_ex.o(i.HAL_UARTEx_SetTxFifoThreshold)
    HAL_UARTEx_TxFifoEmptyCallback           0x08005b1d   Thumb Code     2  stm32h7xx_hal_uart_ex.o(i.HAL_UARTEx_TxFifoEmptyCallback)
    HAL_UARTEx_WakeupCallback                0x08005b1f   Thumb Code     2  stm32h7xx_hal_uart_ex.o(i.HAL_UARTEx_WakeupCallback)
    HAL_UART_DMAStop                         0x08005b21   Thumb Code   184  stm32h7xx_hal_uart.o(i.HAL_UART_DMAStop)
    HAL_UART_ErrorCallback                   0x08005bd9   Thumb Code     2  stm32h7xx_hal_uart.o(i.HAL_UART_ErrorCallback)
    HAL_UART_IRQHandler                      0x08005bdd   Thumb Code  1112  stm32h7xx_hal_uart.o(i.HAL_UART_IRQHandler)
    HAL_UART_Init                            0x08006035   Thumb Code   120  stm32h7xx_hal_uart.o(i.HAL_UART_Init)
    HAL_UART_MspInit                         0x080060ad   Thumb Code  1426  usart.o(i.HAL_UART_MspInit)
    HAL_UART_Receive_DMA                     0x0800665d   Thumb Code   110  stm32h7xx_hal_uart.o(i.HAL_UART_Receive_DMA)
    HAL_UART_RxCpltCallback                  0x080066d1   Thumb Code     2  stm32h7xx_hal_uart.o(i.HAL_UART_RxCpltCallback)
    HAL_UART_RxHalfCpltCallback              0x080066d3   Thumb Code     2  stm32h7xx_hal_uart.o(i.HAL_UART_RxHalfCpltCallback)
    HAL_UART_Transmit_DMA                    0x080066d5   Thumb Code   190  stm32h7xx_hal_uart.o(i.HAL_UART_Transmit_DMA)
    HAL_UART_TxCpltCallback                  0x080067a1   Thumb Code     2  stm32h7xx_hal_uart.o(i.HAL_UART_TxCpltCallback)
    HAL_UART_TxHalfCpltCallback              0x080067a3   Thumb Code     2  stm32h7xx_hal_uart.o(i.HAL_UART_TxHalfCpltCallback)
    HardFault_Handler                        0x080067a5   Thumb Code     4  stm32h7xx_it.o(i.HardFault_Handler)
    MX_DMA_Init                              0x080067a9   Thumb Code   218  dma.o(i.MX_DMA_Init)
    MX_FREERTOS_Init                         0x08006889   Thumb Code   102  freertos.o(i.MX_FREERTOS_Init)
    MX_GPIO_Init                             0x08006905   Thumb Code   180  gpio.o(i.MX_GPIO_Init)
    MX_TIM4_Init                             0x080069c1   Thumb Code   104  tim.o(i.MX_TIM4_Init)
    MX_TIM6_Init                             0x08006a31   Thumb Code    70  tim.o(i.MX_TIM6_Init)
    MX_UART4_Init                            0x08006a81   Thumb Code    98  usart.o(i.MX_UART4_Init)
    MX_UART5_Init                            0x08006aed   Thumb Code    96  usart.o(i.MX_UART5_Init)
    MX_USART1_UART_Init                      0x08006b59   Thumb Code    96  usart.o(i.MX_USART1_UART_Init)
    MX_USART2_UART_Init                      0x08006bc5   Thumb Code    96  usart.o(i.MX_USART2_UART_Init)
    MX_USART3_UART_Init                      0x08006c31   Thumb Code    96  usart.o(i.MX_USART3_UART_Init)
    MemManage_Handler                        0x08006c9d   Thumb Code     4  stm32h7xx_it.o(i.MemManage_Handler)
    NMI_Handler                              0x08006ca1   Thumb Code     4  stm32h7xx_it.o(i.NMI_Handler)
    StartDefaultTask                         0x08006f6d   Thumb Code    12  freertos.o(i.StartDefaultTask)
    StartTaskHigh                            0x08006f79   Thumb Code    14  user_tasks.o(i.StartTaskHigh)
    StartTaskLow                             0x08006f87   Thumb Code    10  user_tasks.o(i.StartTaskLow)
    StartTaskMid                             0x08006f91   Thumb Code    90  user_tasks.o(i.StartTaskMid)
    SysTick_Handler                          0x08007005   Thumb Code    46  port.o(i.SysTick_Handler)
    SystemClock_Config                       0x08007039   Thumb Code   296  main.o(i.SystemClock_Config)
    SystemInit                               0x0800716d   Thumb Code   212  system_stm32h7xx.o(i.SystemInit)
    TIM17_IRQHandler                         0x08007269   Thumb Code    10  stm32h7xx_it.o(i.TIM17_IRQHandler)
    TIM4_IRQHandler                          0x08007279   Thumb Code    14  stm32h7xx_it.o(i.TIM4_IRQHandler)
    TIM6_DAC_IRQHandler                      0x0800728d   Thumb Code    14  stm32h7xx_it.o(i.TIM6_DAC_IRQHandler)
    TIM_Base_SetConfig                       0x080072a1   Thumb Code   170  stm32h7xx_hal_tim.o(i.TIM_Base_SetConfig)
    TIM_ETR_SetConfig                        0x0800736d   Thumb Code    22  stm32h7xx_hal_tim.o(i.TIM_ETR_SetConfig)
    TeachmodeRUN                             0x080073ed   Thumb Code   104  user_tasks.o(i.TeachmodeRUN)
    UART4_IRQHandler                         0x08007479   Thumb Code    10  stm32h7xx_it.o(i.UART4_IRQHandler)
    UART5_IRQHandler                         0x08007489   Thumb Code    10  stm32h7xx_it.o(i.UART5_IRQHandler)
    UART_AdvFeatureConfig                    0x080074f1   Thumb Code   248  stm32h7xx_hal_uart.o(i.UART_AdvFeatureConfig)
    UART_CheckIdleState                      0x080075e9   Thumb Code   118  stm32h7xx_hal_uart.o(i.UART_CheckIdleState)
    UART_SetConfig                           0x080078e1   Thumb Code  1402  stm32h7xx_hal_uart.o(i.UART_SetConfig)
    UART_Start_Receive_DMA                   0x08007e6d   Thumb Code   200  stm32h7xx_hal_uart.o(i.UART_Start_Receive_DMA)
    UART_WaitOnFlagUntilTimeout              0x08007f41   Thumb Code   254  stm32h7xx_hal_uart.o(i.UART_WaitOnFlagUntilTimeout)
    USART1_IRQHandler                        0x08008041   Thumb Code    14  stm32h7xx_it.o(i.USART1_IRQHandler)
    USART2_IRQHandler                        0x08008055   Thumb Code    14  stm32h7xx_it.o(i.USART2_IRQHandler)
    USART3_IRQHandler                        0x08008069   Thumb Code    14  stm32h7xx_it.o(i.USART3_IRQHandler)
    UsageFault_Handler                       0x0800807d   Thumb Code     4  stm32h7xx_it.o(i.UsageFault_Handler)
    User_BezierCurve                         0x08008081   Thumb Code   154  user_servo.o(i.User_BezierCurve)
    User_Init                                0x0800811d   Thumb Code    30  user_tasks.o(i.User_Init)
    User_LegAllSetAngTime                    0x08008145   Thumb Code   252  user_servo.o(i.User_LegAllSetAngTime)
    User_ServoHead_IRQHandler                0x0800824d   Thumb Code   306  user_servo.o(i.User_ServoHead_IRQHandler)
    User_ServoInit                           0x0800838d   Thumb Code   252  user_servo.o(i.User_ServoInit)
    User_ServoLegLEFT_IRQHandler             0x080084cd   Thumb Code   306  user_servo.o(i.User_ServoLegLEFT_IRQHandler)
    User_ServoLegRIGHT_IRQHandler            0x0800860d   Thumb Code   306  user_servo.o(i.User_ServoLegRIGHT_IRQHandler)
    User_TeachTimerInit                      0x0800874d   Thumb Code    10  user_timer.o(i.User_TeachTimerInit)
    User_TimerInit                           0x0800875d   Thumb Code    10  user_timer.o(i.User_TimerInit)
    User_TimerServoIRQ                       0x0800876d   Thumb Code   162  user_timer.o(i.User_TimerServoIRQ)
    User_TimerTeachIRQ                       0x08008831   Thumb Code   218  user_timer.o(i.User_TimerTeachIRQ)
    User_UsartServoDataParas                 0x08008931   Thumb Code   226  user_servo.o(i.User_UsartServoDataParas)
    _sys_exit                                0x08008a51   Thumb Code     4  action_library.o(i._sys_exit)
    fputc                                    0x08008a55   Thumb Code    24  action_library.o(i.fputc)
    main                                     0x08008a71   Thumb Code   138  main.o(i.main)
    osDelay                                  0x08008b17   Thumb Code    24  cmsis_os.o(i.osDelay)
    osKernelStart                            0x08008b2f   Thumb Code    10  cmsis_os.o(i.osKernelStart)
    osThreadCreate                           0x08008b39   Thumb Code    94  cmsis_os.o(i.osThreadCreate)
    pvPortMalloc                             0x08009019   Thumb Code   306  heap_4.o(i.pvPortMalloc)
    pxPortInitialiseStack                    0x08009165   Thumb Code    38  port.o(i.pxPortInitialiseStack)
    robotRun                                 0x08009191   Thumb Code   344  user_tasks.o(i.robotRun)
    uxListRemove                             0x080092fd   Thumb Code    40  list.o(i.uxListRemove)
    vApplicationGetIdleTaskMemory            0x08009325   Thumb Code    14  freertos.o(i.vApplicationGetIdleTaskMemory)
    vListInitialise                          0x0800933d   Thumb Code    26  list.o(i.vListInitialise)
    vListInitialiseItem                      0x08009357   Thumb Code     6  list.o(i.vListInitialiseItem)
    vListInsert                              0x0800935d   Thumb Code    52  list.o(i.vListInsert)
    vListInsertEnd                           0x08009391   Thumb Code    24  list.o(i.vListInsertEnd)
    vPortEnterCritical                       0x080093a9   Thumb Code    76  port.o(i.vPortEnterCritical)
    vPortExitCritical                        0x080093fd   Thumb Code    56  port.o(i.vPortExitCritical)
    vPortFree                                0x08009439   Thumb Code   150  heap_4.o(i.vPortFree)
    vPortSetupTimerInterrupt                 0x080094dd   Thumb Code    36  port.o(i.vPortSetupTimerInterrupt)
    vTaskDelay                               0x08009505   Thumb Code    82  tasks.o(i.vTaskDelay)
    vTaskStartScheduler                      0x08009561   Thumb Code   146  tasks.o(i.vTaskStartScheduler)
    vTaskSuspendAll                          0x08009611   Thumb Code    12  tasks.o(i.vTaskSuspendAll)
    vTaskSwitchContext                       0x08009621   Thumb Code   118  tasks.o(i.vTaskSwitchContext)
    xPortStartScheduler                      0x080096ad   Thumb Code   330  port.o(i.xPortStartScheduler)
    xTaskCreate                              0x08009815   Thumb Code   100  tasks.o(i.xTaskCreate)
    xTaskCreateStatic                        0x08009879   Thumb Code   186  tasks.o(i.xTaskCreateStatic)
    xTaskIncrementTick                       0x08009935   Thumb Code   282  tasks.o(i.xTaskIncrementTick)
    xTaskResumeAll                           0x08009a7d   Thumb Code   224  tasks.o(i.xTaskResumeAll)
    _fp_init                                 0x08009b81   Thumb Code    10  fpinit.o(x$fpl$fpinit)
    __fplib_config_fpu_vfp                   0x08009b89   Thumb Code     0  fpinit.o(x$fpl$fpinit)
    __fplib_config_pureend_doubles           0x08009b89   Thumb Code     0  fpinit.o(x$fpl$fpinit)
    UARTPrescTable                           0x08009c04   Data          24  stm32h7xx_hal_uart.o(.constdata)
    D1CorePrescTable                         0x08009c2c   Data          16  system_stm32h7xx.o(.constdata)
    Region$$Table$$Base                      0x08009cb4   Number         0  anon$$obj.o(Region$$Table)
    Region$$Table$$Limit                     0x08009cd4   Number         0  anon$$obj.o(Region$$Table)
    POWERON                                  0x24000000   Data           1  main.o(.data)
    SHUTDOWN                                 0x24000001   Data           1  main.o(.data)
    cococo                                   0x24000004   Data           4  main.o(.data)
    defaultTaskHandle                        0x24000008   Data           4  freertos.o(.data)
    TaskLowHandle                            0x2400000c   Data           4  freertos.o(.data)
    TaskMidHandle                            0x24000010   Data           4  freertos.o(.data)
    TaskHighHandle                           0x24000014   Data           4  freertos.o(.data)
    uwTick                                   0x24000018   Data           4  stm32h7xx_hal.o(.data)
    uwTickPrio                               0x2400001c   Data           4  stm32h7xx_hal.o(.data)
    uwTickFreq                               0x24000020   Data           1  stm32h7xx_hal.o(.data)
    SystemCoreClock                          0x24000024   Data           4  system_stm32h7xx.o(.data)
    SystemD2Clock                            0x24000028   Data           4  system_stm32h7xx.o(.data)
    pxCurrentTCB                             0x2400002c   Data           4  tasks.o(.data)
    TIMER                                    0x24000094   Data           1  user_timer.o(.data)
    T_COUNTER                                0x24000098   Data           4  user_timer.o(.data)
    step_record                              0x2400009c   Data           4  user_timer.o(.data)
    last_step_record                         0x240000a0   Data           4  user_timer.o(.data)
    SERVO_COMM_BUSY                          0x240000aa   Data           1  user_servo.o(.data)
    ACT_TIME_DIV                             0x240000ac   Data           2  user_servo.o(.data)
    ACT_ERR                                  0x240000ae   Data           2  user_servo.o(.data)
    __stdout                                 0x240000b0   Data           4  action_library.o(.data)
    TEACHMODE                                0x240000b4   Data           4  action_library.o(.data)
    TEACH_OK                                 0x240000b8   Data           4  action_library.o(.data)
    TEACH_FINISH                             0x240000bc   Data           4  action_library.o(.data)
    Action_LieDown                           0x240000c0   Data        3272  action_library.o(.data)
    Action_Unit1                             0x24000d88   Data        3272  action_library.o(.data)
    Action_UnitTest                          0x24001a50   Data        3272  action_library.o(.data)
    Action_Hug                               0x24002718   Data        3272  action_library.o(.data)
    Action_1_Hug                             0x240033e0   Data        3272  action_library.o(.data)
    Action_BIGLIE                            0x240040a8   Data        3272  action_library.o(.data)
    Action_1_Standup                         0x24004d70   Data        3272  action_library.o(.data)
    Action_Standup                           0x24005a38   Data        3272  action_library.o(.data)
    Action_1_Sit2Prone                       0x24006700   Data        3272  action_library.o(.data)
    Action_Sit2Prone                         0x240073c8   Data        3272  action_library.o(.data)
    Action_Walk                              0x24008090   Data        3272  action_library.o(.data)
    Action_Test                              0x24008d58   Data        3272  action_library.o(.data)
    ActionNowFlag                            0x24009a20   Data           1  user_tasks.o(.data)
    ActionNow                                0x24009a21   Data           1  user_tasks.o(.data)
    speed                                    0x24009a22   Data           1  user_tasks.o(.data)
    step_counter                             0x24009a24   Data           4  user_tasks.o(.data)
    Servo_Reset_Flag                         0x24009a28   Data           1  user_tasks.o(.data)
    Init_OK                                  0x24009a29   Data           1  user_tasks.o(.data)
    actionStandup_getStartAngle              0x24009a2a   Data           1  user_tasks.o(.data)
    OPEN                                     0x24009a2b   Data           1  user_tasks.o(.data)
    htim4                                    0x24009c84   Data          76  tim.o(.bss)
    htim6                                    0x24009cd0   Data          76  tim.o(.bss)
    huart4                                   0x24009d1c   Data         144  usart.o(.bss)
    huart5                                   0x24009dac   Data         144  usart.o(.bss)
    huart1                                   0x24009e3c   Data         144  usart.o(.bss)
    huart2                                   0x24009ecc   Data         144  usart.o(.bss)
    huart3                                   0x24009f5c   Data         144  usart.o(.bss)
    hdma_uart4_rx                            0x24009fec   Data         120  usart.o(.bss)
    hdma_uart4_tx                            0x2400a064   Data         120  usart.o(.bss)
    hdma_uart5_rx                            0x2400a0dc   Data         120  usart.o(.bss)
    hdma_uart5_tx                            0x2400a154   Data         120  usart.o(.bss)
    hdma_usart1_rx                           0x2400a1cc   Data         120  usart.o(.bss)
    hdma_usart1_tx                           0x2400a244   Data         120  usart.o(.bss)
    hdma_usart2_rx                           0x2400a2bc   Data         120  usart.o(.bss)
    hdma_usart2_tx                           0x2400a334   Data         120  usart.o(.bss)
    hdma_usart3_rx                           0x2400a3ac   Data         120  usart.o(.bss)
    hdma_usart3_tx                           0x2400a424   Data         120  usart.o(.bss)
    htim17                                   0x2400a49c   Data          76  stm32h7xx_hal_timebase_tim.o(.bss)
    USART_LEG1                               0x2400e1d8   Data         152  user_servo.o(.bss)
    USART_LEG2                               0x2400e270   Data         152  user_servo.o(.bss)
    USART_LEG3                               0x2400e308   Data         152  user_servo.o(.bss)
    USART_LEG4                               0x2400e3a0   Data         152  user_servo.o(.bss)
    USART_RIGHT_LEG                          0x2400e438   Data         152  user_servo.o(.bss)
    USART_LEFT_LEG                           0x2400e4d0   Data         152  user_servo.o(.bss)
    USART_HEAD                               0x2400e568   Data         152  user_servo.o(.bss)
    SERVO                                    0x2400e600   Data         272  user_servo.o(.bss)
    goal_pos                                 0x2400e710   Data          30  user_servo.o(.bss)
    goal_speed                               0x2400e72e   Data          30  user_servo.o(.bss)
    goal_ms                                  0x2400e74c   Data          30  user_servo.o(.bss)
    Action_index                             0x2400e76c   Data         200  action_library.o(.bss)
    Action_Hello                             0x2400e834   Data        3272  action_library.o(.bss)
    Action_PronetoSit                        0x2400f4fc   Data        3272  action_library.o(.bss)
    Action_Lie2Standup                       0x240101c4   Data        3272  action_library.o(.bss)
    Action_Crawl                             0x24010e8c   Data        3272  action_library.o(.bss)
    Action_Crawlrepeat                       0x24011b54   Data        3272  action_library.o(.bss)
    Action_TEACH                             0x2401281c   Data        3272  action_library.o(.bss)
    Active_Micromove_1                       0x240134e4   Data        3272  action_library.o(.bss)
    Active_Micromove_2                       0x240141ac   Data        3272  action_library.o(.bss)
    Active_Micromove_3                       0x24014e74   Data        3272  action_library.o(.bss)
    Active_Micromove_4                       0x24015b3c   Data        3272  action_library.o(.bss)
    Active_Micromove_5                       0x24016804   Data        3272  action_library.o(.bss)
    Active_Micromove_6                       0x240174cc   Data        3272  action_library.o(.bss)
    Active_Micromove_7                       0x24018194   Data        3272  action_library.o(.bss)
    ang_goal                                 0x24018e5c   Data          30  user_tasks.o(.bss)
    ms_goal                                  0x24018e7a   Data          30  user_tasks.o(.bss)
    Action_done                              0x24018e98   Data          50  user_tasks.o(.bss)
    vis                                      0x24018eca   Data          15  user_tasks.o(.bss)
    LookPos                                  0x24018eda   Data          28  user_tasks.o(.bss)
    state                                    0x24018ef6   Data          25  user_tasks.o(.bss)
    __libspace_start                         0x24018f10   Data          96  libspace.o(.bss)
    __temporary_stack_top$libspace           0x24018f70   Data           0  libspace.o(.bss)



==============================================================================

Memory Map of the image

  Image Entry point : 0x08000299

  Load Region LR_IROM1 (Base: 0x08000000, Size: 0x00013704, Max: 0x00200000, ABSOLUTE, COMPRESSED[0x0000a138])

    Execution Region ER_IROM1 (Exec base: 0x08000000, Load base: 0x08000000, Size: 0x00009cd4, Max: 0x00200000, ABSOLUTE)

    Exec Addr    Load Addr    Size         Type   Attr      Idx    E Section Name        Object

    0x08000000   0x08000000   0x00000298   Data   RO            3    RESET               startup_stm32h743xx.o
    0x08000298   0x08000298   0x00000008   Code   RO         6808  * !!!main             c_w.l(__main.o)
    0x080002a0   0x080002a0   0x00000034   Code   RO         7115    !!!scatter          c_w.l(__scatter.o)
    0x080002d4   0x080002d4   0x0000005a   Code   RO         7113    !!dczerorl2         c_w.l(__dczerorl2.o)
    0x0800032e   0x0800032e   0x00000002   PAD
    0x08000330   0x08000330   0x0000001c   Code   RO         7117    !!handler_zi        c_w.l(__scatter_zi.o)
    0x0800034c   0x0800034c   0x00000000   Code   RO         6797    .ARM.Collect$$_printf_percent$$00000000  c_w.l(_printf_percent.o)
    0x0800034c   0x0800034c   0x00000006   Code   RO         6796    .ARM.Collect$$_printf_percent$$00000009  c_w.l(_printf_d.o)
    0x08000352   0x08000352   0x00000004   Code   RO         6885    .ARM.Collect$$_printf_percent$$00000017  c_w.l(_printf_percent_end.o)
    0x08000356   0x08000356   0x00000002   Code   RO         6988    .ARM.Collect$$libinit$$00000000  c_w.l(libinit.o)
    0x08000358   0x08000358   0x00000004   Code   RO         6997    .ARM.Collect$$libinit$$00000001  c_w.l(libinit2.o)
    0x0800035c   0x0800035c   0x00000000   Code   RO         7000    .ARM.Collect$$libinit$$00000004  c_w.l(libinit2.o)
    0x0800035c   0x0800035c   0x00000000   Code   RO         7003    .ARM.Collect$$libinit$$0000000A  c_w.l(libinit2.o)
    0x0800035c   0x0800035c   0x00000000   Code   RO         7005    .ARM.Collect$$libinit$$0000000C  c_w.l(libinit2.o)
    0x0800035c   0x0800035c   0x00000000   Code   RO         7007    .ARM.Collect$$libinit$$0000000E  c_w.l(libinit2.o)
    0x0800035c   0x0800035c   0x00000000   Code   RO         7010    .ARM.Collect$$libinit$$00000011  c_w.l(libinit2.o)
    0x0800035c   0x0800035c   0x00000000   Code   RO         7012    .ARM.Collect$$libinit$$00000013  c_w.l(libinit2.o)
    0x0800035c   0x0800035c   0x00000000   Code   RO         7014    .ARM.Collect$$libinit$$00000015  c_w.l(libinit2.o)
    0x0800035c   0x0800035c   0x00000000   Code   RO         7016    .ARM.Collect$$libinit$$00000017  c_w.l(libinit2.o)
    0x0800035c   0x0800035c   0x00000000   Code   RO         7018    .ARM.Collect$$libinit$$00000019  c_w.l(libinit2.o)
    0x0800035c   0x0800035c   0x00000000   Code   RO         7020    .ARM.Collect$$libinit$$0000001B  c_w.l(libinit2.o)
    0x0800035c   0x0800035c   0x00000000   Code   RO         7022    .ARM.Collect$$libinit$$0000001D  c_w.l(libinit2.o)
    0x0800035c   0x0800035c   0x00000000   Code   RO         7024    .ARM.Collect$$libinit$$0000001F  c_w.l(libinit2.o)
    0x0800035c   0x0800035c   0x00000000   Code   RO         7026    .ARM.Collect$$libinit$$00000021  c_w.l(libinit2.o)
    0x0800035c   0x0800035c   0x00000000   Code   RO         7028    .ARM.Collect$$libinit$$00000023  c_w.l(libinit2.o)
    0x0800035c   0x0800035c   0x00000000   Code   RO         7030    .ARM.Collect$$libinit$$00000025  c_w.l(libinit2.o)
    0x0800035c   0x0800035c   0x00000000   Code   RO         7034    .ARM.Collect$$libinit$$0000002C  c_w.l(libinit2.o)
    0x0800035c   0x0800035c   0x00000000   Code   RO         7036    .ARM.Collect$$libinit$$0000002E  c_w.l(libinit2.o)
    0x0800035c   0x0800035c   0x00000000   Code   RO         7038    .ARM.Collect$$libinit$$00000030  c_w.l(libinit2.o)
    0x0800035c   0x0800035c   0x00000000   Code   RO         7040    .ARM.Collect$$libinit$$00000032  c_w.l(libinit2.o)
    0x0800035c   0x0800035c   0x00000002   Code   RO         7041    .ARM.Collect$$libinit$$00000033  c_w.l(libinit2.o)
    0x0800035e   0x0800035e   0x00000002   Code   RO         7067    .ARM.Collect$$libshutdown$$00000000  c_w.l(libshutdown.o)
    0x08000360   0x08000360   0x00000000   Code   RO         7094    .ARM.Collect$$libshutdown$$00000002  c_w.l(libshutdown2.o)
    0x08000360   0x08000360   0x00000000   Code   RO         7096    .ARM.Collect$$libshutdown$$00000004  c_w.l(libshutdown2.o)
    0x08000360   0x08000360   0x00000000   Code   RO         7098    .ARM.Collect$$libshutdown$$00000006  c_w.l(libshutdown2.o)
    0x08000360   0x08000360   0x00000000   Code   RO         7101    .ARM.Collect$$libshutdown$$00000009  c_w.l(libshutdown2.o)
    0x08000360   0x08000360   0x00000000   Code   RO         7104    .ARM.Collect$$libshutdown$$0000000C  c_w.l(libshutdown2.o)
    0x08000360   0x08000360   0x00000000   Code   RO         7106    .ARM.Collect$$libshutdown$$0000000E  c_w.l(libshutdown2.o)
    0x08000360   0x08000360   0x00000000   Code   RO         7109    .ARM.Collect$$libshutdown$$00000011  c_w.l(libshutdown2.o)
    0x08000360   0x08000360   0x00000002   Code   RO         7110    .ARM.Collect$$libshutdown$$00000012  c_w.l(libshutdown2.o)
    0x08000362   0x08000362   0x00000000   Code   RO         6874    .ARM.Collect$$rtentry$$00000000  c_w.l(__rtentry.o)
    0x08000362   0x08000362   0x00000000   Code   RO         6941    .ARM.Collect$$rtentry$$00000002  c_w.l(__rtentry2.o)
    0x08000362   0x08000362   0x00000006   Code   RO         6953    .ARM.Collect$$rtentry$$00000004  c_w.l(__rtentry4.o)
    0x08000368   0x08000368   0x00000000   Code   RO         6943    .ARM.Collect$$rtentry$$00000009  c_w.l(__rtentry2.o)
    0x08000368   0x08000368   0x00000004   Code   RO         6944    .ARM.Collect$$rtentry$$0000000A  c_w.l(__rtentry2.o)
    0x0800036c   0x0800036c   0x00000000   Code   RO         6946    .ARM.Collect$$rtentry$$0000000C  c_w.l(__rtentry2.o)
    0x0800036c   0x0800036c   0x00000008   Code   RO         6947    .ARM.Collect$$rtentry$$0000000D  c_w.l(__rtentry2.o)
    0x08000374   0x08000374   0x00000002   Code   RO         6989    .ARM.Collect$$rtexit$$00000000  c_w.l(rtexit.o)
    0x08000376   0x08000376   0x00000000   Code   RO         7043    .ARM.Collect$$rtexit$$00000002  c_w.l(rtexit2.o)
    0x08000376   0x08000376   0x00000004   Code   RO         7044    .ARM.Collect$$rtexit$$00000003  c_w.l(rtexit2.o)
    0x0800037a   0x0800037a   0x00000006   Code   RO         7045    .ARM.Collect$$rtexit$$00000004  c_w.l(rtexit2.o)
    0x08000380   0x08000380   0x000000be   Code   RO         6034    .emb_text           port.o
    0x0800043e   0x0800043e   0x00000002   PAD
    0x08000440   0x08000440   0x00000040   Code   RO            4    .text               startup_stm32h743xx.o
    0x08000480   0x08000480   0x00000002   Code   RO         6764    .text               c_w.l(use_no_semi_2.o)
    0x08000482   0x08000482   0x000000ee   Code   RO         6766    .text               c_w.l(lludivv7m.o)
    0x08000570   0x08000570   0x00000018   Code   RO         6770    .text               c_w.l(noretval__2printf.o)
    0x08000588   0x08000588   0x00000068   Code   RO         6772    .text               c_w.l(__printf.o)
    0x080005f0   0x080005f0   0x00000078   Code   RO         6774    .text               c_w.l(_printf_dec.o)
    0x08000668   0x08000668   0x00000064   Code   RO         6800    .text               c_w.l(rt_memcpy_w.o)
    0x080006cc   0x080006cc   0x0000004e   Code   RO         6804    .text               c_w.l(rt_memclr_w.o)
    0x0800071a   0x0800071a   0x00000006   Code   RO         6806    .text               c_w.l(heapauxi.o)
    0x08000720   0x08000720   0x00000002   Code   RO         6872    .text               c_w.l(use_no_semi.o)
    0x08000722   0x08000722   0x000000b2   Code   RO         6881    .text               c_w.l(_printf_intcommon.o)
    0x080007d4   0x080007d4   0x00000024   Code   RO         6883    .text               c_w.l(_printf_char_file.o)
    0x080007f8   0x080007f8   0x00000030   Code   RO         6962    .text               c_w.l(_printf_char_common.o)
    0x08000828   0x08000828   0x00000008   Code   RO         6964    .text               c_w.l(ferror.o)
    0x08000830   0x08000830   0x00000008   Code   RO         6970    .text               c_w.l(libspace.o)
    0x08000838   0x08000838   0x0000004a   Code   RO         6973    .text               c_w.l(sys_stackheap_outer.o)
    0x08000882   0x08000882   0x00000012   Code   RO         6977    .text               c_w.l(exit.o)
    0x08000894   0x08000894   0x00000234   Code   RO         6630    i.ActionRUN         user_tasks.o
    0x08000ac8   0x08000ac8   0x000000d4   Code   RO         6372    i.Action_Teachmode  action_library.o
    0x08000b9c   0x08000b9c   0x000000b0   Code   RO         6374    i.Action_init       action_library.o
    0x08000c4c   0x08000c4c   0x00000004   Code   RO          501    i.BusFault_Handler  stm32h7xx_it.o
    0x08000c50   0x08000c50   0x00000010   Code   RO          502    i.DMA1_Stream0_IRQHandler  stm32h7xx_it.o
    0x08000c60   0x08000c60   0x00000010   Code   RO          503    i.DMA1_Stream1_IRQHandler  stm32h7xx_it.o
    0x08000c70   0x08000c70   0x00000010   Code   RO          504    i.DMA1_Stream2_IRQHandler  stm32h7xx_it.o
    0x08000c80   0x08000c80   0x00000010   Code   RO          505    i.DMA1_Stream3_IRQHandler  stm32h7xx_it.o
    0x08000c90   0x08000c90   0x00000010   Code   RO          506    i.DMA1_Stream4_IRQHandler  stm32h7xx_it.o
    0x08000ca0   0x08000ca0   0x00000010   Code   RO          507    i.DMA1_Stream5_IRQHandler  stm32h7xx_it.o
    0x08000cb0   0x08000cb0   0x00000010   Code   RO          508    i.DMA1_Stream6_IRQHandler  stm32h7xx_it.o
    0x08000cc0   0x08000cc0   0x00000010   Code   RO          509    i.DMA1_Stream7_IRQHandler  stm32h7xx_it.o
    0x08000cd0   0x08000cd0   0x00000010   Code   RO          510    i.DMA2_Stream0_IRQHandler  stm32h7xx_it.o
    0x08000ce0   0x08000ce0   0x00000010   Code   RO          511    i.DMA2_Stream1_IRQHandler  stm32h7xx_it.o
    0x08000cf0   0x08000cf0   0x000000ec   Code   RO         1592    i.DMA_CalcBaseAndBitshift  stm32h7xx_hal_dma.o
    0x08000ddc   0x08000ddc   0x000000c4   Code   RO         1593    i.DMA_CalcDMAMUXChannelBaseAndMask  stm32h7xx_hal_dma.o
    0x08000ea0   0x08000ea0   0x00000098   Code   RO         1594    i.DMA_CalcDMAMUXRequestGenBaseAndMask  stm32h7xx_hal_dma.o
    0x08000f38   0x08000f38   0x000000ae   Code   RO         1595    i.DMA_CheckFifoParam  stm32h7xx_hal_dma.o
    0x08000fe6   0x08000fe6   0x00000002   PAD
    0x08000fe8   0x08000fe8   0x00000274   Code   RO         1596    i.DMA_SetConfig     stm32h7xx_hal_dma.o
    0x0800125c   0x0800125c   0x00000002   Code   RO          512    i.DebugMon_Handler  stm32h7xx_it.o
    0x0800125e   0x0800125e   0x00000006   Code   RO           13    i.Error_Handler     main.o
    0x08001264   0x08001264   0x00000190   Code   RO         6199    i.FEETECH_LEGSYNCWRITE  user_servo.o
    0x080013f4   0x080013f4   0x000000b4   Code   RO         6200    i.FEETECH_ReadServoPos  user_servo.o
    0x080014a8   0x080014a8   0x000004dc   Code   RO         1597    i.HAL_DMA_Abort     stm32h7xx_hal_dma.o
    0x08001984   0x08001984   0x00000398   Code   RO         1598    i.HAL_DMA_Abort_IT  stm32h7xx_hal_dma.o
    0x08001d1c   0x08001d1c   0x00000006   Code   RO         1600    i.HAL_DMA_GetError  stm32h7xx_hal_dma.o
    0x08001d22   0x08001d22   0x00000002   PAD
    0x08001d24   0x08001d24   0x00000af8   Code   RO         1602    i.HAL_DMA_IRQHandler  stm32h7xx_hal_dma.o
    0x0800281c   0x0800281c   0x00000520   Code   RO         1603    i.HAL_DMA_Init      stm32h7xx_hal_dma.o
    0x08002d3c   0x08002d3c   0x000003e0   Code   RO         1607    i.HAL_DMA_Start_IT  stm32h7xx_hal_dma.o
    0x0800311c   0x0800311c   0x00000028   Code   RO         2306    i.HAL_Delay         stm32h7xx_hal.o
    0x08003144   0x08003144   0x000001fc   Code   RO         1445    i.HAL_GPIO_Init     stm32h7xx_hal_gpio.o
    0x08003340   0x08003340   0x00000010   Code   RO         1447    i.HAL_GPIO_ReadPin  stm32h7xx_hal_gpio.o
    0x08003350   0x08003350   0x0000000c   Code   RO         1449    i.HAL_GPIO_WritePin  stm32h7xx_hal_gpio.o
    0x0800335c   0x0800335c   0x0000000c   Code   RO         2317    i.HAL_GetREVID      stm32h7xx_hal.o
    0x08003368   0x08003368   0x0000000c   Code   RO         2318    i.HAL_GetTick       stm32h7xx_hal.o
    0x08003374   0x08003374   0x0000007c   Code   RO         4219    i.HAL_HalfDuplex_Init  stm32h7xx_hal_uart.o
    0x080033f0   0x080033f0   0x00000018   Code   RO         2324    i.HAL_IncTick       stm32h7xx_hal.o
    0x08003408   0x08003408   0x00000060   Code   RO         2325    i.HAL_Init          stm32h7xx_hal.o
    0x08003468   0x08003468   0x00000094   Code   RO          695    i.HAL_InitTick      stm32h7xx_hal_timebase_tim.o
    0x080034fc   0x080034fc   0x00000030   Code   RO          671    i.HAL_MspInit       stm32h7xx_hal_msp.o
    0x0800352c   0x0800352c   0x00000028   Code   RO          740    i.HAL_NVIC_EnableIRQ  stm32h7xx_hal_cortex.o
    0x08003554   0x08003554   0x0000007a   Code   RO          746    i.HAL_NVIC_SetPriority  stm32h7xx_hal_cortex.o
    0x080035ce   0x080035ce   0x00000002   PAD
    0x080035d0   0x080035d0   0x00000028   Code   RO          747    i.HAL_NVIC_SetPriorityGrouping  stm32h7xx_hal_cortex.o
    0x080035f8   0x080035f8   0x00000060   Code   RO         2046    i.HAL_PWREx_ConfigSupply  stm32h7xx_hal_pwr_ex.o
    0x08003658   0x08003658   0x00000024   Code   RO          996    i.HAL_RCCEx_GetD3PCLK1Freq  stm32h7xx_hal_rcc_ex.o
    0x0800367c   0x0800367c   0x00000230   Code   RO          998    i.HAL_RCCEx_GetPLL2ClockFreq  stm32h7xx_hal_rcc_ex.o
    0x080038ac   0x080038ac   0x00000230   Code   RO          999    i.HAL_RCCEx_GetPLL3ClockFreq  stm32h7xx_hal_rcc_ex.o
    0x08003adc   0x08003adc   0x00000b64   Code   RO         1005    i.HAL_RCCEx_PeriphCLKConfig  stm32h7xx_hal_rcc_ex.o
    0x08004640   0x08004640   0x00000320   Code   RO          881    i.HAL_RCC_ClockConfig  stm32h7xx_hal_rcc.o
    0x08004960   0x08004960   0x0000006c   Code   RO          885    i.HAL_RCC_GetClockConfig  stm32h7xx_hal_rcc.o
    0x080049cc   0x080049cc   0x0000004c   Code   RO          886    i.HAL_RCC_GetHCLKFreq  stm32h7xx_hal_rcc.o
    0x08004a18   0x08004a18   0x00000024   Code   RO          888    i.HAL_RCC_GetPCLK1Freq  stm32h7xx_hal_rcc.o
    0x08004a3c   0x08004a3c   0x00000024   Code   RO          889    i.HAL_RCC_GetPCLK2Freq  stm32h7xx_hal_rcc.o
    0x08004a60   0x08004a60   0x0000022c   Code   RO          890    i.HAL_RCC_GetSysClockFreq  stm32h7xx_hal_rcc.o
    0x08004c8c   0x08004c8c   0x00000800   Code   RO          893    i.HAL_RCC_OscConfig  stm32h7xx_hal_rcc.o
    0x0800548c   0x0800548c   0x00000002   Code   RO         3926    i.HAL_TIMEx_Break2Callback  stm32h7xx_hal_tim_ex.o
    0x0800548e   0x0800548e   0x00000002   Code   RO         3927    i.HAL_TIMEx_BreakCallback  stm32h7xx_hal_tim_ex.o
    0x08005490   0x08005490   0x00000002   Code   RO         3928    i.HAL_TIMEx_CommutCallback  stm32h7xx_hal_tim_ex.o
    0x08005492   0x08005492   0x00000002   PAD
    0x08005494   0x08005494   0x000000cc   Code   RO         3948    i.HAL_TIMEx_MasterConfigSynchronization  stm32h7xx_hal_tim_ex.o
    0x08005560   0x08005560   0x0000006e   Code   RO         3201    i.HAL_TIM_Base_Init  stm32h7xx_hal_tim.o
    0x080055ce   0x080055ce   0x00000002   PAD
    0x080055d0   0x080055d0   0x0000007c   Code   RO          388    i.HAL_TIM_Base_MspInit  tim.o
    0x0800564c   0x0800564c   0x000000b4   Code   RO         3206    i.HAL_TIM_Base_Start_IT  stm32h7xx_hal_tim.o
    0x08005700   0x08005700   0x00000134   Code   RO         3210    i.HAL_TIM_ConfigClockSource  stm32h7xx_hal_tim.o
    0x08005834   0x08005834   0x00000002   Code   RO         3235    i.HAL_TIM_IC_CaptureCallback  stm32h7xx_hal_tim.o
    0x08005836   0x08005836   0x000001b8   Code   RO         3249    i.HAL_TIM_IRQHandler  stm32h7xx_hal_tim.o
    0x080059ee   0x080059ee   0x00000002   Code   RO         3252    i.HAL_TIM_OC_DelayElapsedCallback  stm32h7xx_hal_tim.o
    0x080059f0   0x080059f0   0x00000002   Code   RO         3279    i.HAL_TIM_PWM_PulseFinishedCallback  stm32h7xx_hal_tim.o
    0x080059f2   0x080059f2   0x00000002   PAD
    0x080059f4   0x080059f4   0x00000018   Code   RO           14    i.HAL_TIM_PeriodElapsedCallback  main.o
    0x08005a0c   0x08005a0c   0x00000002   Code   RO         3292    i.HAL_TIM_TriggerCallback  stm32h7xx_hal_tim.o
    0x08005a0e   0x08005a0e   0x0000004e   Code   RO         4642    i.HAL_UARTEx_DisableFifoMode  stm32h7xx_hal_uart_ex.o
    0x08005a5c   0x08005a5c   0x00000002   Code   RO         4226    i.HAL_UARTEx_RxEventCallback  stm32h7xx_hal_uart.o
    0x08005a5e   0x08005a5e   0x00000002   Code   RO         4649    i.HAL_UARTEx_RxFifoFullCallback  stm32h7xx_hal_uart_ex.o
    0x08005a60   0x08005a60   0x0000005e   Code   RO         4650    i.HAL_UARTEx_SetRxFifoThreshold  stm32h7xx_hal_uart_ex.o
    0x08005abe   0x08005abe   0x0000005e   Code   RO         4651    i.HAL_UARTEx_SetTxFifoThreshold  stm32h7xx_hal_uart_ex.o
    0x08005b1c   0x08005b1c   0x00000002   Code   RO         4653    i.HAL_UARTEx_TxFifoEmptyCallback  stm32h7xx_hal_uart_ex.o
    0x08005b1e   0x08005b1e   0x00000002   Code   RO         4654    i.HAL_UARTEx_WakeupCallback  stm32h7xx_hal_uart_ex.o
    0x08005b20   0x08005b20   0x000000b8   Code   RO         4238    i.HAL_UART_DMAStop  stm32h7xx_hal_uart.o
    0x08005bd8   0x08005bd8   0x00000002   Code   RO         4242    i.HAL_UART_ErrorCallback  stm32h7xx_hal_uart.o
    0x08005bda   0x08005bda   0x00000002   PAD
    0x08005bdc   0x08005bdc   0x00000458   Code   RO         4245    i.HAL_UART_IRQHandler  stm32h7xx_hal_uart.o
    0x08006034   0x08006034   0x00000078   Code   RO         4246    i.HAL_UART_Init     stm32h7xx_hal_uart.o
    0x080060ac   0x080060ac   0x000005b0   Code   RO          436    i.HAL_UART_MspInit  usart.o
    0x0800665c   0x0800665c   0x00000074   Code   RO         4250    i.HAL_UART_Receive_DMA  stm32h7xx_hal_uart.o
    0x080066d0   0x080066d0   0x00000002   Code   RO         4253    i.HAL_UART_RxCpltCallback  stm32h7xx_hal_uart.o
    0x080066d2   0x080066d2   0x00000002   Code   RO         4254    i.HAL_UART_RxHalfCpltCallback  stm32h7xx_hal_uart.o
    0x080066d4   0x080066d4   0x000000cc   Code   RO         4256    i.HAL_UART_Transmit_DMA  stm32h7xx_hal_uart.o
    0x080067a0   0x080067a0   0x00000002   Code   RO         4258    i.HAL_UART_TxCpltCallback  stm32h7xx_hal_uart.o
    0x080067a2   0x080067a2   0x00000002   Code   RO         4259    i.HAL_UART_TxHalfCpltCallback  stm32h7xx_hal_uart.o
    0x080067a4   0x080067a4   0x00000004   Code   RO          513    i.HardFault_Handler  stm32h7xx_it.o
    0x080067a8   0x080067a8   0x000000e0   Code   RO          363    i.MX_DMA_Init       dma.o
    0x08006888   0x08006888   0x0000007c   Code   RO          292    i.MX_FREERTOS_Init  freertos.o
    0x08006904   0x08006904   0x000000bc   Code   RO          268    i.MX_GPIO_Init      gpio.o
    0x080069c0   0x080069c0   0x00000070   Code   RO          389    i.MX_TIM4_Init      tim.o
    0x08006a30   0x08006a30   0x00000050   Code   RO          390    i.MX_TIM6_Init      tim.o
    0x08006a80   0x08006a80   0x0000006c   Code   RO          437    i.MX_UART4_Init     usart.o
    0x08006aec   0x08006aec   0x0000006c   Code   RO          438    i.MX_UART5_Init     usart.o
    0x08006b58   0x08006b58   0x0000006c   Code   RO          439    i.MX_USART1_UART_Init  usart.o
    0x08006bc4   0x08006bc4   0x0000006c   Code   RO          440    i.MX_USART2_UART_Init  usart.o
    0x08006c30   0x08006c30   0x0000006c   Code   RO          441    i.MX_USART3_UART_Init  usart.o
    0x08006c9c   0x08006c9c   0x00000004   Code   RO          514    i.MemManage_Handler  stm32h7xx_it.o
    0x08006ca0   0x08006ca0   0x00000004   Code   RO          515    i.NMI_Handler       stm32h7xx_it.o
    0x08006ca4   0x08006ca4   0x00000164   Code   RO         1008    i.RCCEx_PLL2_Config  stm32h7xx_hal_rcc_ex.o
    0x08006e08   0x08006e08   0x00000164   Code   RO         1009    i.RCCEx_PLL3_Config  stm32h7xx_hal_rcc_ex.o
    0x08006f6c   0x08006f6c   0x0000000c   Code   RO          293    i.StartDefaultTask  freertos.o
    0x08006f78   0x08006f78   0x0000000e   Code   RO         6631    i.StartTaskHigh     user_tasks.o
    0x08006f86   0x08006f86   0x0000000a   Code   RO         6632    i.StartTaskLow      user_tasks.o
    0x08006f90   0x08006f90   0x00000074   Code   RO         6633    i.StartTaskMid      user_tasks.o
    0x08007004   0x08007004   0x00000034   Code   RO         6035    i.SysTick_Handler   port.o
    0x08007038   0x08007038   0x00000134   Code   RO           15    i.SystemClock_Config  main.o
    0x0800716c   0x0800716c   0x000000fc   Code   RO         4760    i.SystemInit        system_stm32h7xx.o
    0x08007268   0x08007268   0x00000010   Code   RO          516    i.TIM17_IRQHandler  stm32h7xx_it.o
    0x08007278   0x08007278   0x00000014   Code   RO          517    i.TIM4_IRQHandler   stm32h7xx_it.o
    0x0800728c   0x0800728c   0x00000014   Code   RO          518    i.TIM6_DAC_IRQHandler  stm32h7xx_it.o
    0x080072a0   0x080072a0   0x000000cc   Code   RO         3294    i.TIM_Base_SetConfig  stm32h7xx_hal_tim.o
    0x0800736c   0x0800736c   0x00000016   Code   RO         3305    i.TIM_ETR_SetConfig  stm32h7xx_hal_tim.o
    0x08007382   0x08007382   0x00000002   PAD
    0x08007384   0x08007384   0x00000018   Code   RO         3306    i.TIM_ITRx_SetConfig  stm32h7xx_hal_tim.o
    0x0800739c   0x0800739c   0x00000026   Code   RO         3314    i.TIM_TI1_ConfigInputStage  stm32h7xx_hal_tim.o
    0x080073c2   0x080073c2   0x00000028   Code   RO         3316    i.TIM_TI2_ConfigInputStage  stm32h7xx_hal_tim.o
    0x080073ea   0x080073ea   0x00000002   PAD
    0x080073ec   0x080073ec   0x0000008c   Code   RO         6634    i.TeachmodeRUN      user_tasks.o
    0x08007478   0x08007478   0x00000010   Code   RO          519    i.UART4_IRQHandler  stm32h7xx_it.o
    0x08007488   0x08007488   0x00000010   Code   RO          520    i.UART5_IRQHandler  stm32h7xx_it.o
    0x08007498   0x08007498   0x00000058   Code   RO         4655    i.UARTEx_SetNbDataToProcess  stm32h7xx_hal_uart_ex.o
    0x080074f0   0x080074f0   0x000000f8   Code   RO         4260    i.UART_AdvFeatureConfig  stm32h7xx_hal_uart.o
    0x080075e8   0x080075e8   0x00000076   Code   RO         4261    i.UART_CheckIdleState  stm32h7xx_hal_uart.o
    0x0800765e   0x0800765e   0x00000018   Code   RO         4262    i.UART_DMAAbortOnError  stm32h7xx_hal_uart.o
    0x08007676   0x08007676   0x0000005e   Code   RO         4263    i.UART_DMAError     stm32h7xx_hal_uart.o
    0x080076d4   0x080076d4   0x000000aa   Code   RO         4264    i.UART_DMAReceiveCplt  stm32h7xx_hal_uart.o
    0x0800777e   0x0800777e   0x00000022   Code   RO         4266    i.UART_DMARxHalfCplt  stm32h7xx_hal_uart.o
    0x080077a0   0x080077a0   0x00000054   Code   RO         4268    i.UART_DMATransmitCplt  stm32h7xx_hal_uart.o
    0x080077f4   0x080077f4   0x0000000e   Code   RO         4270    i.UART_DMATxHalfCplt  stm32h7xx_hal_uart.o
    0x08007802   0x08007802   0x00000002   PAD
    0x08007804   0x08007804   0x0000006c   Code   RO         4272    i.UART_EndRxTransfer  stm32h7xx_hal_uart.o
    0x08007870   0x08007870   0x00000030   Code   RO         4273    i.UART_EndTransmit_IT  stm32h7xx_hal_uart.o
    0x080078a0   0x080078a0   0x00000040   Code   RO         4274    i.UART_EndTxTransfer  stm32h7xx_hal_uart.o
    0x080078e0   0x080078e0   0x0000058c   Code   RO         4279    i.UART_SetConfig    stm32h7xx_hal_uart.o
    0x08007e6c   0x08007e6c   0x000000d4   Code   RO         4280    i.UART_Start_Receive_DMA  stm32h7xx_hal_uart.o
    0x08007f40   0x08007f40   0x000000fe   Code   RO         4286    i.UART_WaitOnFlagUntilTimeout  stm32h7xx_hal_uart.o
    0x0800803e   0x0800803e   0x00000002   PAD
    0x08008040   0x08008040   0x00000014   Code   RO          521    i.USART1_IRQHandler  stm32h7xx_it.o
    0x08008054   0x08008054   0x00000014   Code   RO          522    i.USART2_IRQHandler  stm32h7xx_it.o
    0x08008068   0x08008068   0x00000014   Code   RO          523    i.USART3_IRQHandler  stm32h7xx_it.o
    0x0800807c   0x0800807c   0x00000004   Code   RO          524    i.UsageFault_Handler  stm32h7xx_it.o
    0x08008080   0x08008080   0x0000009a   Code   RO         6203    i.User_BezierCurve  user_servo.o
    0x0800811a   0x0800811a   0x00000002   PAD
    0x0800811c   0x0800811c   0x00000028   Code   RO         6635    i.User_Init         user_tasks.o
    0x08008144   0x08008144   0x00000108   Code   RO         6206    i.User_LegAllSetAngTime  user_servo.o
    0x0800824c   0x0800824c   0x00000140   Code   RO         6208    i.User_ServoHead_IRQHandler  user_servo.o
    0x0800838c   0x0800838c   0x00000140   Code   RO         6209    i.User_ServoInit    user_servo.o
    0x080084cc   0x080084cc   0x00000140   Code   RO         6210    i.User_ServoLegLEFT_IRQHandler  user_servo.o
    0x0800860c   0x0800860c   0x00000140   Code   RO         6211    i.User_ServoLegRIGHT_IRQHandler  user_servo.o
    0x0800874c   0x0800874c   0x00000010   Code   RO         6114    i.User_TeachTimerInit  user_timer.o
    0x0800875c   0x0800875c   0x00000010   Code   RO         6115    i.User_TimerInit    user_timer.o
    0x0800876c   0x0800876c   0x000000c4   Code   RO         6116    i.User_TimerServoIRQ  user_timer.o
    0x08008830   0x08008830   0x00000100   Code   RO         6117    i.User_TimerTeachIRQ  user_timer.o
    0x08008930   0x08008930   0x000000e8   Code   RO         6216    i.User_UsartServoDataParas  user_servo.o
    0x08008a18   0x08008a18   0x00000010   Code   RO          753    i.__NVIC_GetPriorityGrouping  stm32h7xx_hal_cortex.o
    0x08008a28   0x08008a28   0x00000028   Code   RO          754    i.__NVIC_SetPriority  stm32h7xx_hal_cortex.o
    0x08008a50   0x08008a50   0x00000004   Code   RO         6375    i._sys_exit         action_library.o
    0x08008a54   0x08008a54   0x0000001c   Code   RO         6376    i.fputc             action_library.o
    0x08008a70   0x08008a70   0x00000098   Code   RO           16    i.main              main.o
    0x08008b08   0x08008b08   0x0000000e   Code   RO         5600    i.makeFreeRtosPriority  cmsis_os.o
    0x08008b16   0x08008b16   0x00000018   Code   RO         5602    i.osDelay           cmsis_os.o
    0x08008b2e   0x08008b2e   0x0000000a   Code   RO         5605    i.osKernelStart     cmsis_os.o
    0x08008b38   0x08008b38   0x0000005e   Code   RO         5639    i.osThreadCreate    cmsis_os.o
    0x08008b96   0x08008b96   0x00000002   PAD
    0x08008b98   0x08008b98   0x00000098   Code   RO         5271    i.prvAddCurrentTaskToDelayedList  tasks.o
    0x08008c30   0x08008c30   0x000000b4   Code   RO         5272    i.prvAddNewTaskToReadyList  tasks.o
    0x08008ce4   0x08008ce4   0x00000048   Code   RO         5273    i.prvCheckTasksWaitingTermination  tasks.o
    0x08008d2c   0x08008d2c   0x00000050   Code   RO         5274    i.prvDeleteTCB      tasks.o
    0x08008d7c   0x08008d7c   0x0000007c   Code   RO         5967    i.prvHeapInit       heap_4.o
    0x08008df8   0x08008df8   0x00000028   Code   RO         5275    i.prvIdleTask       tasks.o
    0x08008e20   0x08008e20   0x000000b4   Code   RO         5276    i.prvInitialiseNewTask  tasks.o
    0x08008ed4   0x08008ed4   0x00000068   Code   RO         5277    i.prvInitialiseTaskLists  tasks.o
    0x08008f3c   0x08008f3c   0x00000068   Code   RO         5968    i.prvInsertBlockIntoFreeList  heap_4.o
    0x08008fa4   0x08008fa4   0x00000034   Code   RO         5278    i.prvResetNextTaskUnblockTime  tasks.o
    0x08008fd8   0x08008fd8   0x00000040   Code   RO         6036    i.prvTaskExitError  port.o
    0x08009018   0x08009018   0x0000014c   Code   RO         5969    i.pvPortMalloc      heap_4.o
    0x08009164   0x08009164   0x0000002c   Code   RO         6037    i.pxPortInitialiseStack  port.o
    0x08009190   0x08009190   0x0000016c   Code   RO         6636    i.robotRun          user_tasks.o
    0x080092fc   0x080092fc   0x00000028   Code   RO         4897    i.uxListRemove      list.o
    0x08009324   0x08009324   0x00000018   Code   RO          297    i.vApplicationGetIdleTaskMemory  freertos.o
    0x0800933c   0x0800933c   0x0000001a   Code   RO         4898    i.vListInitialise   list.o
    0x08009356   0x08009356   0x00000006   Code   RO         4899    i.vListInitialiseItem  list.o
    0x0800935c   0x0800935c   0x00000034   Code   RO         4900    i.vListInsert       list.o
    0x08009390   0x08009390   0x00000018   Code   RO         4901    i.vListInsertEnd    list.o
    0x080093a8   0x080093a8   0x00000054   Code   RO         6039    i.vPortEnterCritical  port.o
    0x080093fc   0x080093fc   0x0000003c   Code   RO         6040    i.vPortExitCritical  port.o
    0x08009438   0x08009438   0x000000a4   Code   RO         5970    i.vPortFree         heap_4.o
    0x080094dc   0x080094dc   0x00000028   Code   RO         6041    i.vPortSetupTimerInterrupt  port.o
    0x08009504   0x08009504   0x0000005c   Code   RO         5287    i.vTaskDelay        tasks.o
    0x08009560   0x08009560   0x000000b0   Code   RO         5300    i.vTaskStartScheduler  tasks.o
    0x08009610   0x08009610   0x00000010   Code   RO         5302    i.vTaskSuspendAll   tasks.o
    0x08009620   0x08009620   0x0000008c   Code   RO         5303    i.vTaskSwitchContext  tasks.o
    0x080096ac   0x080096ac   0x00000168   Code   RO         6043    i.xPortStartScheduler  port.o
    0x08009814   0x08009814   0x00000064   Code   RO         5306    i.xTaskCreate       tasks.o
    0x08009878   0x08009878   0x000000ba   Code   RO         5307    i.xTaskCreateStatic  tasks.o
    0x08009932   0x08009932   0x00000002   PAD
    0x08009934   0x08009934   0x00000148   Code   RO         5314    i.xTaskIncrementTick  tasks.o
    0x08009a7c   0x08009a7c   0x00000104   Code   RO         5320    i.xTaskResumeAll    tasks.o
    0x08009b80   0x08009b80   0x0000000a   Code   RO         7055    x$fpl$fpinit        fz_wv.l(fpinit.o)
    0x08009b8a   0x08009b8a   0x00000002   PAD
    0x08009b8c   0x08009b8c   0x00000070   Data   RO          299    .constdata          freertos.o
    0x08009bfc   0x08009bfc   0x00000008   Data   RO         1609    .constdata          stm32h7xx_hal_dma.o
    0x08009c04   0x08009c04   0x00000018   Data   RO         4287    .constdata          stm32h7xx_hal_uart.o
    0x08009c1c   0x08009c1c   0x00000010   Data   RO         4657    .constdata          stm32h7xx_hal_uart_ex.o
    0x08009c2c   0x08009c2c   0x00000010   Data   RO         4761    .constdata          system_stm32h7xx.o
    0x08009c3c   0x08009c3c   0x00000028   Data   RO          300    .conststring        freertos.o
    0x08009c64   0x08009c64   0x00000050   Data   RO         6378    .conststring        action_library.o
    0x08009cb4   0x08009cb4   0x00000020   Data   RO         7111    Region$$Table       anon$$obj.o


    Execution Region RW_IRAM1 (Exec base: 0x20000000, Load base: 0x08009cd4, Size: 0x00000000, Max: 0x00020000, ABSOLUTE)

    **** No section assigned to this execution region ****


    Execution Region RW_IRAM2 (Exec base: 0x24000000, Load base: 0x08009cd4, Size: 0x00019570, Max: 0x00080000, ABSOLUTE, COMPRESSED[0x00000464])

    Exec Addr    Load Addr    Size         Type   Attr      Idx    E Section Name        Object

    0x24000000   COMPRESSED   0x00000008   Data   RW           18    .data               main.o
    0x24000008   COMPRESSED   0x00000010   Data   RW          301    .data               freertos.o
    0x24000018   COMPRESSED   0x00000009   Data   RW         2347    .data               stm32h7xx_hal.o
    0x24000021   COMPRESSED   0x00000003   PAD
    0x24000024   COMPRESSED   0x00000008   Data   RW         4762    .data               system_stm32h7xx.o
    0x2400002c   COMPRESSED   0x0000003c   Data   RW         5323    .data               tasks.o
    0x24000068   COMPRESSED   0x00000020   Data   RW         5976    .data               heap_4.o
    0x24000088   COMPRESSED   0x0000000c   Data   RW         6044    .data               port.o
    0x24000094   COMPRESSED   0x00000016   Data   RW         6118    .data               user_timer.o
    0x240000aa   COMPRESSED   0x00000006   Data   RW         6221    .data               user_servo.o
    0x240000b0   COMPRESSED   0x00009970   Data   RW         6379    .data               action_library.o
    0x24009a20   COMPRESSED   0x00000010   Data   RW         6638    .data               user_tasks.o
    0x24009a30        -       0x00000254   Zero   RW          298    .bss                freertos.o
    0x24009c84        -       0x00000098   Zero   RW          391    .bss                tim.o
    0x24009d1c        -       0x00000780   Zero   RW          442    .bss                usart.o
    0x2400a49c        -       0x0000004c   Zero   RW          698    .bss                stm32h7xx_hal_timebase_tim.o
    0x2400a4e8        -       0x000000f0   Zero   RW         5322    .bss                tasks.o
    0x2400a5d8        -       0x00003c00   Zero   RW         5975    .bss                heap_4.o
    0x2400e1d8        -       0x00000592   Zero   RW         6220    .bss                user_servo.o
    0x2400e76a   COMPRESSED   0x00000002   PAD
    0x2400e76c        -       0x0000a6f0   Zero   RW         6377    .bss                action_library.o
    0x24018e5c        -       0x000000b3   Zero   RW         6637    .bss                user_tasks.o
    0x24018f0f   COMPRESSED   0x00000001   PAD
    0x24018f10        -       0x00000060   Zero   RW         6971    .bss                c_w.l(libspace.o)
    0x24018f70        -       0x00000200   Zero   RW            2    HEAP                startup_stm32h743xx.o
    0x24019170        -       0x00000400   Zero   RW            1    STACK               startup_stm32h743xx.o


==============================================================================

Image component sizes


      Code (inc. data)   RO Data    RW Data    ZI Data      Debug   Object Name

       420        198         80      39280      42736       6426   action_library.o
       142          0          0          0          0      23119   cmsis_os.o
       224          6          0          0          0        990   dma.o
         0          0          0          0          0      16840   event_groups.o
       160         32        152         16        596       7377   freertos.o
       188          8          0          0          0       1091   gpio.o
       724         74          0         32      15360       7519   heap_4.o
       148          0          0          0          0       3682   list.o
       490         32          0          8          0    1301539   main.o
       894         78          0         12          0      11252   port.o
        64         26        664          0       1536        844   startup_stm32h743xx.o
       184         38          0          9          0      22725   stm32h7xx_hal.o
       258         22          0          0          0      39266   stm32h7xx_hal_cortex.o
      8668        168          8          0          0      13929   stm32h7xx_hal_dma.o
       536         52          0          0          0       2903   stm32h7xx_hal_gpio.o
        48          6          0          0          0        934   stm32h7xx_hal_msp.o
        96          6          0          0          0        773   stm32h7xx_hal_pwr_ex.o
      3660        118          0          0          0       7653   stm32h7xx_hal_rcc.o
      4784        110          0          0          0       7269   stm32h7xx_hal_rcc_ex.o
      1374         86          0          0          0       9823   stm32h7xx_hal_tim.o
       210         30          0          0          0       3224   stm32h7xx_hal_tim_ex.o
       148         20          0          0         76       1600   stm32h7xx_hal_timebase_tim.o
      4764        178         24          0          0      40691   stm32h7xx_hal_uart.o
       360         10         16          0          0       5550   stm32h7xx_hal_uart_ex.o
       330        108          0          0          0      11854   stm32h7xx_it.o
         0          0          0          0          0        384   stream_buffer.o
       252         40         16          8          0       1406   system_stm32h7xx.o
      2158        270          0         60        240      20529   tasks.o
       316         30          0          0        152       2431   tim.o
      1996        158          0          0       1920       5776   usart.o
      2510        174          0          6       1426       8606   user_servo.o
      1248        144          0         16        179       5634   user_tasks.o
       484         84          0         22          0       4656   user_timer.o

    ----------------------------------------------------------------------
     37868       2306        992      39472      64224    1598295   Object Totals
         0          0         32          0          0          0   (incl. Generated)
        30          0          0          3          3          0   (incl. Padding)

    ----------------------------------------------------------------------

      Code (inc. data)   RO Data    RW Data    ZI Data      Debug   Library Member Name

        90          0          0          0          0          0   __dczerorl2.o
         8          0          0          0          0         68   __main.o
       104          0          0          0          0         84   __printf.o
         0          0          0          0          0          0   __rtentry.o
        12          0          0          0          0          0   __rtentry2.o
         6          0          0          0          0          0   __rtentry4.o
        52          8          0          0          0          0   __scatter.o
        28          0          0          0          0          0   __scatter_zi.o
        48          6          0          0          0         96   _printf_char_common.o
        36          4          0          0          0         80   _printf_char_file.o
         6          0          0          0          0          0   _printf_d.o
       120         16          0          0          0         92   _printf_dec.o
       178          0          0          0          0         88   _printf_intcommon.o
         0          0          0          0          0          0   _printf_percent.o
         4          0          0          0          0          0   _printf_percent_end.o
        18          0          0          0          0         80   exit.o
         8          0          0          0          0         68   ferror.o
         6          0          0          0          0        152   heapauxi.o
         2          0          0          0          0          0   libinit.o
         6          0          0          0          0          0   libinit2.o
         2          0          0          0          0          0   libshutdown.o
         2          0          0          0          0          0   libshutdown2.o
         8          4          0          0         96         68   libspace.o
       238          0          0          0          0        100   lludivv7m.o
        24          4          0          0          0         84   noretval__2printf.o
        78          0          0          0          0         80   rt_memclr_w.o
       100          0          0          0          0         80   rt_memcpy_w.o
         2          0          0          0          0          0   rtexit.o
        10          0          0          0          0          0   rtexit2.o
        74          0          0          0          0         80   sys_stackheap_outer.o
         2          0          0          0          0         68   use_no_semi.o
         2          0          0          0          0         68   use_no_semi_2.o
        10          0          0          0          0        116   fpinit.o

    ----------------------------------------------------------------------
      1288         42          0          0         96       1552   Library Totals
         4          0          0          0          0          0   (incl. Padding)

    ----------------------------------------------------------------------

      Code (inc. data)   RO Data    RW Data    ZI Data      Debug   Library Name

      1274         42          0          0         96       1436   c_w.l
        10          0          0          0          0        116   fz_wv.l

    ----------------------------------------------------------------------
      1288         42          0          0         96       1552   Library Totals

    ----------------------------------------------------------------------

==============================================================================


      Code (inc. data)   RO Data    RW Data    ZI Data      Debug   

     39156       2348        992      39472      64320    1580671   Grand Totals
     39156       2348        992       1124      64320    1580671   ELF Image Totals (compressed)
     39156       2348        992       1124          0          0   ROM Totals

==============================================================================

    Total RO  Size (Code + RO Data)                40148 (  39.21kB)
    Total RW  Size (RW Data + ZI Data)            103792 ( 101.36kB)
    Total ROM Size (Code + RO Data + RW Data)      41272 (  40.30kB)

==============================================================================

